1st	1nd	and
2nd	2rd	ard
2nd	2st	st
3rd	3nd	and
3rd	3rt	art
3rd	3st	st
4th	4rd	ard
cache	aache	apache
ack	aack	back
ass	aas	was
abandon	abandone	abandoned
abandons	abandones	abandoned
abandonment	abandonne	abandonned
abandoned	abandonned	abandonned
abandon	abanond	abandoned
abasing	abasin	basin
aberration	abberation	liberation
aberrations	abberations	alterations
abort	abbort	abbot
aborts	abborts	abbots
abbreviation	abbreviato	abbreviate
absence	abcense	license
abdominal	abdominable	abominable
abducting	abductin	abduction
ambiguous	abigious	ambitious
abysmal	abizmal	animal
able	abl	abl
abnormally	abnormaly	abnormal
abomination	abonimation	animation
abort	abord	aboard
absorption	aborption	abortion
abortifacient	abortificant	(none)
aborting	abortin	abortion
about	abour	abour
abort	abourt	about
about	aboutthe	(none)
abseil	absail	assail
abased	absed	based
absence	absentse	absentee
absolute	absodefly	(none)
absolutely	absodeflyly	(none)
absolute	absolument	(none)
absolutes	absolutelys	absolutely
absolutely	absolutey	absolute
absolutely	absolutlye	absolute
absolutes	absoluts	absolute
absolve	absolvte	absolute
absorbs	absorbes	absorbed
absorb	absorve	absolve
absolute	absould	absurd
absolutely	absouldly	absurdly
absolute	absoult	about
absolute	absout	about
abstracts	abstracs	abstract
abstracting	abstractin	abstraction
abstraction	abstracto	abstract
abstracting	abstructing	obstructing
abstractions	abstructions	obstructions
absurdly	absurdy	absurd
abstracted	abtracted	attracted
abstracting	abtracting	attracting
abstraction	abtraction	attraction
abstractions	abtractions	attractions
abstractor	abtractor	attractor
abstracts	abtracts	attracts
absurd	abusrd	abused
abuts	abutts	butts
academies	acadamys	academy
academia	academica	academic
academics	academis	academic
academies	academys	academy
accessed	acccessd	access
accidentally	accdiently	accidently
accelerated	accelerade	accelerate
accelerator	accelerar	accelerate
accelerator	accelerater	accelerated
accelerating	acceleratin	acceleration
acceleration	accelerato	accelerate
accelerated	acceleread	(none)
ascend	accend	accent
ascends	accends	accents
accepts	acceps	access
accepts	acceptes	accepted
accessed	accesed	accused
accesses	acceses	access
accessing	accesing	accusing
accessibility	accessibily	accessibly
accessing	accessin	accession
accessory	accessoire	accessories
accessorize	accessoirez	accessories
accessories	accessoirs	accessors
accessor	accessort	accessory
accepts	accets	access
achieve	acchiev	archive
accidentally	accicently	accidently
accidentally	accidantely	accidently
accidentally	accidantly	accidently
accidentally	acciddently	accidently
accidentally	accidebtly	accidently
accidentally	accidenlty	accidently
accidents	accidens	accident
accidentally	accidentely	accidently
accidentally	accidentily	accidently
accidentally	accidentky	accidently
accidentally	accidentlay	accidently
accidentally	accidentley	accidently
accidentally	accidently	accidently
accidentally	accidenty	accident
accidentally	accideny	accident
accidentally	accidetly	accidently
accidentally	accidnetly	accidently
accident	accient	ancient
accommodate	accodomate	(none)
accommodated	accodomated	(none)
accommodates	accodomates	(none)
accommodating	accodomating	(none)
accommodation	accodomation	(none)
accommodations	accodomations	(none)
accommodating	accommodatin	accommodation
accommodativeness	accomodativeness	(none)
accomplishes	accomplises	accomplices
accomplishes	accomplishs	accomplish
according	accounding	accounting
accounts	accouns	account
accountants	accountas	accounts
access	accress	actress
accumulate	accumalte	accurate
accumulator	accumulater	accumulated
accumulators	accumulaters	accumulates
accumulation	accumulato	accumulate
accrue	accure	accuse
accrued	accured	accused
accurse	accurs	occurs
accusation	accusating	accusations
accusation	accusato	accurate
ascend	acend	amend
ascended	acended	amended
ascendancy	acendencey	(none)
ascendancy	acendency	tendency
accent	acent	agent
accepter	acepter	scepter
accepters	acepters	scepters
acreage	acerage	average
acreages	acerages	averages
factually	acftually	actually
achievable	achieval	achieved
achieves	achieveds	achieved
achieves	achievemts	achievements
achieves	achievents	achievements
achieves	achievs	achieve
aching	achin	chin
achieve	achive	active
achieves	achives	archives
anchor	achor	actor
anchors	achors	actors
acpi	aci	act
ancients	acients	accents
ascii	acii	acid
acknowledgement	acknowledget	acknowledged
awkward	ackward	backward
can	acn	an
accompany	acommpany	company
accompanies	acompanies	companies
accompany	acompany	company
a	acontiguous	contiguous
accordions	acordians	acadians
according	acorting	aborting
avocado	acovado	acevedo
avocados	acovados	calvados
aqueous	acqueos	jacques
aqueous	acqueus	jacques
acquiesce	acquiess	acquires
acquainted	acquinated	acquitted
acquitted	acquited	acquired
acronyms	acronysm	acronym
accrue	acrue	acre
actually	actaly	italy
activator	activater	activated
activators	activaters	activates
activating	activatin	activation
activating	activationg	activation
activated	actived	active
activate	activeta	active
activities	activies	actives
activism	activisiom	activision
activist	activit	activity
activists	activits	activity
activate	activte	active
activity	activy	active
actuality	actualiy	actually
actual	actuell	actually
accumulative	acumulative	cumulative
accused	acused	caused
accustom	acustom	custom
actually	acutaly	acutely
auctions	acutions	actions
adapter	adaptare	adaptive
adapt	adaptate	adaptive
adapts	adaptates	(none)
adapter	adapte	adapted
adapters	adaptes	adapted
adequate	adaquit	acquit
adequately	adaquitly	(none)
add	addd	added
assert	addert	advert
asserted	adderted	adverted
adds	addes	added
addicts	addictes	addicted
addictions	addictin	addiction
addictions	addictis	addicts
additional	additiona	addition
additionally	additionaly	additional
additionally	additionnaly	additional
additionally	additoinaly	additional
additionally	additonaly	additional
addons	addos	adds
addresses	addreses	address
addresses	addresse	address
additionally	addtionaly	additional
adieu	adew	aden
edge	adge	age
edges	adges	ages
adhesive	adhevise	advise
admin	adin	akin
additionally	aditionaly	additional
additionally	aditionnaly	(none)
additions	aditions	editions
advice	adivse	advise
adjacency	adjacentsy	adjacently
adjacency	adjancey	advanced
adjacently	adjasantly	adamantly
agitate	adjatate	(none)
agitated	adjatated	(none)
agitates	adjatates	(none)
agitating	adjatating	(none)
adjective	adjative	adaptive
adjectives	adjectivs	adjective
adjacence	adjsence	absence
justification	adjustificat	(none)
admin	admi	admit
admin	adming	adding
administered	administed	administer
administrators	administors	administers
administrator	administraron	administration
administrative	administratief	administration
administrative	administratiei	administration
administrator	administratior	administration
administer	administren	administered
administer	administrez	administered
admins	admis	admits
admin	admn	aden
adolescence	adolence	violence
adolescence	adolescene	adolescent
adopter	adoptor	adaptor
addresser	adrersser	dresser
address	adres	acres
addressable	adresable	agreeable
addressed	adresed	agreed
addressee	adresee	foresee
addresses	adreses	address
adjust	adust	adult
adjusts	adusts	adults
advantageous	advantageos	advantages
advantageous	advantageus	advantages
advantages	advantags	advantage
adventurous	adventourus	adventures
adventures	adventureres	adventurers
adventurous	adventuros	adventures
adventures	adventurs	adventure
adventurous	adventurus	adventures
adventures	adventus	adventure
adverts	adverst	adverse
advertises	adverties	advertise
adverts	advertis	advertise
advertisement	advertisment	advertisment
adversity	advertisy	advertise
advised	adviced	advice
advice	advices	advices
advisors	advisorys	advisory
advocates	advocats	advocate
deactivate	aeactivate	reactivate
aesthetics	aesthestic	aesthetic
atheist	aethist	artist
atheistic	aethistic	artistic
atheists	aethists	artists
affair	afair	fair
safe	afe	are
affair	affaire	affaire
affairs	affaires	affaires
affiliation	affiliato	affiliate
affinitize	affinitze	affinity
affinitize	affintize	(none)
affirm	affirmate	affiliate
affirms	affirmates	affiliates
affliction	afflection	affection
affliction	affliation	affiliation
afford	affort	effort
affords	afforts	efforts
a	afile	file
afford	aford	ford
african	africaner	afrikaner
africans	africaners	afrikaners
after	afterall	(none)
against	agaisnt	agaisnt
agenda	aganda	uganda
aggregated	aggragated	aggravated
aggregating	aggragating	aggravating
aggregated	aggrated	migrated
aggregating	aggrating	migrating
aggregation	aggration	migration
aggregations	aggrations	migrations
aggregators	aggrators	agitators
aggravating	aggravanti	aggravate
aggregator	aggregater	aggregate
aggregators	aggregaters	aggregates
aggregated	aggregatet	aggregate
aggregating	aggregatin	aggregation
aggression	aggresions	aggressions
aggravate	aggrevate	aggregate
aggravates	aggrevates	aggregates
again	agina	aging
agitating	agitatin	agitation
agnosticism	agnosticm	agnostic
agnosticism	agnosticsm	agnostics
agnosticism	agnostiscm	agnostic
ago	agos	ages
argc	agrc	arc
agree	agre	are
agree	agreee	agreed
aggressive	agressie	agressive
aggressive	agressive	agressive
aggressive	agressivnes	agressive
aggressive	agresssive	agressive
aggressive	agressvie	agressive
args	agrs	ages
argument	agruement	agreement
arguments	agruements	agreements
argv	agrv	agra
tags	ags	as
argument	agurement	agreement
had	ahd	and
adhered	aheared	sheared
ahead	ahed	aged
here	ahere	there
have	ahev	ahem
alphas	ahlpas	atlas
atheist	ahtiest	artiest
atheists	ahtiests	artists
haven't	ahven't	advent
ancient	aincent	vincent
ancients	aincents	vincent
aircraft's	aircrafts'	aircraft
airplanes	airplans	airplane
airports	airporta	airport
axis	aixs	aids
adjacence	ajasence	absence
adjective	ajative	active
adjacencies	ajcencies	agencies
adjacencies	ajsencies	agencies
adjournment	ajurnment	adornment
adjust	ajust	just
adjustment	ajustement	amusement
ache	ake	are
acknowledge	aknowledge	knowledge
ask	aks	as
accumulative	akumulative	cumulative
awkward	akward	award
alcoholic	alcoholc	alcohol
alcoholics	alcoholis	alcoholic
allege	aledge	pledge
alleged	aledged	pledged
alleges	aledges	pledges
allegiance	alegance	elegance
alienate	aleniate	alleviate
alerts	alers	alert
alert	aletr	alter
alerted	aletred	altered
alerting	aletring	altering
algebra	algerba	algeria
algorithm	algohm	aloha
algorithmic	algohmic	(none)
algorithmically	algohmically	(none)
algorithms	algohms	megohms
algorithm	algorhytm	(none)
algorithmic	algorhytmic	(none)
algorithmically	algorhytmically	(none)
algorithms	algorhytms	(none)
algorithmic	algorithimical	(none)
algorithmically	algorithmical	algorithmic
algorithm	algorithmos	algorithms
algorithm	algorithmus	algorithms
algorithms	algoriths	algorithm
algorithm	algorithyms	algorithms
algorithm	algorthin	(none)
algorithmic	algorthinic	(none)
algorithmically	algorthinically	(none)
algorithms	algorthins	(none)
algorithm	algorthyn	(none)
algorithmic	algorthynic	(none)
algorithmically	algorthynically	(none)
algorithms	algorthyns	(none)
algorithm	algothitm	(none)
algorithmic	algothitmic	(none)
algorithmically	algothitmically	(none)
algorithms	algothitms	(none)
alphabetically	alhabeticaly	alphabetical
alphabetically	alhapeticaly	(none)
alphabetically	alhpabeticaly	alphabetical
aliases	aliase	alias
alienating	alienatin	alienation
alienate	alienet	alien
alignment	alignation	alienation
aligned	alignd	align
aligns	alignes	aligned
alignright	alignrigh	(none)
alike	alikes	likes
align	aline	aline
alrighty	alirghty	alright
alias	alis	ali
aliases	alises	arises
aliasing	alising	arising
alive	aliver	oliver
allocator	allcater	allocated
allocators	allcaters	allocates
allocator	allcoater	allocated
allocators	allcoaters	allocates
allcommands	allcommnads	(none)
allegedly	allegedy	alleged
allergy	allegry	allegro
alleviating	alleviatin	alleviation
alias	allias	allies
allegiance	alliegance	alliance
all	allif	allie
allegiance	alligeance	alliance
alignmenterror	allignmenterror	(none)
allow	allo	also
allocate	allocal	local
allocator	allocater	allocated
allocators	allocaters	allocates
allocating	allocatin	allocation
allocating	allocationg	allocation
allocs	allocos	allows
allows	allos	allow
allotted	alloted	allowed
allows	allowes	allowed
all	allreight	alright
all	allright	alright
also	allso	allso
allowance	allwance	alliance
allowances	allwances	alliances
always	allways	allways
always	allwys	alloys
allowable	aloable	valuable
allocatable	alocatable	locatable
allocate	alocate	locate
allocated	alocated	located
allocates	alocates	locates
allocating	alocating	locating
allocation	alocation	location
allocations	alocations	locations
allocator	alocator	locator
allocators	alocators	locators
along	alog	alog
algorithm	alogirhtm	(none)
algorithmic	alogirhtmic	(none)
algorithmically	alogirhtmically	(none)
algorithms	alogirhtms	(none)
along	alogn	align
also	alos	alos
a	alot	lot
allow	alow	alow
alpha	alph	ralph
alphabetically	alphabeticaly	alphabetical
alphabetical	alphapeicall	(none)
alphabetically	alphapeticaly	alphabetical
all	alreight	alright
alrighty	alrightey	alright
alrighty	alrightly	slightly
alrighty	alrightty	alright
alrighty	alrighy	alright
alrighty	alrigthy	alright
alarms	alrms	arms
also	als	as
also	alsoneeds	(none)
at	alteast	atleast
alternated	altenated	alienated
altered	alterated	alternated
alters	alterates	alternates
altering	alterating	alternating
alternative	alterative	alterative
alteration	alterato	alternate
ulterior	alterior	anterior
alternator	alternar	alternate
alternator	alternater	alternate
alternators	alternaters	alternates
alternatively	alternativey	alternative
alternatives	alternativs	alternative
alternator	alternatr	alternate
alternators	alternatrs	alternates
alternative	alternavte	alternate
alternatively	alternavtely	alternately
alternatives	alternavtes	alternates
alternatives	alternitivs	alternative
although	altho	alto
value	alue	blue
aluminium	aluminim	aluminum
aluminium	alumnium	aluminum
aluminium	alunimum	aluminum
always	alwast	last
always	alway	away
amateurs	amatersu	amaterasu
amateurs	amateus	amateur
amateur	amature	mature
amateurs	amatures	matures
amazing	amazin	amazon
ambidextrousness	ambadexterouseness	(none)
ambidextrousness	ambadexterousness	(none)
ambidextrousness	ambadextrouseness	(none)
ambidextrousness	ambadextrousness	(none)
ambidextrousness	ambidexterouseness	(none)
ambidextrousness	ambidexterousness	(none)
ambiguous	ambigious	ambitious
ambulanceman	ambulancier	ambulance
ameliorate	amealearate	(none)
ameliorated	amealearated	(none)
ameliorates	amealearates	(none)
ameliorating	amealearating	(none)
ameliorative	amealearative	(none)
ameliorator	amealearator	(none)
ameliorators	amealearators	(none)
ameliorators	amealiarators	(none)
amoebae	ameba	amoeba
amoebae	amebas	amoebas
ameliorate	ameelarate	(none)
ameliorated	ameelarated	(none)
ameliorates	ameelarates	(none)
ameliorating	ameelarating	(none)
ameliorative	ameelarative	(none)
ameliorator	ameelarator	(none)
ameliorators	ameelarators	(none)
ameliorators	ameeliarators	(none)
ameliorators	amelearators	(none)
ameliorator	ameliorater	ameliorate
ameliorators	amelioraters	ameliorates
ameliorating	amelioratin	amelioration
american	americain	americain
americas	americaps	americans
americas	americares	americans
americas	americats	americans
americas	americs	america
ameliorators	amerliorators	ameliorator
armenia	amernia	america
armenian	amernian	american
armenians	amernians	americans
animosity	aminosity	minority
amount	amound	around
amount	amout	about
amphetamines	amphetamins	amphetamine
amphetamines	amphetimins	amphetamine
amethyst	amtheyst	amherst
amethysts	amtheysts	atheists
analysis	analises	analyses
analytically	analiticaly	analytical
analogue	analoge	analog
analogically	analogicaly	analogical
analyse	analye	analyze
analysed	analyed	analyzed
analyser	analyer	analyzer
analysers	analyers	analyzers
analysing	analying	analyzing
analytically	analyitcaly	analytical
analyser	analysator	(none)
analysers	analysators	(none)
analyses	analyseras	analysers
analyses	analyseres	analysers
analyse	analysie	analysis
analyses	analysies	analysis
analysing	analysin	analysis
analyses	analysise	analysis
analysed	analysised	analysis
analyses	analysises	analysis
analyst	analysit	analysis
analysts	analysits	analysis
analysts	analystes	analyses
analysis	analysy	analyst
analyse	analysze	analyze
analytics	analyticals	analytical
analytically	analyticaly	analytical
analytically	analyticly	analytical
analyzer	analyzator	(none)
analyzers	analyzators	(none)
analysis	analyzies	analyzes
anarchism	anarchistm	anarchist
anarchists	anarchits	anarchist
analyses	anaylsises	(none)
ancestor	ancestore	ancestors
anchored	anchord	anchor
anaconda	anconda	ancona
handle	andle	angle
handler	andler	adler
handlers	andlers	antlers
handles	andles	angles
androgyny	androgeny	androgen
androidextras	androidextra	(none)
androids	androis	android
and	andthe	another
and	ane	ane
anecdotal	anecdotel	anecdotes
anneal	aneel	angel
annealed	aneeled	angeles
annealing	aneeling	kneeling
anneals	aneels	angels
anorexic	aneroxic	aerobic
anxious	angshios	(none)
anxiously	angshiosly	(none)
anxiousness	angshiosness	(none)
anxious	angshis	(none)
anxiously	angshisly	(none)
anxiousness	angshisness	(none)
anxious	angshiuos	(none)
anxiously	angshiuosly	(none)
anxiousness	angshiuosness	(none)
anxious	angshus	angus
anxiously	angshusly	(none)
anxiousness	angshusness	(none)
annihilate	anialate	animate
annihilated	anialated	animated
annihilates	anialates	animates
annihilating	anialating	animating
animates	animaes	animals
animator	animaiter	animated
animating	animatin	animation
animator	animatior	animation
animators	animatiors	animations
animates	animets	animals
antidepressants	anitdepressant	antidepressant
antialiasing	anitialising	initialising
antirez	anitrez	(none)
ingenue	anjanew	(none)
anxious	ankshios	(none)
anxiously	ankshiosly	(none)
anxiousness	ankshiosness	(none)
anxious	ankshis	(none)
anxiously	ankshisly	(none)
anxiousness	ankshisness	(none)
anxious	ankshiuos	(none)
anxiously	ankshiuosly	(none)
anxiousness	ankshiuosness	(none)
anxious	ankshus	(none)
anxiously	ankshusly	(none)
anxiousness	ankshusness	(none)
anniversaries	annaverserys	(none)
annoy	annay	anna
annoys	annays	annals
annihilating	annihilatin	annihilation
annihilated	annilihate	annihilate
anonymous	annonomus	(none)
anonymously	annonomusally	(none)
anonymously	annonomusly	(none)
annotating	annotatin	annotation
annotate	annote	note
annotated	annoted	annoyed
annotates	annotes	notes
annotating	annoting	annoying
annotation	annotion	notion
annotations	annotions	notions
announcement	announcent	announced
announcements	announcents	announces
annoyingly	annoyingy	annoying
annually	annualy	annual
anomaly	anomolee	(none)
anonymously	anonimusally	(none)
anonymously	anonymousy	anonymous
anonymously	anonymoys	anonymous
anonymous	anonyms	antonyms
anorexic	anorexiac	anorexia
abnormal	anormal	normal
abnormally	anormally	normally
annotation	anotation	notation
annoy	anoy	any
amphitheater	anpatheater	(none)
amphitheaters	anpatheaters	(none)
answered	answerd	answer
answer	answhare	anywhere
answering	answhareing	(none)
answers	answhares	(none)
answered	ansyert	answer
antagonistic	antagonistc	antagonist
antagonist	antagonostic	antagonistic
antagonist	antagonstic	antagonistic
antarctica	antarctia	antarctic
antennas	antennaes	antennae
another	anthor	author
anthropology	anthropoly	anthropol
antibiotics	antiboitic	antibiotic
anecdote	anticdote	antidote
anecdotes	anticdotes	antidotes
anticipation	anticipato	anticipate
entrepreneur	antripanewer	(none)
entrepreneurs	antripanewers	(none)
annulled	anuled	angled
annulling	anuling	angling
annul	anull	null
annulls	anulls	nulls
annulls	anuls	anus
a	anumber	number
aneurysm	anurism	antrim
anyway	anway	away
anyway	anways	always
ennui	anwee	anne
analysing	anylsing	anything
analyzing	anylzing	anything
anyone	anyoens	anyones
anyone	anyoneis	anyones
any	anyother	another
another	aother	other
automatic	aotomatical	(none)
around	aound	found
adapt	apapt	apart
apparent	aparant	apart
apparent	aparent	parent
apparent	aparrent	apartment
apartheid	apartide	apatite
apartments	apartmens	apartment
appall	apaul	paul
appalled	apauled	hauled
appalling	apauling	pauling
appalls	apauls	paul
adapt	apdat	adam
adapts	apdats	adams
append	apend	spend
appended	apended	amended
appender	apender	spender
appenders	apenders	spenders
appending	apending	spending
appends	apends	spends
appliance	apliance	alliance
appliances	apliances	alliances
applies	aplies	allies
appliqué	aplikay	(none)
appliqués	aplikays	(none)
applies	apllies	allies
applied	aplyed	played
apocryphal	apocraful	(none)
appointing	apointing	pointing
appoints	apoints	points
upholstery	apollstree	(none)
apology	apologism	apologise
apologies	apologisms	apologises
apologist	apologiste	apologise
apologists	apologistes	apologises
apologists	apologistics	apologetics
apostrophes	apostrafes	apostates
apostrophes	apostrafies	(none)
apostrophe	apostrafy	apostasy
appareling	apparelin	apparel
appears	appares	apparel
appareling	apparreling	apparelling
apparent	appearant	appearance
appears	appeares	appeared
append	appen	happen
appended	appendent	dependent
appending	appendig	appendix
appending	appendin	appendix
append	appened	happened
apennines	appenines	happenings
appending	appening	happening
appends	appens	happens
appetite	appetities	appetites
appetite	appetitite	appetitive
application	appicaliton	(none)
applications	appicalitons	(none)
applaud	applaude	applause
applause	applaudes	applauded
applaud	applaued	applauded
applied	applayed	played
applies	applays	plays
applications	applicatios	application
applications	applicatiosn	application
application	applicato	applicator
apply	applie	applied
appliqué	applikay	(none)
appliqués	applikays	(none)
applied	applyd	apply
applies	applys	apply
upon	appon	apron
appreciative	appreciaite	appreciate
appreciative	appreciatie	appreciate
appreciating	appreciatin	appreciation
appreciating	appreciationg	appreciation
appreciation	appreciato	appreciate
appreciative	appreciatve	appreciate
approaches	approachs	approach
appropriately	approbiately	approximately
appropriately	approiately	approximately
appropriating	appropriatin	appropriation
appropriation	appropriato	appropriate
appropriate	appropropreate	(none)
appropriately	appropropreately	(none)
appropriate	appropropriate	(none)
appropriately	appropropriately	(none)
approximate	approproximate	(none)
approximated	approproximated	(none)
approximately	approproximately	(none)
approximates	approproximates	(none)
approximating	approproximating	(none)
approximation	approproximation	(none)
approximations	approproximations	(none)
apostrophe	approstraphe	(none)
approval	approvel	approved
approval	approvement	improvement
approximating	approximatin	approximation
apply	appy	happy
appreciation	apresheation	(none)
appreciate	apreteate	(none)
appreciated	apreteated	preheated
appreciating	apreteating	preheating
a	aprogram	program
approve	aproove	prove
approve	aprove	prove
approves	aproves	proves
approving	aproving	proving
approval	aprrovement	(none)
oppugn	apyoon	spoon
oppugned	apyooned	spooned
oppugning	apyooning	spooning
oppugns	apyoons	pylons
acquaint	aquaint	quaint
aquariums	aquarims	aquarius
acquiesce	aquiess	aquinas
acquit	aquit	quit
acquits	aquits	quits
acquitting	aquitting	quitting
arranges	aranges	ranges
arranging	aranging	ranging
array	aray	army
arrays	arays	rays
arbitrarily	arbitiraly	arbitrary
arbitrary	arbitral	arbitral
arbitrarily	arbitrally	arbitrary
arbitrarily	arbitrariy	arbitrary
arbitrarily	arbitrarly	arbitrary
arbitrary	arbitraryly	arbitrarily
arbitrarily	arbitrily	arbitrary
arbitration	arbitrion	arbitron
arbiter	arbitror	arbitron
arbiters	arbitrors	arbitrary
arbitrary	arbitual	arbitral
arbitrarily	arbitually	habitually
abort	arbort	arbor
aborts	arborts	arbors
archeology	arcaheology	archaeology
archeology	archaoelogy	archaeology
archeology	archaology	archaeology
archeologist	archeaologist	archaeologist
archeologists	archeaologists	archaeologists
archetypes	archetyps	archetype
achieve	archieve	archive
achieves	archieves	archives
architects	architecs	architect
architectures	architecturs	architecture
architectures	architecturse	architecture
architectural	architural	(none)
architecturally	architurally	(none)
architecture	architure	(none)
architectures	architures	(none)
archived	archivd	archive
archival	archivel	archive
archiver	archivr	archive
archivers	archivrs	archives
archives	archivs	archive
archived	archved	arched
archiver	archver	archer
archivers	archvers	archers
archival	arcival	arrival
archived	arcived	arrived
archiving	arciving	arriving
aren't	are'nt	agent
aren't	aren's	arenas
aren't	arent'	parents
aren't	arent	agent
argument	argemnt	argent
arguments	argemnts	agents
args	arges	ages
aggressive	argessive	agressive
arguments	argumens	argument
arguments	argumenst	argument
argue	argumentate	argumentative
argued	argumentated	(none)
argues	argumentates	(none)
arguing	argumentating	argumentation
argument	argumentent	(none)
arguments	argumentents	(none)
archival	arhival	arrival
archived	arhived	arrived
archiving	arhiving	arriving
arbitrary	aribitary	tributary
arbitrary	aribrary	library
arose	arised	raised
arrivals	arivals	rivals
arrive	arive	drive
arriving	ariving	driving
alrighty	arlighty	alright
armageddons	armagedons	armageddon
armenian	armenina	armenia
armistice	armistis	artists
aren't	arn't	art
aren't	arne't	arrest
aurora	aroara	barbara
auroras	aroaras	arras
arrogant	arogent	argent
around	aroun	aroun
archival	arquival	arrival
archived	arquived	acquired
archiver	arquiver	aquifer
archivers	arquivers	aquifers
archiving	arquiving	arriving
arrays	arraies	carries
arrangement	arranent	armament
arrangements	arranents	armaments
arrangement	arrangent	arranged
arranges	arrangs	arrange
arranges	arrangse	arrange
arrangement	arrangt	arrange
arrangements	arrangts	arranges
arrangements	arrants	warrants
arrests	arresst	arrest
arrests	arrestes	arrested
arise	arrise	arrive
arose	arrised	arrived
arises	arrises	arrives
arising	arrising	arriving
arity	arrity	rarity
arrows	arros	arrow
array	arry	army
articles	articals	article
artifact	articat	artist
artifacts	articats	artists
articulate	articule	article
articulated	articuled	articled
articulates	articules	articles
artifact	artifacto	artifacts
artificially	artificialy	artificial
artificial	artificiella	artificially
artificially	artificiely	artificial
artistic	artistc	artist
around	arund	arund
argv	arvg	avg
asian	asain	again
absorbs	asborbes	absorbed
associated	ascconciated	(none)
ascend	asend	send
ascended	asended	amended
ascendance	asendence	sentence
ascendancy	asendencey	(none)
ascendancy	asendency	tendency
ascender	asender	sender
ascending	asending	sending
ascent	asent	sent
assert	asert	alert
as	asfar	afar
assign	asign	align
assigned	asigned	signed
assigning	asigning	signing
assignor	asignor	signor
assigns	asigns	signs
ascii	asii	asia
ask	aske	asked
asks	askes	asked
asking	askin	skin
asparagus	asperge	asperger
asparagus	asperges	asperger
asbestos	aspestus	aspects
asphalting	asphaltin	asphaltic
assassinated	assasined	assailed
assassination	assassinato	assassinate
assassinates	assassinats	assassinate
assaults	assaultes	assaulted
assimilate	assemalate	assemblage
assimilates	assemalates	assemblages
assemble	assemblare	assemblage
assemble	assemblie	assemblies
assemblies	assemblys	assembly
assert	asser	asset
asserts	assers	assets
asserted	assersed	assessed
asserting	assersing	assessing
assertion	assertation	dissertation
assertion	assertino	asserting
assertions	assertios	assertion
assess	assests	assets
asphalt	assfalt	assault
asphalted	assfalted	assaulted
asphalting	assfalting	assaulting
asphalts	assfalts	assaults
associating	assicating	assisting
assign	assigne	assigned
assignments	assignenmentes	(none)
assignment	assignenmet	(none)
assigns	assignes	assigned
assignments	assignmens	assignment
assign	assignt	assigns
assimilating	assimilatin	assimilation
asymptote	assimtote	(none)
asymptotes	assimtotes	(none)
assign	assing	passing
assassinate	assisnate	passionate
assertion	assition	position
asthma	assma	assam
associating	associatin	association
associates	associats	associate
association	assosiacition	(none)
associations	assosiacitions	(none)
assassination	assosication	association
assume	assue	issue
assumes	assums	assume
assumes	assumse	assume
asymmetry	assymetriy	(none)
asymptotic	assymthotic	(none)
asterisks	asterices	arteries
aesthetic	astethic	ascetic
aesthetically	astethically	(none)
aestheticism	astethicism	asceticism
aesthetics	astethics	ascetics
asterisk	astrix	astrid
asterisks	astrixes	strikes
asterisks	astrixs	strips
assure	asure	sure
assuage	aswage	swage
as	aswell	swell
asynchronize	asychronize	synchronize
asymmetrically	asymetricaly	asymmetrical
asymmetry	asymetriy	asymmetric
asynchronous	asynchron	synchro
asynchronously	asynchronly	synchrony
asynchronous	asynchrouns	(none)
asynchronously	asynchrounsly	(none)
asynchronously	asyncrounesouly	(none)
asynchronous	asynschron	(none)
asynchronously	asynschronly	(none)
attain	atain	again
attends	atends	tends
attorneys	aternies	arteries
attorney	aterny	terry
other	ather	ather
atheros	athros	athos
at	atleast	atleast
at	atmost	almost
atomically	atomicly	atomic
atomicity	atomiticity	aromaticity
automatic	atomtical	(none)
automatically	atomtically	atomically
automatically	atomticaly	atomically
automatically	atomticlly	atomically
automatically	atomticly	(none)
autorecovery	atorecovery	(none)
attribs	atribs	tries
attribute	atribut	tribute
attribute	atribute	tribute
attributes	atributs	tribute
attached	attaced	attacked
attach	attachen	attached
attaches	attachs	attacks
attacks	attacs	attack
attempts	attemps	attempt
attempts	attemptes	attempted
attenuating	attenuatin	attenuation
attorneys	attornies	attorney
attribute	attributei	attributed
attribute	attributen	attributed
attributing	attributin	attribution
attribute	attritube	attitude
augments	augmnetes	augmented
aunty	aulty	faulty
autospacing	auospacing	(none)
gaussian	aussian	russian
austere	austair	austria
authenticate	authecate	(none)
authenticated	authecated	(none)
authenticates	authecates	(none)
authenticating	authecating	(none)
authentication	authecation	(none)
authenticator	authecator	(none)
authenticators	authecators	(none)
authenticate	authenfie	authentic
authenticated	authenfied	(none)
authenticates	authenfies	(none)
authenticating	authenfiing	(none)
authentication	authenfiion	(none)
authenticator	authenfior	(none)
authenticators	authenfiors	(none)
authenticator	authenticater	authenticated
authenticators	authenticaters	authenticates
authenticating	authenticatin	authentication
authenticate	authethenticate	(none)
authenticated	authethenticated	(none)
authenticates	authethenticates	(none)
authenticating	authethenticating	(none)
authentication	authethentication	(none)
authenticator	authethenticator	(none)
authenticators	authethenticators	(none)
authoritative	authoritive	authorities
authors	authos	author
autocompletes	autocmpletes	autocomplete
autocompleting	autocmpleting	(none)
autocommitting	autocommiting	(none)
autocompletes	autoconpletes	autocomplete
autocompleting	autoconpleting	(none)
autoselect	autoeselect	(none)
autofilter	autofilt	autopilot
autoformat	autofomat	automat
autogeneration	autogenration	(none)
autogrouping	autogroping	autographing
autoincrement	autoincrementive	(none)
automanufactured	automanifactured	(none)
automatically	automatical	automatic
automatically	automaticly	automatic
automating	automatin	automatic
automatic	automical	anatomical
automatically	automically	atomically
automatically	automicaly	atomically
automatically	automicatilly	(none)
automatically	automiclly	atomically
automatically	automicly	(none)
autonegotiation	autonegatiotiation	(none)
autonegotiations	autonegatiotiations	(none)
autonegotiations	autonegoatiations	autonegotiation
autonegotiations	autonegoations	(none)
autonegotiated	autonegociated	(none)
autonegotiations	autonegociations	autonegotiation
autonegotiations	autonegogtiations	autonegotiation
autonegotiations	autonegoitations	autonegotiation
autonegotiation	autonegoptionsotiation	(none)
autonegotiations	autonegoptionsotiations	(none)
autonegotiations	autonegosiations	autonegotiation
autonegotiations	autonegotaiations	autonegotiation
autonegotiations	autonegotaitions	autonegotiation
autonegotiations	autonegotatiations	(none)
autonegotiations	autonegotations	autonegotiation
autonegotiations	autonegothiations	autonegotiation
autonegotiations	autonegotications	autonegotiation
autonegotiations	autonegotioations	autonegotiation
autonegotiation	autonegotion	(none)
autonegotiations	autonegotionations	(none)
autonegotiations	autonegotions	(none)
autonegotiations	autonegotiotations	(none)
autonegotiations	autonegotitaions	autonegotiation
autonegotiations	autonegotitations	autonegotiation
autonegotiations	autonegotitions	autonegotiation
autonegotiations	autonegoziations	autonegotiation
autospec	autopsec	autopsy
author	autor	actor
autorelease	autorealease	(none)
authors	autors	actors
autosaveperiodical	autosaveperodical	(none)
autosense	autosence	(none)
auxiliary	auxillery	artillery
availability	availailability	(none)
available	availailable	(none)
availability	availaliability	(none)
available	availaliable	(none)
availability	availibity	(none)
available	avalaibles	(none)
every	avary	vary
a	avengence	vengeance
availability	aviability	viability
available	aviable	viable
awarded	awared	award
always	aways	away
awfully	awfuly	awful
awkward	awkard	award
awning	awming	aiming
answer	awnser	owner
answers	awnsers	owners
axes	axises	arises
asynchronous	aynchronous	synchronous
asynchronously	aynchronously	synchronously
anyway	ayway	away
asthma	azma	alma
azimuth	azmith	smith
azimuths	azmiths	admits
babel	bable	able
basic	bacis	basis
baccalaureate	backaloriette	(none)
baccalaureates	backaloriettes	(none)
backend	backedn	backed
backend	backened	blackened
bracket	backet	backed
backgrounds	backgrouns	background
backend	backned	backed
backslashes	backslashs	backslash
backticks	backtics	backtick
backwards	backwad	backward
badminton	badmitten	admitted
bag	bage	age
bailing	bailin	bailie
bias	bais	bass
raised	baised	based
raises	baises	bases
backrefs	bakcrefs	(none)
backend	bakend	baked
balance	balace	palace
balances	balaces	palaces
baluster	balaster	blaster
balusters	balasters	blasters
black	balck	back
balance	ballance	ballance
balancer	ballancer	ballance
blank	balnk	bank
blanks	balnks	banks
bologna	balona	along
baloney	balony	barony
balloon	baloon	baloon
false	balse	base
branch	banch	banch
bayonet	bannet	banned
bayonets	bannets	banners
branches	baraches	earaches
beret	baray	barry
berets	barays	brays
bargain	bargin	margin
bargains	bargins	margins
baroque	baroke	broke
barriers	barriors	warriors
basically	basicly	basic
baselines	baslines	basslines
bachelor	batchleur	(none)
bachelors	batchleurs	(none)
beige	bayge	badge
bizarre	bazare	bazar
berserk	bazerk	baker
be	beable	beagle
beachhead	beachead	beached
beacon	beaon	bean
bareword	bearword	bearwood
bouquet	beauquet	banquet
bouquets	beauquets	banquets
bureaucracy	beauracracy	(none)
bureaucratic	beauracratic	(none)
bureaucratic	beauracratical	(none)
bureaucratically	beauracratically	(none)
bureaucracy	beaurocracy	(none)
bureaucratic	beaurocratic	(none)
bureaucratic	beaurocratical	(none)
bureaucratically	beaurocratically	(none)
beautiful	beautifull	beautifull
beautiful	beautyfull	beautyful
because	becacdd	(none)
becomes	becames	became
because	becase	became
because	becaue	became
becomes	becoms	become
because	becoz	becom
vector	bector	sector
vectors	bectors	sectors
because	becuz	begun
bedding	beding	being
before	befor	befor
before	beforing	becoming
beginner	begginer	berliner
beginning	beggingin	begging
beginning	begginig	begging
begging	beging	being
begin	beginn	begins
beginnings	beginnins	beginning
behaviour	behaiviuor	behavior
behaviors	behavios	behavior
behaviour	behaviou	behavior
behavioural	behavioual	behavioral
behaviour	behaviuor	behavior
behavioural	behaviuoral	behavioral
behaviours	behaviuors	behaviors
behaviour	behavoueir	(none)
behaviours	behavoueirs	(none)
behind	behing	being
being	bein	been
behind	beind	being
believe	beleave	bereave
believed	beleaved	bereaved
believer	beleaver	beaver
believes	beleaves	leaves
believing	beleaving	leaving
belief	beleife	believe
beliefs	beleifes	believes
beliefs	beliefes	believes
belong	beling	being
believe	beliv	belie
believe	belive	belive
belong	belog	below
belong	belond	beyond
below	belove	beloved
belie	belye	belle
belied	belyed	belted
belies	belyes	belles
belies	belys	bells
benchmarks	benchmkars	benchmark
benches	benchs	bench
being	beng	beng
binge	benge	beige
binged	benged	begged
binging	benging	bending
benign	benine	benin
binge	benj	ben
binged	benjed	bended
binger	benjer	bender
binges	benjes	venues
bingeing	benjing	beijing
be	besure	before
better	beter	peter
because	beucase	became
bureaucracy	beuracracy	(none)
beautification	beutification	beatification
buffer	bffer	offer
biapplicative	biappicative	(none)
biasing	biasin	basin
bindings	bidings	sidings
bigalloc	bigallic	gallic
bigger	biger	tiger
bilaterally	bilateraly	bilateral
billion	billon	billon
bimillennia	bimillenia	bimillennial
bindings	bindins	binding
bio	bion	bin
business	bisnes	bines
business	bisness	bigness
business	bisunes	itunes
bitwidth	bitwiedh	(none)
bivouac	bivwack	(none)
business	bizness	bigness
businesses	biznesses	witnesses
blame	blaim	claim
blamed	blaimed	claimed
blank	blanck	black
blanked	blancked	blacked
blatant	blatent	latent
bleeding	bleading	leading
blessing	blessure	pressure
belief	blief	brief
blindly	blindy	blind
bloat	bload	blood
bloated	bloaded	loaded
blockack	blocack	black
bloke	bloek	block
blokes	bloeks	blocks
blokes	bloekss	blocks
block	blok	blok
blocker	bloker	booker
blocks	bloks	books
belong	blong	along
blossom	blosum	bloom
blossoms	blosums	blooms
bloated	bloted	bolted
blurred	blured	lured
blur	blurr	burr
blithely	blythly	blythe
boards	boads	roads
bout	boaut	boat
boding	bodin	odin
buffer	boffer	offer
bougainvillea	boganveelia	(none)
bougainvilleas	boganveelias	(none)
bogus	bogos	logos
boolean	boleen	boleyn
boot	bood	book
buddha	booda	book
buoy	booe	book
buoy	booee	boone
buoys	booees	bootes
boos	booes	books
buffet	boofay	bombay
buffets	boofays	(none)
bookmark	bookmakr	bookmaker
bourgeoisie	boorjwazee	(none)
boutique	booteek	bootees
boot	bootime	bootie
bottle	bootle	bootle
bootstrapped	bootraped	(none)
bootstrapper	bootraper	(none)
bootstrappers	bootrapers	(none)
bootstrapping	bootraping	(none)
bootram	bootsram	bootstrap
bootstraps	bootstras	bootstrap
bouquet	boquet	boquet
branches	boraches	broaches
board	bord	bord
boarded	borded	border
bourgeoisie	borgwasy	(none)
bottomborder	bottomborde	(none)
bottom	botton	boston
bottoms	bottons	buttons
bounce	bouce	bruce
bounding	bouding	bonding
bounds	bouds	bonds
bound	boun	born
boundaries	boundarys	boundary
boundaries	boundays	boundary
bounded	bouned	bound
bounding	boungin	bouncing
bounding	boungind	bouncing
bounding	bouning	bouncing
bonus	bouns	bound
bounds	bounsd	bound
bound	bount	mount
boundaries	bountries	countries
boundary	bountry	country
buoy	bouy	bouy
buoying	bouying	buying
buoys	bouys	boys
bouquet	bowkay	bombay
bouquets	bowkays	byways
boxes	boxe	box
boxes	boxs	boys
buoyant	boyant	bryant
beach	brach	brach
bracing	bracin	brain
bracket	bracketwith	(none)
braising	braisin	raisin
bracket	braket	brake
brackets	brakets	brakes
branch	brance	france
branched	branced	branded
branches	branchesonly	(none)
branches	brancheswith	(none)
branches	branchs	branch
branches	branchsi	brancusi
branching	brancing	branding
brain	brane	brand
brassiere	brazeer	brazier
broken	breaked	breaker
break	breal	real
breathing	breating	creating
brush	bresh	fresh
brevity	brievety	brevet
bridge	brige	brige
bringtofront	bringtofont	(none)
bright	brite	write
brighten	briten	britten
brightened	britened	britney
brightener	britener	britney
brightenes	britenes	britney
brightening	britening	briefing
brighter	briter	writer
broadly	broady	broad
brochure	brocher	brother
broken	brocken	brocken
broken	brockend	brocken
broken	brockened	broadened
broccoli	brocolee	(none)
brogue	broge	broke
brogues	broges	bruges
broken	broked	broke
broken	brokem	broke
broken	brokened	brokered
bruise	brooz	brook
bruises	broozes	brookes
browse	brose	brose
browsed	brosed	brose
browsers	brosers	brokers
browser	brower	rower
browsers	browers	brewers
browsing	browing	growing
bruise	bruse	bruce
bruises	bruses	buses
brusque	brusk	brush
brutally	brutaly	brutal
byte	btye	bye
baud	buad	bad
buddha	buda	bud
buffers	bufers	buyers
buffered	bufferent	different
buffers	buffes	buffer
bogus	bugous	bugs
bogus	buguous	bulbous
bogus	bugus	bugs
buoy	bui	but
build	buil	built
built	builded	builder
building	buildin	buildin
buildpackage	buildpackge	(none)
buildpackages	buildpackges	(none)
builder	builer	butler
builders	builers	boilers
buoy	buis	bus
built	buit	but
builds	bulds	bulls
bullet	bulle	bull
bouillon	bullyan	bullying
built	bult	but
bump	bumb	bomb
bumped	bumbed	bombed
bumper	bumber	number
bumping	bumbing	bombing
bumpy	bumby	busby
bundle	bunble	bubble
bundler	bunbler	bubbler
bundling	bunbling	bubbling
bind	bund	bund
binded	bunded	funded
binding	bunding	funding
binds	bunds	funds
bungee	bunji	fungi
bundler	bunlder	builder
bundling	bunlding	building
bourbon	burbon	burton
burying	buring	during
burgeon	burjun	burton
burgeons	burjuns	burns
bureau	buro	euro
bureaucratic	burocratic	autocratic
bureaus	buros	burns
bourgeois	burzwah	(none)
businesses	bussineses	business
beautiful	butiful	dutiful
beautifully	butifully	dutifully
beautifully	butifuly	dutiful
button	buton	burton
button	buttom	bottom
buttons	buttosn	button
bought	buyed	buyer
biased	byast	blast
byteorder	byteoder	(none)
cabinets	cabints	cabins
cache	cace	came
cancels	cacels	camels
catch	cach	each
caching	cachin	cochin
calc	cacl	call
calculator	cacluater	(none)
calculator	caculater	calculated
calculators	caculaters	calculates
caucuses	cacuses	causes
cease	caese	case
ceased	caesed	caused
ceasing	caeseing	causing
ceases	caeses	cases
calf	caf	can
cafe	cafay	away
cafes	cafays	canals
caffeine	cafine	caine
calves	cafs	cars
cache	cahc	canc
cachedb	cahchedb	cached
caches	cahches	catches
caching	cahching	catching
caches	cahcs	cases
cache	cahe	came
cached	cahed	cared
caches	cahes	cases
changer	cahgner	wagner
channel	cahhel	chapel
channels	cahhels	chapels
caching	cahing	caring
char	cahr	car
chars	cahrs	cars
calendar	calander	colander
calendars	calanders	colanders
calculable	calcable	callable
calculator	calcualter	calculated
calculatable	calculatble	calculable
calculator	calculater	calculated
calculators	calculaters	calculates
calculating	calculatin	calculation
calculating	calculationg	calculations
calculates	calculats	calculate
calculator	calculatter	calculated
calculated	calculed	called
calculator	calcultater	calculated
callees	calees	calves
caller	caler	calder
calves	calfes	cafes
calves	calfs	calls
calibrating	calibratin	calibration
calibrate	calibrte	calibre
callchain	callcain	(none)
calls	calles	called
callus	callis	calls
calls	calss	class
calculator	caluclater	calculated
calculator	calulater	calculated
clause	caluse	cause
chameleon	cameleon	cameleon
chameleon	camelion	camelion
chameleons	camelions	camelion
command	cammond	hammond
cannibal	canabel	anabel
cannibals	canabels	canals
cannibalise	canabelyse	(none)
cannibalised	canabelysed	(none)
cannibalises	canabelyses	(none)
cannibalising	canabelysing	(none)
cannibalize	canabelyze	(none)
cannibalized	canabelyzed	(none)
cannibalizes	canabelyzes	(none)
cannibalizing	canabelyzing	(none)
canadian	canadan	canada
can	canbe	canoe
cancel	cancele	canceled
cancels	canceles	canceled
cancels	cancelles	cancelled
cancel	cances	cancer
cancel	cancl	canal
cancels	cancles	candles
cancels	cancls	canals
candidates	candidats	candidate
canoe	canew	cane
canoes	canews	canes
change	cange	range
can't	cann't	cannot
cannibal	cannabile	cantabile
cannibals	cannabiles	cannabis
cannibalise	cannabilyse	(none)
cannibalised	cannabilysed	(none)
cannibalises	cannabilyses	(none)
cannibalising	cannabilysing	(none)
cannibalize	cannabilyze	(none)
cannibalized	cannabilyzed	(none)
cannibalizes	cannabilyzes	(none)
cannibalizing	cannabilyzing	(none)
channeled	canneled	canceled
canister	cannister	bannister
connotation	cannotation	annotation
cannot	cannotes	connotes
canonicalizes	canocicalizes	canonicalized
canonicalizing	canocicalizing	(none)
canonicalizes	canoicalizes	cannibalizes
canonicalizing	canoicalizing	cannibalizing
canonical	canonal	cantonal
canonicalization	canonalization	canonization
canonicalize	canonalize	canonize
canonicalized	canonalized	canonized
canonicalizes	canonalizes	canonizes
canonicalizing	canonalizing	canonizing
canonicalizes	canoncalizes	canonicalized
canonicalizing	canoncalizing	(none)
canonicalizes	canoncializes	canonicalized
canonicalizing	canoncializing	(none)
canonicalizes	canoncicalizes	canonicalized
canonicalizing	canoncicalizing	(none)
canonicalizes	canonivalizes	cannibalizes
canonicalizing	canonivalizing	cannibalizing
can't	cant'	canto
can't	cant't	cannot
contain	cantain	captain
canaille	canye	canoe
capitalize	capalize	canalize
capitalized	capalized	canalized
compatibility	capatibility	capability
compatible	capatible	capable
compatibly	capatibly	capably
cape	capetown	capetown
capitalise	capitalse	capitals
caribou	caraboo	carabao
caribous	caraboos	carbons
cardbus	carbus	carpus
carcass	carcas	caracas
carcass	carcus	marcus
carcasses	carcuses	caucuses
careful	carefull	carefully
careful	carfull	carroll
carriage	caridge	bridge
carrier	carier	career
carriers	cariers	careers
ceremony	carimony	acrimony
caring	carin	cabin
ceremonial	carinomial	trinomial
ceremonially	carinomially	(none)
ceremonies	carinomies	(none)
ceremony	carinomy	carcinoma
caramel	carmel	carmel
caramels	carmels	carmel
ceremonies	carmonies	harmonies
ceremony	carmony	harmony
carnivore	carnavor	carnarvon
carnage	carnege	carnegie
ceremonial	carnomial	(none)
ceremonially	carnomially	(none)
ceremonies	carnomies	canopies
ceremony	carnomy	canopy
career	carrear	arrear
careers	carrears	arrears
carets	carrets	carpets
carrier	carrien	carried
certain	cartain	captain
cartilage	cartilidge	cartridge
cartilage	cartladge	cartridge
cartilage	cartlage	carthage
cartilage	cartledge	cartridge
cartilage	cartlege	carthage
casserole	casarole	carole
caselessly	caselessely	carelessly
cache	cashe	case
chasm	casim	casio
chasms	casims	cases
caisson	casion	casino
chasm	cassim	cassie
chasms	cassims	cassius
chasm	cassm	class
chasms	cassms	cassis
cause	casue	case
causes	casues	cases
cataclysmic	cataclismical	(none)
category	catagorie	categories
catiline	cataline	catalina
caterpillar	catapiller	(none)
caterpillars	catapillers	(none)
catastrophe	catastrofy	(none)
caught	catched	catched
ketchup	catchip	catchup
catches	catchs	catch
category	categorie	categories
factory	catory	category
caught	cauched	cached
cause	caue	came
causes	caues	cases
cache	cche	che
caesar	ceaser	ceased
caesars	ceasers	ceases
caesar	ceasser	classes
caesars	ceassers	classes
check	ceck	neck
checker	cecker	becker
ceiling	ceeling	feeling
ceilings	ceelings	feelings
celebrating	celebratin	celebration
celebration	cellabration	collaboration
cellar	celler	keller
cellars	cellers	sellers
sensible	censable	enable
censor	censur	census
sentinel	centenal	central
sentinels	centenals	centenary
centered	centerd	center
centisecond	centisencond	centiseconds
centrifugable	centrifugeable	(none)
circumstantial	cercomstancial	(none)
certify	cerify	verify
certifying	cerifying	verifying
ceremonial	cerinomial	trinomial
ceremonially	cerinomially	(none)
ceremonies	cerinomies	(none)
ceremony	cerinomy	(none)
ceremonial	cernomial	(none)
ceremonially	cernomially	(none)
ceremonies	cernomies	economies
ceremony	cernomy	economy
certainty	certaincy	certainly
certificate	certi	cert
certificate	certific	certified
certificated	certificatd	certificate
certificating	certificatin	certification
certificates	certificats	certificate
certificate	certifice	certified
certificated	certificed	certified
certificates	certifices	certifies
cached	chaced	chased
cached	chached	coached
caches	chaches	coaches
caching	chacing	chasing
chained	chaied	chaired
champagne	champain	champlain
canceling	chanceling	channeling
changed	chanched	chanced
changing	chanching	chancing
chunk	chanck	chance
chunks	chancks	chances
chances	chancs	chance
chandelier	chandaleer	chandler
channel	chanel	chanel
channel	chanell	chanel
changed	changee	change
chaining	chaning	changing
clank	chank	chan
clanks	chanks	thanks
channel	channe	change
channels	channes	channel
chance	chanse	change
chances	chanses	changes
charstyle	characstyle	(none)
character	characterclasses	(none)
characteristically	characterisicly	(none)
characteristically	characteristicly	characteristics
characteristic	characteritisc	characteristics
characters	charactes	character
characters	characts	character
chars	charas	charts
characteristics	charistics	charities
chasing	chasin	chain
chaser	chasr	chair
chasm	chassim	chassis
chasms	chassims	chassis
chasm	chassm	chasse
chasms	chassms	chassis
chassis	chassy	chasse
caught	chatched	hatched
château	chateao	chateau
châteaux	chateaos	chateaus
château	chateo	chapter
châteaux	chateos	chapters
château	chatou	chaos
châteaux	chatous	chaos
château	chatow	shadow
châteaux	chatows	chaos
chalk	chawk	hawk
checker	chcker	cocker
cheetah	cheatta	cheat
check	chec	chen
checker	checer	cheer
checkers	checers	cheers
check	chech	czech
checkpoint	checheckpoit	(none)
checkpoints	checheckpoits	(none)
checker	checher	chechen
checkaliases	checkalaises	(none)
checked	checkd	check
checkpoints	checkpoins	checkpoint
checksum	checksm	checks
checked	checkt	check
checked	checkts	checks
checksums	checkums	checkups
checks	checs	chess
cheaper	cheeper	cheeper
cheat	cheet	sheet
cheats	cheets	sheets
cheatsheets	cheetsheets	cheatsheet
check	chek	chen
checked	chekd	cheka
checker	cheker	cheer
checkers	chekers	cheers
checks	cheks	chess
chemically	chemicaly	chemical
churches	cherchs	church
children	childrens	childrens
children	childs	childs
chimneys	chimmenies	(none)
cipher	chiper	chipper
ciphers	chipers	chippers
ciphertext	chipertext	hypertext
chipselect	chipslect	chipset
chisel	chiselle	chiselled
chisels	chiselles	chiselled
chisels	chisiles	whistles
chisel	chisle	chile
chiseled	chisled	chilled
chiseling	chisling	chilling
chisel	chizell	chill
chisel	chizelle	chiselled
chiseled	chizelled	chiselled
chisels	chizelles	chiselled
chiseling	chizelling	chiselling
chisel	chizil	civil
chiseled	chiziled	chilled
chisels	chiziles	chillies
chiseling	chiziling	chilling
chisel	chizle	chile
chiseled	chizled	chilled
chisels	chizles	charles
chiseling	chizling	chilling
chisel	chizzell	(none)
chisel	chizzelle	(none)
chiseled	chizzelled	chiselled
chisels	chizzelles	(none)
chiseling	chizzelling	chiselling
chisel	chizzil	(none)
chiseled	chizziled	(none)
chisels	chizziles	(none)
chiseling	chizziling	(none)
chisel	chizzle	chile
chiseled	chizzled	chilled
chisels	chizzles	fizzles
chiseling	chizzling	chilling
checked	chked	choked
children	chlids	childs
tchotchke	chochka	chock
tchotchkes	chochkas	chocks
chocolates	chocolots	chocolate
chose	choosed	choose
chopping	choppin	chopin
choppy	chopy	copy
chose	chosed	closed
chooser	choser	chosen
choosing	chosing	closing
choose	chosse	chose
chooses	chosses	crosses
choosing	chossing	crossing
should	chould	could
choose	chouse	house
chowing	chowin	chopin
crashes	chrashs	crash
chunk	chunc	chung
chunk	chunck	chuck
chunked	chuncked	chucked
chunked	chuned	churned
churches	churchs	church
click	cick	pick
cycle	cicle	cicle
cycled	cicled	circled
cycles	cicles	circles
cigarette	cigarret	garret
cigarettes	cigarrets	(none)
cigarette	cigarrett	garrett
cigarettes	cigarretts	cigarette
cigarette	ciguret	figure
cigarettes	cigurets	figures
client	cilent	silent
cylinder	cilyndre	(none)
cylinders	cilyndres	(none)
cylinders	cilyndrs	(none)
symmetric	cimetric	metric
symmetrical	cimetrical	metrical
symmetrically	cimetricaly	(none)
symmetrically	cimetriclly	(none)
symmetrically	cimetricly	(none)
symmetrically	cimmetricaly	(none)
symmetrically	cimmetriclly	(none)
symmetrically	cimmetricly	(none)
symptom	cimptom	compton
symptomatically	cimptomaticaly	(none)
symptomatically	cimptomaticlly	(none)
symptomatically	cimptomaticly	(none)
symptom	cimptum	(none)
symptomatic	cimptumatic	(none)
symptomatically	cimptumatically	(none)
symptomatically	cimptumaticaly	(none)
symptomatically	cimptumaticlly	(none)
symptomatically	cimptumaticly	(none)
symptoms	cimptums	(none)
coyote	ciotee	cited
coyotes	ciotees	cities
cipher	ciper	piper
ciphers	cipers	vipers
cipher	ciph	(none)
ciphers	ciphes	cipher
chips	cips	caps
circular	circual	circuit
circulator	circulater	circulated
circulators	circulaters	circulates
circuits	circuts	circus
cyrillic	cirilic	critic
circular	cirucal	crucial
classes	claaes	class
clean	claen	clan
cleans	claens	clans
calibscale	claibscale	(none)
claim	claime	claimed
claims	claimes	claimed
claim	clame	came
clamber	clammer	slammer
collapse	clapse	clause
collapsed	clapsed	classed
collapses	clapses	classes
collapsing	clapsing	clapping
clairvoyants	claravoyantes	(none)
classes	clases	class
classified	classied	classed
clause	claus	claus
clocksource	clcoksource	(none)
clean	clea	clear
cleaned	cleaed	cleared
clears	cleaers	cleaners
cleancache	cleancacne	(none)
cleaned	cleand	clean
cleanness	cleaness	cleaners
cleanup	cleanp	clean
cleared	cleare	clear
clears	cleares	cleared
clearoutput	clearouput	(none)
clerestories	clearstorys	(none)
clearly	cleary	clear
cleans	cleas	clear
check	cleck	clock
cleans	cleens	clemens
cliché	cleeshay	(none)
clichés	cleeshays	(none)
cliché	cleeshey	(none)
clichés	cleesheys	(none)
clef	cleff	cliff
client's	cleint's	clients
clean	clen	clan
clean	clene	clone
cleaner	clener	clever
cleans	clens	lens
client	clienta	clients
client	cliente	clients
click	clik	clip
clicks	cliks	clips
climbing	climing	claiming
clinically	clinicaly	clinical
cliché	clishay	elisha
clichés	clishays	(none)
cliché	clishey	clashes
clichés	clisheys	clashes
cloak	cloack	clock
cloaks	cloacks	clocks
clocksource	clocksourc	(none)
closed	clodes	codes
cloisonné	cloisonay	cloisonne
cloisonnés	cloisonays	(none)
clones	clonez	clone
cloning	clonin	cronin
chlorine	cloreen	colleen
close	clos	clos
closed	closee	close
closes	closses	classes
closing	clossing	crossing
collision	clossion	cession
collisions	clossions	colossians
clued	clude	claude
clumsily	clumsly	clumsy
cluster	cluser	closer
cmake	cmak	cmyk
can't	cnat'	cat
can't	cnat	cat
coalesce	coalace	coalface
coalesce	coalacece	(none)
coalesced	coalaced	collared
coalescing	coalacing	coaling
coalesce	coalase	collapse
coalescence	coalasece	coalesce
coalesced	coalased	collapsed
coalesces	coalases	collapses
coalescing	coalasing	collapsing
coalescence	coalcece	coalesce
coalescence	coalcence	coalesce
coalesce	coaless	coles
coalesce	coallece	college
coalesced	coalleced	collected
coalesces	coalleces	colleges
coalescing	coallecing	collecting
coalesce	coallee	callee
coalesced	coalleed	called
coalescence	coalleence	(none)
coalesces	coallees	colleges
coalescing	coalleing	calling
coalesce	coallese	college
coalesces	coalleses	colleges
coalesce	coallesse	goalless
coalescence	coalsence	coalesce
coder	codder	colder
codeine	codeen	coleen
codecs	codesc	codes
codespell	codespel	(none)
coding	codin	colin
conductor	coducter	conducted
coefficients	coefficiens	coefficient
coercible	coercable	(none)
coercing	coercin	coercion
coerced	coered	covered
coercible	coerscible	(none)
coarse	coerse	course
coercitivity	coersitivity	(none)
cognizant	cogniscent	cognoscenti
choice	coice	voice
coinitialize	coinitailize	(none)
cookies	cokies	copies
coldplug	coldplg	coldly
colleague	coleeg	coleen
colleagues	coleeges	colleges
colleagues	coleegs	college
colorscheme	colerscheme	(none)
collision	colission	commission
collisions	colissions	commissions
collating	collatin	collation
colleague	colleage	college
colleagues	colleages	colleges
collector	collecter	collected
colleague	collegue	college
colleagues	collegues	colleges
colander	collender	contender
colanders	collenders	contenders
collect	collet	collet
collects	collets	collets
colloquial	collocweall	(none)
colloquially	collocweally	(none)
colleague	collogue	college
colleagues	collogues	colleges
cologne	collone	college
colorscheme	collorscheme	(none)
column	collum	colum
columns	collums	column
colonizers	colonizators	(none)
colorful	colorfull	colorfull
column	coloum	colour
columns	coloums	colours
colourspaces	colourpsaces	colorspaces
column	colum	colum
column	colume	volume
columns	columes	volumes
columns	colums	column
columns	columsn	column
combine	combain	cobain
combines	combains	contains
combiner	combier	comber
combing	combin	combine
combining	combinating	combination
combinations	combinatios	combination
combined	combinbe	combine
combine	combinine	combining
combiner	combininer	combining
combines	combinines	combining
connect	comect	comet
connected	comected	competed
connecting	comecting	competing
comedilib	comedlib	comedic
comment	coment	moment
cormorant	comerant	covenant
cormorants	comerants	covenants
commented	cometed	competed
conform	comform	comfort
conforms	comforms	comforts
comfortable	comfterble	(none)
comfortably	comfterbly	(none)
combinations	cominations	nominations
combinator	cominator	dominator
combinators	cominators	nominators
combine	comine	coming
combiner	cominer	coiner
comings	cominings	combining
commit	comit	comic
committed	comited	vomited
committing	comiting	vomiting
commits	comits	comics
committed	comitte	committee
committish	comittish	(none)
command	comman	common
commands	commans	command
commands	commansd	command
commands	commants	comments
commas	commatas	commands
connect	commect	comment
connected	commected	commented
connecting	commecting	commenting
connection	commection	collection
connections	commections	collections
connector	commector	collector
connectors	commectors	collectors
connects	commects	comments
commend	commen	common
comment	commene	commune
comments	commens	commons
commentstatus	commenstatus	(none)
commented	commeted	competed
commenting	commeting	competing
coming	comming	comming
committable	commitable	commutable
committed	commited	commited
committer	commiter	commuter
committers	commiters	commuters
committee	commiti	commit
committing	commitin	commit
committish	commitish	commits
committees	committes	committee
committees	committis	committee
committed	commmited	commited
committing	commmiting	commenting
command	commond	common
commands	commonds	commons
compressed	commpresd	compress
compressed	commpresed	comprised
commune	commun	common
communication	communicatie	communicate
communicating	communicatin	communication
communicating	communicationg	communication
communiqué	communikay	community
communiqués	communikays	(none)
communing	communin	communion
commuted	commutated	committed
commuting	commutating	committing
commutative	commutive	commute
compatibilities	compabilities	capabilities
compatibility	compability	capability
compatibilities	compabillities	(none)
compatibility	compabillity	(none)
compatibilities	compabitilibies	(none)
compatibility	compabitiliby	(none)
compatibly	compabitly	compactly
compare	compair	compar
compares	compairs	companies
compare	comparare	comparable
comparison	comparation	corporation
comparisons	comparations	corporations
compatible	comparible	comparable
comparisons	comparions	companions
comparison	comparios	companies
comparisons	comparioss	comparison
comparison	comparisation	(none)
comparisons	comparisations	(none)
comparison	comparisement	(none)
comparisons	comparisements	(none)
comparing	comparising	comprising
comparison	comparisment	compartment
comparisons	comparisments	compartments
comparisons	comparisms	comparison
comparison	comparition	competition
comparisons	comparitions	competitions
comparative	comparititive	(none)
comparatively	comparititively	(none)
compatible	compatabable	(none)
compatible	compatabile	comparable
compatibility	compatabily	comparably
compatible	compatable	comparable
compatible	compatablie	comparable
compatibility	compatablitiy	(none)
compatibly	compatably	comparably
compatible	compatatble	comparable
compatibilities	compatibilies	compatibility
compatibility	compatibily	compatibly
compaction	compation	companion
compares	compears	competes
compete	compeat	compleat
completes	compeltes	competes
completing	compelting	competing
compensating	compensatin	compensation
competition	competion	competion
competitive	competive	compete
complexes	compexes	competes
compiles	compies	copies
compatibility	compilability	computability
compile	compilate	complete
compiled	compilated	completed
compiles	compilates	completes
compiling	compilating	compilation
complication	compilcation	compilation
compile	compiletime	(none)
compiling	compilling	compelling
compatibility	compitability	computability
compatible	compitable	computable
complaining	complaing	complaint
completes	complats	complots
complete	compleat	compleat
completes	compleats	compleat
completeness	compleness	complexes
complete	complet	complex
complete	completd	completed
completed	completedthe	(none)
completion	completetion	competition
completely	completey	completed
completing	completin	completion
completion	completition	competition
completions	completitions	competitions
completes	complets	complete
completely	complety	complete
complexity	complext	complex
complexion	complextion	completion
complexions	complextions	completions
compilations	compliations	complications
complicating	complicatin	complication
complaisance	complisance	compliance
compilation	complitation	complication
compilations	complitations	complications
completes	compltes	competes
completing	complting	competing
component	componenete	components
compressor	comporesser	compressed
compositing	compositin	composition
composites	composits	composite
compress	compres	compares
compressed	compresed	comprised
compressor	compreser	composer
compressors	compresers	comprises
compresses	compreses	comprises
compressing	compresing	comprising
compressor	compresser	compressed
compressing	compressin	compression
compatibility	comptability	computability
compatibility	comptablity	computability
compiler	compuler	computer
compilers	compulers	computers
computes	computs	compute
commutability	comutability	computability
commute	comute	comte
commuted	comuted	computed
commutes	comutes	computes
commuting	comuting	computing
contains	conaines	confines
contain	conaint	contains
contained	conainted	continued
concatenate	concanete	concrete
concatenated	concaneted	concreted
concatenates	concanetes	concretes
concatenating	concaneting	concreting
concatenation	concanetion	concretion
concatenations	concanetions	concretions
concatenating	concatenatin	concatenation
concatenating	concating	coating
concede	conceed	conceded
conceit	conceet	concept
conceited	conceeted	concerted
conceits	conceetes	concretes
conceiting	conceeting	concreting
conceits	conceets	concerts
consensus	concensors	condensers
concentrating	concentratin	concentration
conscious	conceous	concerns
consciously	conceousally	(none)
conceptualization	conceptification	(none)
conceptually	conceptionally	conventionally
concrete	concerte	concert
conscience	conchance	constance
consciences	conchances	(none)
conscious	conchus	conchas
consciously	conchusally	(none)
consciously	conchusly	(none)
concrete	concret	concret
conqueror	concurer	conjurer
concurs	concures	conjures
configdialog	condigdialog	(none)
condition	condion	london
conditional	conditial	condition
conditionally	conditialy	(none)
conditionally	conditianaly	conditional
conditionally	conditionaly	conditional
condition	conditionn	conditions
conditionally	conditionnaly	conditional
conductor	conducter	conducted
conductance	conductuctance	(none)
conductances	conductuctances	(none)
connect	conecct	concept
connected	coneccted	conducted
connectivities	conecctivities	conductivities
connector	conecctor	conductor
connectors	conecctors	conductors
connects	coneccts	concerts
connect	conecnt	concent
connects	conecnts	concerts
corner	coner	cover
corners	coners	covers
convert	conert	concert
converts	conerts	concerts
connect	conet	cone
connected	coneted	coveted
connecting	coneting	coveting
connection	conetion	convention
connections	conetions	conditions
connector	conetor	monitor
connectors	conetors	monitors
connects	conets	cones
connexant	conexant	constant
convert	confert	concert
confessing	confessin	confession
confetti	confety	convey
config	confg	cong
conflicted	conficted	convicted
confidentials	confidantals	confidants
confidentially	confidencialy	confidential
configured	configed	confined
configure	configer	consider
configured	configruated	(none)
configure	configulate	(none)
configuring	configurating	configuration
configure	configuree	configured
configurable	configury	configure
config	confing	conning
configs	confings	confines
conflating	conflatin	conflation
conflicts	conflics	conflict
conflicts	conflictd	conflict
conflict	conflite	conflate
conflicts	conflites	conflates
conjunction	confuction	conduction
confuses	confues	confuse
configurable	confugirble	(none)
configure	confugre	confuse
configured	confugred	confused
configures	confugres	confuses
configuring	confugring	confusing
configurable	confurable	honourable
configuration	confuration	conjuration
configure	confure	confuse
configured	confured	confused
configures	confures	confuses
configuring	confuring	confusing
confirmations	confurmations	conformations
confusing	confusin	confusion
confuse	confuss	confess
confuses	confusses	confesses
confusions	confussions	confessions
config	congif	congo
configs	congifs	congas
config	conig	cong
configs	conigs	conics
convenient	coninient	continent
coinstallable	coninstallable	uninstallable
connects	connecs	connect
connectstatus	connecstatus	(none)
connects	connectes	connected
connecting	connectin	connection
connections	connectins	connecting
connection	connexion	connexion
conning	connin	connie
conversion	connvertion	convention
conversions	connvertions	connections
canonicalizes	cononicalizes	canonicalized
canonicalizing	cononicalizing	(none)
connoisseur	conosuer	consumer
compress	conpress	congress
conqueror	conquerer	conquerer
considered	consdired	conspired
conceit	conseat	consent
conceited	conseated	consented
concede	conseed	consent
concedes	conseeds	contends
conscientious	consentious	contentious
consequently	consequentually	consequentially
conceivable	consevible	conservable
consider	considere	considered
consideration	considerion	considering
considerations	considerions	considering
considered	considert	consider
considers	consides	consider
consistent	consisant	constant
consistent	consisten	consisted
consistent	consistend	consisted
consistency	consisteny	consistent
constituency	consistuency	consistency
constituent	consistuent	consistent
constituents	consistuents	consistent
constituted	consistuted	consisted
constituting	consistuting	consisting
consistent	consitant	constant
console	consol	consol
conspiracies	conspiracys	conspiracy
constrain	constain	contain
constrained	constained	contained
constraining	constaining	containing
constrains	constains	contains
constraint	constaint	constant
constraint	constainte	constant
constrained	constainted	contained
constants	constans	constant
consistency	constency	constancy
constant	constent	content
constants	constents	contents
consisting	consting	costing
constituting	constitutin	constitution
construct	constract	contract
constriction	constraction	construction
constrictions	constractions	constructions
constructor	constractor	contractor
constructors	constractors	contractors
constraining	constraing	constraint
constraint	constrainst	constraints
constraint	constrant	constant
contrast	constrat	contract
contrasted	constrated	constructed
constraint	constratin	constrain
contrasting	constrating	constructing
constraints	constratins	constrains
contrasts	constrats	contrast
constricting	constrictin	constriction
constructs	construcs	construct
constructor	constructer	constructed
constructs	constructes	constructed
constructing	constructin	construction
constructing	constructiong	construction
constructor	constructr	construct
constructors	constructrs	constructs
constructor	constructure	constructive
constructor	construter	constructed
constructor	consttructer	constructed
constructor	constucter	constructed
consummate	consumate	consulate
consummating	consummatin	consummation
concatenation	contacentaion	(none)
contagion	contagen	contain
contain	containa	contains
contain	containe	contains
containing	containg	contains
contained	containined	containing
contain	containn	contains
container	containr	contains
containers	containrs	contains
contain	containt	contains
contaminating	contaminatin	contamination
constant	contant	content
constants	contants	contents
contrast	contast	contest
context	contaxt	contact
contexts	contaxts	contacts
contact	contect	content
contain	conten	content
contents	contence	continue
contained	contened	convened
container	contener	contender
containers	conteners	contenders
contents	contens	content
contended	contentended	(none)
contenting	contentin	contention
counter	conter	center
counters	conters	centers
contest	contet	content
contents	contets	contest
contingent	contigent	continent
contiguous	contignuous	continuous
contain	contina	cantina
contained	continaed	continued
container	continaer	continuer
containers	continaers	continues
containing	continaing	continuing
containing	continging	continuing
contiguous	contingous	continuous
contiguous	continguous	continuous
continuous	continouos	continues
continually	continuely	continued
continuum	continuem	continued
continuously	continuesly	continues
continuous	continuos	continues
continues	continuse	continue
continuous	contious	continue
control	contole	console
controlled	contoled	consoled
controller	contoler	console
controllers	contolers	consoles
controls	contoles	consoles
controlling	contoling	consoling
controlled	contorled	contorted
controlling	contorling	contorting
contradiction	contracition	contraction
contradictions	contracitions	contractions
contractor	contracter	contracted
contradictory	contradically	(none)
constrain	contrain	contain
constrained	contrained	contained
constraining	contraining	containing
constrains	contrains	contains
constrained	contrainted	contained
constraints	contraitns	contains
contributor	contributer	contributed
contributors	contributers	contributes
contribution	contributiong	contributions
contrast	contrst	contest
contrasted	contrsted	contested
contrasts	contrsts	contests
construct	contruct	contract
constructor	contructor	contractor
constructors	contructors	contractors
constructs	contructs	contracts
countryie	contryie	contrite
constants	contstants	contestants
convexness	convaxness	(none)
convince	convense	converse
conventional	convential	convention
convert	conver	cover
coverages	converages	converges
converted	convered	covered
converting	convering	covering
converse	convers	covers
conversing	conversin	conversion
conversions	converstions	conversations
conversion	convertion	convention
conversions	convertions	conventions
conserve	converve	converge
conserved	converved	converted
conserver	converver	converter
conservers	conververs	converters
conserves	converves	converges
conserving	converving	converting
conveyor	conveyer	conveyed
convince	convice	convict
convinced	conviced	convicted
convicting	convictin	conviction
convenient	convienant	covenant
convenience	conviencece	(none)
convenient	convienent	continent
convenient	convient	convent
combination	convination	convention
combinations	convinations	conventions
combine	convine	convince
convenience	convineance	continuance
conveniences	convineances	continuances
combined	convined	convinced
convenience	convinence	continence
conveniences	convinences	convinces
convenient	convinent	continent
combines	convines	convinces
combining	convining	convincing
convinced	convised	consisted
cognac	conyak	conrad
cougar	cooger	cooper
cuckoo	cookoo	cook
cooling	coolin	colin
culotte	coolot	color
culottes	coolots	colors
cooperating	cooperatin	cooperation
coordinating	coordinatin	coordination
according	coording	cording
copy	copie	copies
compile	copilate	copulate
compiled	copilated	populated
compiles	copilates	opiates
compiling	copilating	copulating
compiles	copiles	copies
coping	copin	colin
copulating	copulatin	copulation
copies	copys	copy
chorale	corale	coral
corrugated	coregated	created
colonel	cornel	cornel
colonels	cornels	cornell
corresponding	corosbonding	(none)
correspondence	corospondance	(none)
correspondences	corospondances	(none)
correspondent	corospondant	(none)
correspondents	corospondants	(none)
corrects	correcs	correct
correcting	correctin	correction
correctors	correctures	conjectures
correctly	correcty	correct
correlating	correlatin	correlation
correct	corrent	current
correctly	corrently	currently
corresponded	correspdoned	correspond
corresponded	correspondd	corresponds
corresponding	correspondg	corresponds
corresponded	corresponed	correspond
correlate	correte	compete
correlates	corretes	competes
course	corse	corse
chorus	corus	corps
consoled	cosoled	cooled
consoling	cosoling	cooling
constructor	costructer	constructed
custom	costum	costume
customise	costumise	costume
customised	costumised	costumed
customiser	costumiser	costumer
customisers	costumisers	costumers
customising	costumising	costuming
customize	costumize	costume
customizer	costumizer	costumer
customizers	costumizers	costumers
customizes	costumizes	costumes
customizing	costumizing	costuming
customs	costums	costume
consume	cosume	costume
consumes	cosumes	costumes
cotransfer	cotranser	(none)
cotransferred	cotrasferred	(none)
cotransfers	cotrasfers	(none)
controls	cotrolles	controlled
couldn't	coudn't	count
couldn't	coudnt	count
caught	cought	bought
couldn't	could'nt	couldnt
couldn't	could't	couldst
couldn't	coulden't	couldnt
couldn't	couldent	couldnt
couldn't	couldnt'	couldnt
couldn't	couldnt	couldnt
couldn't	couln't	count
could	cound	found
counted	counded	founded
counting	counding	founding
couldn't	coundn't	couldnt
counts	counds	rounds
country	counry	county
counsel	counsil	council
counsels	counsils	councils
contain	countain	mountain
counters	counteres	countered
counter	counterintuive	counterintuitive
continueq	countinueq	continued
counter	countr	county
counters	countrs	country
countries	countrys	country
counties	countys	county
course	cource	source
coerced	courced	sourced
courses	cources	sources
coercing	courcing	sourcing
coursing	coursin	cousin
courier	coururier	couturier
course	couse	house
courses	couses	houses
cousin	cousing	housing
counter	couter	outer
counting	couting	scouting
couldn't	couuldn't	couldnt
conventional	coventionnel	(none)
covered	coverd	cover
covers	coveres	covered
coverages	coverges	converges
converted	coverted	covered
converting	coverting	covering
converter	covnertor	convertor
converters	covnertors	convertors
copy	coyp	coup
grace	crace	race
graced	craced	traced
graces	craces	races
crash	crach	coach
crashed	crached	coached
crashes	craches	coaches
crashing	craching	coaching
gracing	cracing	racing
curmudgeon	cramugin	(none)
curmudgeons	cramugins	(none)
crashes	crashs	crash
cretaceous	cratashous	(none)
crating	cratin	craton
creosote	creasoat	(none)
create	createa	created
creator	creater	created
creators	creaters	creates
creates	creats	create
created	credate	create
credential	credidential	presidential
credits	credis	credit
screen	creen	green
crescent	cresent	present
crèche	cresh	crash
croissant	crewsant	crewman
criticals	cricitals	criminals
critique	criteak	crimea
criteria	criteras	writers
critics	criticists	criticisms
criticising	critising	cruising
criticise	critisize	criticize
criticised	critisized	criticized
criticises	critisizes	criticizes
criticising	critisizing	criticizing
crotch	croch	crouch
cruise	crooz	crook
cruised	croozed	crooked
cruiser	croozer	crooner
cruises	croozes	crookes
cruising	croozing	crooning
crowdsignal	crowdsigna	(none)
croquet	crowkay	crowley
crochet	crowshay	crossway
crochets	crowshays	(none)
crucially	crucialy	crucial
crucially	crutialy	crucial
cruise	cruze	cruz
cruised	cruzed	crazed
cruiser	cruzer	cruder
cruises	cruzes	cruces
cruising	cruzing	crazing
encrypted	crypted	created
creator	cteater	cheater
cause	cuase	case
causes	cuases	cases
cupboard	cubburd	hubbard
cupboards	cubburds	(none)
cuileog	cuileoga	(none)
culling	cullin	cullen
compass	cumpus	campus
compasses	cumpuses	campuses
counter	cunter	center
counters	cunters	centers
counting	cunting	hunting
curse	curce	curve
currentfilter	curentfilter	(none)
curiosity's	curiousity's	(none)
colonel	curnel	cornel
colonels	curnels	cornell
correct	currect	current
correctly	currectly	currently
corrects	currects	currents
currently	currentl	current
currently	currenty	current
currency	curreny	current
cursor	curros	burros
cursor	curser	curse
cursors	cursos	curses
courteous	curteus	curtis
courteously	curteusly	curiously
cushion	cushin	cushing
cushions	cushins	cushing
success	cussess	cusses
custom	custome	custome
customisable	customicable	customizable
custom	customn	customs
cut	cuted	cited
custom	cutoms	customs
curve	cuve	cave
curves	cuves	caves
cvsignore	cvignore	ignore
cyan	cxan	can
cyclical	cylical	cynical
symptomatically	cymptumaticaly	(none)
symptomatically	cymptumaticlly	(none)
symptomatically	cymptumaticly	(none)
crypt	cyprt	court
cryptic	cyprtic	coptic
crypto	cyprto	cyprus
crypto	cyrto	cargo
data	daa	day
database	dabase	diabase
debris	dabree	degree
debut	dabue	daube
daiquiri	dackery	hackery
dead	daed	died
daemonised	daemonified	(none)
take	dake	make
dalmatian	dalmation	dalmation
delta	dalta	data
damped	damed	named
daemon	dameon	damon
damning	daming	dating
daemons	damons	demons
dharma	darma	drama
draw	darw	dark
dashdot	dasdot	mascot
dashboards	dashboars	dashboard
dashes	dashs	dash
days	dasy	day
datadir	datadsir	(none)
datecreated	datecreatedd	(none)
datetimes	dateteims	datetime
datetimes	datetiems	datetime
dating	datin	latin
data	daty	day
debut	daybue	maybe
dockerd	dcokerd	docked
additions	dditions	editions
addons	ddons	dons
deactivating	deactivatin	deactivation
deactivate	deactive	reactive
deactivated	deactived	reactive
deactivating	deactiving	deceiving
dealt	dealed	dealer
delete	dealte	dealt
disambiguate	deambigate	(none)
disambiguates	deambigates	(none)
disambiguation	deambigation	(none)
disambiguate	deambiguage	(none)
disambiguates	deambiguages	(none)
disambiguate	deamiguate	(none)
disambiguates	deamiguates	(none)
disambiguation	deamiguation	(none)
daemon	deamon	demon
daemonized	deamonified	(none)
daemonisation	deamonisation	demonisation
daemonise	deamonise	demonise
daemonised	deamonised	demonised
daemonises	deamonises	demonises
daemonising	deamonising	demonising
daemonization	deamonization	demonization
daemonize	deamonize	demonize
daemonized	deamonized	demonized
daemonizes	deamonizes	demonizes
daemonizing	deamonizing	demonizing
daemons	deamons	demons
depth	deapth	death
depths	deapths	deaths
detach	deatch	death
detach	deattach	reattach
detached	deattached	reattached
detaches	deattaches	attaches
detaching	deattaching	reattaching
detachment	deattachment	reattachment
default	deault	dealt
debian	debain	detain
debugged	debbuged	debuted
debugging	debbuging	debuting
debian	debia	debra
debian's	debians	debian
debian	debnia	dennis
debounced	debouced	debuted
debounces	debouces	deduces
depth	debth	death
depths	debths	deaths
debugfs	debufs	debuts
debugged	debuged	debuted
debuggee	debugee	debuted
debug	debuggg	debugging
debuggee	debuggge	debugger
debuggee	debugggee	debugger
debugs	debugggs	debugger
debugs	debuggs	debugfs
debugging	debuging	debuting
declarators	decalarators	declaratory
declarations	decalratiosn	declaration
declarators	decalrators	declaratory
decapsulating	decapsulting	(none)
decelerating	deceleratin	deceleration
descend	decend	defend
descendent	decendend	defended
descendent	decendent	dependent
descendant	decendentant	(none)
descendants	decendentants	(none)
descendents	decendents	dependents
descending	decending	depending
discern	decern	desert
discerned	decerned	declined
discerning	decerning	declining
discerns	decerns	decent
dedicate	decidate	decimate
dedicated	decidated	decimated
dedicates	decidates	decimates
decide	decied	decided
disciple	deciple	decile
disciples	deciples	deciles
declarators	declaraters	declaratory
declaring	declarating	declaration
declares	declars	declare
declared	declartated	(none)
declarators	declartators	declaratory
declarators	declartors	declaratory
declaration	declation	deflation
declarations	declations	relations
declarators	declearators	declaratory
declarators	declerators	declaratory
declarations	declrations	decorations
declarative	declrative	decorative
declaratively	declratively	decoratively
declarator	declrator	decorator
declarators	declrators	decorators
decompose	decomposit	decomposed
decomposing	decompositing	decomposition
decompressor	decompreser	decompress
decompresses	decompreses	decompress
decompressed	decompressd	decompress
decompressor	decompresser	decompressed
decompressing	decompressin	decompression
decode	decond	second
decoded	deconded	seconded
deconstructor	deconstructer	deconstructed
deconstructors	deconstructers	deconstructed
decorator	decorater	decorated
decoded	decorded	recorded
decoder	decorder	recorder
decoders	decorders	recorders
decoding	decording	recording
decodings	decordings	recordings
decode	decose	depose
decoded	decosed	deposed
decrease	decrese	decree
decryption	decrption	deception
detect	dectecte	detected
detection	dection	section
detections	dections	sections
deductible	decutable	executable
deductibles	decutables	executables
dead	ded	de
detections	dedections	deductions
detects	dedects	defects
deducting	deductin	deduction
deduplicates	deduplacates	deduplicated
deduplicates	deduplactes	(none)
deduplicates	deduplaicates	deduplicated
deduplicates	deduplates	(none)
depot	deepo	deep
depots	deepos	deeps
diesel	deesil	detail
diesel	deezil	detail
default	defalt	dealt
defragkey	defargkey	(none)
default	defauled	defaulted
defaults	defaulst	default
defecting	defectin	defection
definite	defenate	defecate
defendant	defendent	dependent
dereferencing	deferencing	referencing
definitely	definatly	defiantly
defining	definding	defending
define	definine	defining
defines	definines	definiens
definite	defininite	definitive
definite	definit	deficit
definitively	definitvely	definitely
defines	defins	define
definite	defint	define
definite	definte	define
definitively	defintivly	definitely
definitely	defintly	defiantly
deficient	defishant	defiant
deficiently	defishantly	defiantly
definition	defition	edition
definitions	defitions	editions
default	deflaut	defeat
deflecting	deflectin	deflection
defend	defned	defined
differentiate	defrentiate	(none)
differentiated	defrentiated	(none)
differentiates	defrentiates	(none)
differentiating	defrentiating	(none)
degenerating	degeneratin	degeneration
degenerated	degenratet	degenerate
degenerate	degerate	generate
degrades	degrads	degrade
degradation	degration	migration
degrees	degres	degree
denied	deined	defined
denies	deines	defines
deinitialise	deinitailse	(none)
deinitialize	deinitailze	(none)
deinitialized	deinitalized	digitalized
deinstantiating	deinstantating	(none)
deinitialize	deintialize	reinitialize
deinitialized	deintialized	reinitialized
deinitializing	deintializing	reinitializing
delalloc	delaloc	delano
declarators	delarators	declaratory
delete	delate	debate
declarators	delcarators	declaratory
detection	delection	election
detections	delections	elections
delegator	delegater	delegates
delegators	delegaters	delegates
delegating	delegatin	delegation
delete	delelete	delegate
deletes	deleletes	delegates
delimiter	delemeter	telemeter
delete	deletete	delegate
deletes	deletetes	delegates
deletion	deletetion	delegation
deletions	deletetions	delegations
deleting	deletin	deletion
deletes	delets	delete
develop	delevopp	(none)
delimitation	delimition	definition
delimitations	delimitions	definitions
unlink	delink	relink
deliverymode	delivermode	(none)
deliveries	deliverys	delivery
dealt	delt	del
delete	delte	delta
deletes	deltes	delves
deleting	delting	melting
delusively	delusionally	delusional
demagogue	demagog	demagogy
demagogues	demagogs	demagogy
demographic	demographical	geographical
demolition	demolishon	demolished
demonstrator	demonstrater	demonstrated
demonstrators	demonstraters	demonstrates
demonstrating	demonstratin	demonstration
demonstrates	demonstrats	demonstrate
denied	denined	defined
identities	dentities	entities
doesn't	deoesn't	doesnt
depend	depand	demand
dependent	depandant	dependant
dependents	depandants	dependants
depended	depanded	demanded
depends	depands	demands
depend	depden	deaden
dependence	depdence	defence
dependence	depdencente	(none)
dependences	depdencentes	(none)
dependences	depdences	defences
dependencies	depdencies	tendencies
dependency	depdency	tendency
dependent	depdendant	dependant
dependents	depdendants	dependants
depending	depdening	deadening
dependence	depdennce	(none)
dependences	depdennces	(none)
dependencies	depdenncies	(none)
dependency	depdenncy	(none)
dependent	depdent	descent
dependents	depdents	depends
deprecate	depecate	defecate
deprecating	depecating	defecating
deprecation	depecation	defecation
dependencies	depedencys	dependency
dependencies	depencendencies	(none)
dependency	depencendency	(none)
dependencies	depencendencys	(none)
dependencies	depencies	defences
dependency	depency	decency
dependencies	dependancys	dependency
dependent	dependand	dependant
dependency	dependcy	depends
dependencies	dependecys	dependency
dependent	dependedn	depended
dependencies	dependees	dependent
dependency	dependencey	dependence
dependency	dependencie	dependence
dependency	dependencied	dependencies
dependencies	dependencys	dependency
depended	dependended	dependence
dependence	dependendence	(none)
dependences	dependendences	(none)
dependencies	dependendencies	(none)
dependency	dependendency	(none)
dependent	dependendent	(none)
dependently	dependendently	(none)
dependents	dependendents	(none)
depending	dependending	(none)
depends	dependends	dependents
dependency	dependeny	dependent
dependency	dependice	depending
dependencies	dependices	appendices
dependency	dependicy	depending
dependencies	depenencys	dependency
depend	depenend	dependent
dependencies	depenendecies	(none)
dependency	depenendecy	(none)
duplicate	deplicate	delicate
duplicated	deplicated	replicated
duplicating	deplicating	replicating
duplication	deplication	replication
deploy	deployd	deployed
deploy	deply	deeply
dependent	depndant	dependant
dependents	depndants	dependants
deposing	deposin	deposit
deposing	deposint	deposit
deploy	depoy	depot
deploys	depoys	depots
deprecates	depreacts	detracts
deprecation	depreation	depredation
deprecating	deprecatin	deprecation
deprecate	depreceate	depreciate
depreciating	depreceating	deprecating
depreciating	depreciatin	depreciation
deprecate	deprectat	depreciate
deprecate	deprectate	depreciate
deprecation	deprectation	depreciation
deprecates	deprectats	depreciate
depreciates	depretiats	depreciate
deprecation	deprication	deprivation
dequeued	dequed	debuted
dirigible	derageable	draggable
dram	deram	dream
directive	derective	detective
directives	derectives	detectives
detector	derector	director
detectors	derectors	directors
directs	derects	defects
dereference	derefence	defence
dereferences	derefences	defences
dereferenceable	derefenrecable	(none)
dereferenceable	derefenreceable	(none)
dereferenceable	dereferencable	(none)
dereferencer	dereferncencer	(none)
dereferencers	dereferncencers	(none)
dereferencer	dereferncer	dereference
dereferencers	dereferncers	dereferences
dereferenceable	derefrencable	(none)
deregistered	deregisted	deregister
deregisters	deregisteres	deregistered
deregistered	deregistrated	(none)
deregisters	deregiters	deregister
dereference	derference	deference
derriere	deriair	despair
directories	dericteries	(none)
directory	derictery	(none)
directories	dericteryes	(none)
directories	dericterys	(none)
derivatives	derivativs	derivative
derive	deriver	driver
derived	deriviated	deviated
derivatives	derivitivs	derivative
determine	dermine	ermine
determined	dermined	defined
determines	dermines	terminus
determining	derterming	determine
dearth	derth	death
deschedules	descchedules	reschedules
descendants	descentences	(none)
disguise	descize	despite
disguised	descized	described
description	descriont	(none)
descriptor	descriptior	description
descriptors	descriptiors	descriptions
descriptions	descriptios	description
destructor	descrutor	descriptor
deselectable	deselctable	detectable
deselectable	deselctables	(none)
deselecting	deselectin	deselection
disappears	desepears	(none)
deserialisation	deserailisation	deserialization
deserialise	deserailise	deserialize
deserialised	deserailised	deserialized
deserialises	deserailises	deserializes
deserialising	deserailising	deserializing
deserialisation	deseralisation	generalisation
deserialise	deseralise	generalise
deserialised	deseralised	generalised
deserialises	deseralises	generalises
deserialising	deseralising	demoralising
deserialise	deserialisae	deserialize
deserialised	deserialisaed	deserialized
deserialises	deserialisaes	deserializes
deserialising	deserialisaing	deserializing
deserialisation	deserialisazion	deserialization
deserialisation	deserialsiation	deserialization
deserialise	deserialsie	deserialize
deserialised	deserialsied	deserialized
deserialises	deserialsies	deserializes
deserialising	deserialsing	deserializing
deserialise	deserialsise	deserialize
desire	desiar	design
desiccate	desicate	delicate
decide	deside	desire
decides	desides	besides
designer	desigern	design
designers	desigerns	designs
designed	designd	design
designs	desigs	design
destination	desination	designation
design	desine	desire
destination	desintaiton	(none)
destinations	desintaitons	(none)
destination	desintation	designation
decision	desition	position
decisions	desitions	positions
destined	desitned	designed
disguise	deskys	desks
deselect	deslect	deflect
deselected	deslected	deflected
deselecting	deslecting	deflecting
deselection	deslection	deflection
deselections	deslections	deflections
deselects	deslects	deflects
doesn't	desn't	desert
dissolve	desolve	resolve
dispatch	despatch	despatch
dispatched	despatched	despatched
dispatcher	despatcher	despatches
dispatchers	despatchers	despatches
dispatches	despatches	despatches
dispatching	despatching	despatching
disposition	desposition	deposition
deserialisation	desserialisation	deserialization
deserialise	desserialise	deserialize
deserialised	desserialised	deserialized
deserialises	desserialises	deserializes
deserialising	desserialising	deserializing
desiccate	dessicate	delicate
desiccated	dessicated	dedicated
desiccation	dessication	destination
destroys	destroyes	destroyed
destructing	destructin	destruction
detaches	detachs	detach
detailed	detaild	details
detail	detaill	details
detail	detal	deal
detailing	detaling	dealing
detached	deteched	detected
detects	detecs	detect
detected	detectected	(none)
detector	detecter	detected
detects	detectes	detected
detecting	detectin	detection
deteriorated	deteoriated	(none)
deterrent	deterant	veteran
deteriorating	deterioratin	deterioration
determined	determinated	determinate
determining	determinating	determination
determine	determinee	determined
determining	determing	determine
determines	determins	determine
determines	determinse	determine
detections	detetions	deletions
destructed	detructed	detracted
detour	detur	deter
deterrence	deturance	durance
debugging	deubuging	debuting
debug	deug	drug
devastated	devasted	departed
deviation	devation	devotion
decent	devcent	descent
develop	develope	developed
develop	developpe	developed
delves	devels	levels
devops	deveops	develops
deviating	deviatin	deviation
devicecoordinates	devicecoordiinates	(none)
deviceremovable	deviceremoveable	(none)
divide	devide	device
divided	devided	decided
divider	devider	decider
divides	devides	devices
dividing	deviding	deciding
device	devied	denied
define	devine	device
derived	devired	desired
devirtualized	devirtualied	(none)
devirtualisation	devirtualisaion	devirtualization
devirtualisation	devirtualisaiton	devirtualization
devirtualisation	devirutalisation	devirtualization
devirtualise	devirutalise	(none)
devirtualised	devirutalised	(none)
devirtualize	devirutalize	(none)
devirtualized	devirutalized	(none)
developer's	devloper's	developers
devirtualisation	devritualisation	devirtualization
unwrapping	dewrapping	wrapping
dessert	dezert	desert
design	dezine	define
denizens	dezinens	defines
differ	dffer	offer
differed	dffered	offered
differing	dffering	offering
differs	dffers	offers
define	dfine	fine
dgettext	dgetttext	gettext
disable	diable	viable
disabler	diabler	dialler
disablers	diablers	dealers
diagnostics	diagnosics	diagnosis
diagnosing	diagnosin	diagnosis
diagonally	diagonaly	diagonal
diagonalizations	diagronalizations	diagonalization
dialog	dialoge	dialogue
dialogs	dialoges	dialogues
diamonds	diamons	diamond
disappears	diappeares	disappeared
diarrhea	diarea	area
diarrhoea	diarhea	diarrhea
disassociate	diassociate	dissociate
disassociated	diassociated	dissociated
disassociates	diassociates	dissociates
disassociating	diassociating	dissociating
disassociation	diassociation	dissociation
discard	dicard	picard
decision	dicision	division
decisions	dicisions	divisions
dictionaries	dictionarys	dictionary
didn't	did'nt	didnt
didactic	didactical	didactical
didn't	didnt'	didnt
didn't	didnt't	didnt
didn't	didnt	didnt
idea	diea	died
dying	dieing	diving
dimension	diemsion	division
deity	diety	diet
different	diferent	diferent
differed	diferred	deferred
different	diferrent	diferent
differing	diferring	deferring
difference	diffence	defence
differentiation	differantion	diffraction
differentiate	differate	(none)
different	differen	differen
difference	differene	different
difference	differens	different
differentiator	differentiater	differentiate
differentiators	differentiaters	differentiates
differentiations	differentiatiations	(none)
differentiating	differentiatin	differentiation
differently	differentl	different
difference	differnec	different
differences	differnecs	difference
diffusing	diffusin	diffusion
define	difine	divine
diffused	difused	disused
diffusion	difussion	discussion
digesting	digestin	digestion
digest	diggest	biggest
digitize	digitalise	digitalis
digitizing	digitalising	digitising
digitize	digitalize	digitalized
digitally	digitaly	digital
dilemma	dillema	diploma
dilemmas	dillemas	diplomas
dimensional	dimentionnals	(none)
diamond	dimond	dimond
dynamically	dinamicaly	dynamical
dynamically	dinamicly	(none)
dinghy	dingee	dingle
dinghies	dingees	dingoes
dinghies	dinghys	dinghy
diarrhea	dioreha	diorama
disposed	diposed	deposed
disposition	diposition	deposition
directories	direcctorys	directors
directories	direcdorys	directors
directory	direcoty	director
directs	directes	directed
directional	directiona	direction
direction	directon	director
directories	directores	directors
directories	directoris	directors
directory	directort	director
directories	directorys	directors
directory	directoy	director
directory	directry	directly
directly	directy	direct
disable	disabel	isabel
disable	disalb	dismal
dissipate	disapait	(none)
dissipated	disapaited	(none)
dissipating	disapaiting	(none)
dissipates	disapaits	(none)
dissipate	disapat	dishpan
dissipated	disapated	disputed
dissipates	disapats	(none)
disciplined	disapplined	disappointed
disciplining	disapplining	disappointing
disciplines	disapplins	disappoint
desirable	disariable	(none)
disassociating	disassociatin	disassociation
disconnect	discconecct	(none)
disconnected	discconeccted	(none)
disconnecting	discconeccting	(none)
disconnection	discconecction	(none)
disconnections	discconecctions	(none)
disconnects	discconeccts	(none)
disconnect	discconet	(none)
disconnected	discconeted	(none)
disconnecting	discconeting	(none)
disconnection	discconetion	(none)
disconnections	discconetions	(none)
disconnects	discconets	(none)
dissemination	discimenation	discrimination
disciplines	disciplins	discipline
disconnecting	disconeccting	disconcerting
disconnect	disconet	discover
disconnected	disconeted	discovered
disconnecting	disconeting	discovering
disconnection	disconetion	discretion
disconnects	disconets	discovers
disconnecting	disconnectin	disconnection
discotheque	discotek	discover
discourage	discourge	discourse
discourages	discourges	discourses
discovered	discoved	discover
disgracefulness	discracefulness	(none)
discretization	discretation	dissertation
discriminator	discriminater	discriminate
discriminators	discriminaters	discriminates
discriminating	discriminatin	discrimination
descriptor's	discriptor's	descriptors
discussing	discussin	discussion
disgusting	discusting	discussing
dissecting	disecting	directing
dissection	disection	direction
designed	disgned	signed
designing	disgning	signing
mismatch	dismatch	dispatch
mismatched	dismatched	dispatched
mismatches	dismatches	dispatches
mismatching	dismatching	dispatching
displays	dispalyes	displayed
disparagingly	disparingly	sparingly
disparate	disparite	disparity
dispatches	dispatchs	dispatch
displays	dispayes	displayed
displayed	displayd	display
displays	displayes	displayed
disrupting	disruptin	disruption
dissaggregation	dissagregation	disaggregation
disassemble	dissamble	dissemble
disassembled	dissambled	dissembled
disassembler	dissambler	dissembled
disassembles	dissambles	disables
disassemblies	dissamblies	(none)
disassembling	dissambling	dissembling
disassembly	dissambly	dissemble
disappeared	dissapeard	(none)
disappear	dissaper	disaster
disappeared	dissaperd	(none)
disappeared	dissapered	diapered
disappearing	dissapering	diapering
disappears	dissapers	disasters
disappeared	dissapperd	(none)
disassemblies	dissasemblies	disassembles
disassemblies	dissassemblies	disassembles
discuss	disscus	discus
discusses	disscuses	discuss
dissector	dissecter	dissected
dissectors	dissecters	dissenters
dissecting	dissectin	dissection
dissimilarly	dissimilarily	dissimilarity
dissimilarly	dissimilary	dissimilar
dissimilarity	dissimiliary	dissimilar
dismisses	dissmises	dismiss
dissociating	dissociatin	dissociation
disassemblies	disssemblies	disassembles
distanced	distancef	distance
distinct	distict	district
destination	distination	distinction
destroy	distory	history
distributions	distribtution	distribution
distributor	distributer	distributed
distributing	distributin	distribution
distributes	distrobuts	distribute
distrobox	distrobxx	(none)
distro	distroname	(none)
distribution	distrubiotion	(none)
distributed	distrubted	distrusted
distributing	distrubting	distrusting
disusing	disusin	disused
distutils	disutils	distils
ditto	dito	tito
dividing	divding	diving
divot	divet	diet
divider	dividor	divisor
dividers	dividors	divisors
definition	divinition	divination
divisor	divisior	division
done	dne	one
don't	do'nt	dont
doesn't	doasn't	doesnt
dachshund	dockson	dickson
docstatistic	docstatistik	(none)
dachshund	docsund	jocund
documentation	documation	decimation
documentations	documations	(none)
documentations	documentions	documenting
does	doed	died
doesn't	doen's	does
doesn't	doen't	dent
done	doen	doen
doesn't	doens't	doesnt
doesn't	doensn't	doesnt
doesn't	doenst	doesnt
doesn't	does'nt	doesnt
doesn't	does't	doesnt
doesn't	doese't	desert
doesn't	doesen't	doesnt
doesn't	doesent'	doesnt
doesn't	doesent	doesnt
doing	doesing	dosing
does	doesits	posits
doesn't	doesn'	doesnt
doesn't	doesn't't	(none)
doesn't	doesnexist	(none)
doesn't	doesnot	doesnt
doesn't	doesnt'	doesnt
doesn't	doesnt't	doesnt
doesn't	doesnt	doesnt
doesn't	doestn't	doesnt
doing	doin	down
dockerd	dokcerd	docked
docker	dokcre	dolce
dockerd	dokcred	docked
domain	doman	woman
domains	domans	romans
doming	domin	domain
dominants	dominantes	dominates
dominating	dominatin	domination
dungeon	donejun	donjon
dungeons	donejuns	(none)
don't	donn't	donna
done	donn	donn
do	donnot	donot
do	donot	donot
don't	dont'	dont
don't	dont't	dont
drop	dorp	dorp
doesn't	dosen't	docent
doesn't	dosent'	docent
doesn't	dosent	docent
doesn't	dosn't	dost
doesn't	dosnt	dost
dossier	dosseay	dorsey
dossiers	dosseays	(none)
doubt	doub	doug
doubly	doublely	double
doubling	doublin	dublin
documented	doucmentated	(none)
document	doumentc	documents
doubt	dout	out
downgrade	downgradde	downgraded
downgrade	downgradei	downgraded
downloadmanager	downloadmanger	(none)
downloaded	downloaed	download
downloads	downloas	download
downstreamed	downsteamed	(none)
downstreamer	downsteamer	(none)
downstreamers	downsteamers	(none)
downstreamed	downsteramed	(none)
downstreamer	downsteramer	(none)
downstreamers	downsteramers	(none)
does	dows	down
doubt	dowt	down
doxygen	doygen	doyen
dozing	dozin	dozen
depend	dpend	spend
dragging	draging	drawing
drawn	dran	dran
draping	drapin	drain
drastically	drastical	practical
drafts	drats	draws
drawview	draview	review
drew	drawed	draped
drawing	drawin	drawn
drawn	drawm	draw
drawing	drawng	drawn
dreams	dreasm	dream
dirty	drity	deity
derived	drived	drive
driver	drivr	drive
drought	drowt	drown
droughts	drowts	drowns
dubious	dubios	dubois
doubled	dubled	dubbed
doubly	dubley	dudley
duplication	dublication	publication
duplications	dublications	publications
doubling	dubling	dublin
doubly	dubly	duly
sudo	dudo	duo
doing	dueing	during
dueling	duelin	dublin
duplicate	dulicate	delicate
dumb	dum	due
duplicate	duplate	plate
duplicated	duplated	updated
duplicates	duplates	plates
duplicating	duplating	updating
duplication	duplation	duration
duplications	duplations	durations
duplicated	duplicatd	duplicate
duplicating	duplicatin	duplication
duplicates	duplicats	duplicate
dryas	dyas	days
dynamically	dynamcly	(none)
dynamically	dynamicaly	dynamical
dynamically	dynamicly	dynamic
dynamically	dynically	cynically
each	eachother	eachother
search	earch	march
earliest	earlies	earlier
earned	earnt	earn
eerily	earyly	early
easily	easly	early
death	eatch	each
either	eather	father
return	eaturn	saturn
enable	ebale	bale
enabled	ebaled	baled
etc	ect	act
edit	eddit	eddie
edge	ede	ede
etiquette	edeycat	(none)
etiquettes	edeycats	(none)
edging	edgin	edwin
editable	ediable	edible
editing	editin	edition
editor	editior	edition
editors	editiors	editions
editor	editter	emitter
educating	educatin	education
education	eduction	eduction
needed	eeded	ended
aegis	eejus	genus
evil	efel	feel
effectivity	efetivity	festivity
effects	effecs	effect
effectively	effectly	effect
efficient	effient	effect
efficiencies	eficiencies	deficiencies
define	efine	fine
definite	efinite	finite
effort	efort	fort
equal	egal	legal
equals	egals	gals
edge	ege	age
enhance	ehance	chance
enough	ehough	though
ether	ehther	either
either	eighter	fighter
eighth	eigth	eight
instance	eisntance	distance
ejecting	ejectin	ejection
elapsing	elasping	clasping
relate	eleate	elevate
elevation	elecation	election
eclectic	electic	electric
electing	electin	election
electrically	electricly	electric
element	elemen	eleven
element	elemente	elements
element	elemt	elect
elements	elemts	elects
else	eles	eyes
eliminating	eliminatin	elimination
ellipse	elipse	eclipse
ellipses	elipses	eclipses
ellipses	elipsises	(none)
ellipsis	ellipsises	ellipses
elision	ellision	ellison
elseif	elsef	else
elseif	elsiof	elliot
elseif	elsof	also
emacs	emac	mac
embarrass	embaras	embarks
embarrassed	embarased	embarked
embarrasses	embarases	embraces
embarrassing	embarasing	embracing
embarrass	embaress	empress
embarrasses	embaresses	empresses
embargoes	embargos	embargo
embedder	embbedder	embedded
embedders	embbedders	(none)
embedder	embbeder	(none)
embedders	embbeders	(none)
embedder	embdder	embedded
embedders	embdders	embers
embedder	embdedder	embedded
embedders	embdedders	(none)
embedding	embding	ending
embedder	embeddder	embedded
embedders	embeddders	(none)
embedder	embeder	embedded
embedders	embeders	embers
embedder	embeedder	embedded
embedders	embeedders	(none)
embolden	embold	emboli
element	emenet	event
elements	emenets	events
immense	emense	defense
immensely	emensely	densely
emanate	eminate	emirate
remiss	emiss	miss
amassed	emissed	missed
emitted	emited	edited
emitting	emiting	editing
emission	emition	edition
emissaries	emmisarries	(none)
emissary	emmisarry	(none)
emitted	emmited	limited
emitting	emmiting	editing
enough	emought	brought
impasse	empass	pass
emphasize	emphazise	emphasise
emphasized	emphazised	emphasised
emphasizes	emphazises	emphasises
emphasizing	emphazising	emphasising
empirically	empiricaly	empirical
employ	emply	empty
emperor	emporer	empower
impressed	empressed	expressed
impressing	empressing	expressing
emulator	emulater	emulate
emulators	emulaters	emulates
enameled	enameld	enamel
encapsulating	encapsulatin	encapsulation
encode	encorde	encore
enclose	encose	encore
encloses	encoses	encodes
enclosing	encosing	encoding
enclosings	encosings	encodings
encountered	encounted	encounter
encountering	encounting	accounting
encrypting	encryptin	encryption
endeavor	endever	never
endeavors	endeveres	(none)
endeavoring	endevering	endearing
endianness	endianes	engines
endianness	endianity	indignity
endians	endiens	ending
endianness	endiness	engines
inducing	enducing	enduring
need	ened	end
energies	enegeries	(none)
energy	enegery	(none)
energy	enery	every
enumeration	eneumretaion	(none)
enumerations	eneumretaions	(none)
energy	engery	every
engines	enginees	engineer
entity	enity	unity
enough	enoght	night
enough	enoughts	noughts
enough	enoung	young
enqueue	enque	ensue
intent	entent	extent
entries	ententries	centenaries
intents	entents	entente
entrance	enterance	enterance
entry	enterie	enteric
enthusiastically	enthuseasticly	(none)
entries	entires	entire
entirely	entirey	entire
entry	entiry	entire
entity	entitee	entitle
entity	entitie	entities
entities	entitys	entity
entity	entiy	entry
entry	entrie	entire
entries	entrys	entry
enough	enuf	enum
enumerable	enumable	enable
enumerate	enumate	educate
enumerated	enumated	educated
enumerates	enumates	inmates
enumerating	enumating	educating
enumeration	enumation	education
enumerations	enumations	equations
enumerator	enumerater	enumerated
enumerators	enumeraters	enumerates
enumerating	enumeratin	enumeration
enumerator	enumeratior	enumeration
enumerators	enumeratiors	enumerations
invoke	envoke	evoke
invokes	envokes	evokes
especifica	epecifica	specific
expect	epect	elect
expected	epected	elected
expects	epects	elects
epigrammatic	epigramic	epigraphic
epitome	epitamy	epitaxy
equals	equalls	equally
equally	equaly	equal
equating	equatin	equation
equilibriation	equillibriation	equilibration
equipment	equipments	equipments
orally	erally	really
eraseblocks	erasablocks	(none)
erratic	eratic	erotic
erratically	eraticly	(none)
erecting	erectin	erection
arrested	erested	erected
errors	erros	error
escalate	escate	estate
escalated	escated	escaped
escalates	escates	estates
escalating	escating	escaping
escalation	escation	station
edger	esger	eager
edgers	esgers	esters
escape	espace	space
escaped	espaced	spaced
escapes	espaces	spaces
escaping	espacing	spacing
expect	espect	respect
expects	espects	aspects
essentially	essentaily	essential
essentially	essentialy	essential
essentially	essentualy	essential
essentially	essesitaly	(none)
establishes	establishs	establish
estimatively	estiamatively	(none)
estimator	estimater	estimated
estimators	estimaters	estimates
estimating	estimatin	estimation
easy	esy	esy
extend	etend	tend
extender	etender	tender
extenders	etenders	tenders
extensions	etensions	tensions
test	etst	east
evaluate	evalite	elite
evaluates	evalites	elites
evaluator	evaluater	evaluated
evaluators	evaluaters	evaluates
evaluating	evaluatin	evaluation
evaluation	evalution	evolution
evaluated	evaulted	vaulted
event	eventhanders	(none)
even	eventhough	(none)
everyone	everone	everone
everybody	everybodies	(none)
every	everytime	everytime
every	evey	even
evicting	evictin	eviction
eviscerating	evisceratin	evisceration
eviction	evition	edition
evaluation	evoluation	evolution
every	evry	very
everyday	evryday	evryday
every	evrytime	everytime
where	ewhwer	ether
hexaclinic	exaclinic	(none)
exactly	exacty	exact
exaggerate	exagerrate	exacerbate
exaggerates	exagerrates	exacerbates
exaggerating	exagerrating	exacerbating
exaggerating	exaggeratin	exaggeration
examine	examinate	eliminate
examined	examinated	eliminated
examining	examinating	examination
examining	examing	examine
expand	exapend	expend
exact	exat	exit
exacting	excating	exciting
exercise	excecise	excerise
excised	excecised	exercised
execute	excecte	except
executed	excected	expected
executes	excectes	expected
executor	excector	elector
executors	excectors	electors
executes	excecuts	execute
exceeds	exceds	excess
exceed	exceeed	exceeded
exempt	excempt	except
exemption	excemption	exception
exemptions	excemptions	exceptions
exempts	excempts	excerpts
exempt	exceopt	except
exempted	exceopted	excepted
exempting	exceopting	excepting
exemption	exceoption	exception
exemptions	exceoptions	exceptions
exempts	exceopts	excerpts
excerpt	exceprt	except
expectation	exceptation	exception
excepting	exceptin	exception
exercise	excercise	excercise
exercise	excerise	excerise
exercised	excerised	excerise
exercises	excerises	excerise
exercise	excersize	excessive
exercised	excersized	(none)
exercises	excersizes	(none)
exercising	excersizing	(none)
exceeded	excesed	exceed
excessive	excesv	excess
excessively	excesvly	(none)
etcetera	excetra	extra
execution	excetution	exception
executions	excetutions	exceptions
executed	exceucted	expected
executing	exceucting	expecting
execution	exceuction	exception
executions	exceuctions	exceptions
execution	exceution	exception
executions	exceutions	exceptions
exchanged	exchngd	exchange
exchanges	exchngs	exchange
excising	excisin	excision
exclude	excludde	excluded
exclusives	exclusivs	exclusive
executing	excuting	exciting
excise	execise	exercise
excised	execised	exercised
excises	execises	exercises
executed	exected	elected
executing	execting	expecting
execution	exection	election
executions	exections	elections
executor	exector	elector
executors	exectors	electors
expects	exects	elects
executableness	exectuableness	(none)
execute	execture	lecture
executes	exectures	lectures
excuse	execuse	execute
excused	execused	executed
excuses	execuses	executes
exclusive	execusive	executive
executions	executations	expectations
executing	executign	execution
executing	executin	execution
executes	executs	execute
execute	executute	executive
executes	execututes	executives
excellent	exelent	element
exempting	exemptin	exemption
extent	exent	event
exercises	exercies	exercise
excerpt	exerpt	exempt
exhausting	exhaustin	exhaustion
exhibiting	exhibitin	exhibition
excited	exicted	existed
exciting	exicting	existing
exhilarate	exilerate	exonerate
exhilarated	exilerated	exonerated
exhilarates	exilerates	exonerates
exitstatus	existatus	(none)
exit	exite	elite
exit	exitt	exist
exited	exitted	existed
exiting	exitting	existing
exits	exitts	exists
exorcist	exorcizer	exorcise
exorcists	exorcizers	exercisers
expandable	expanble	expanse
expander	expandr	expand
expanders	expandrs	expands
expand	expaned	expanded
expect	expct	exact
expects	expecs	expect
expects	expectes	expected
exception	expection	election
exceptions	expections	elections
experiment	expement	element
experimental	expementel	(none)
experimentally	expementelly	(none)
experiments	expements	elements
exempt	expemt	expert
exempted	expemted	expected
exemption	expemtion	expedition
exemptions	expemtions	exceptions
exempts	expemts	experts
expansions	expensions	extensions
expect	expept	except
expects	expepts	experts
expect	experct	expert
expects	expercts	experts
express	experes	experts
expression's	experession's	expressions
expiration	experiation	expedition
expirations	experiations	expectations
expires	experies	experts
experiment	experim	expert
experimental	experimal	(none)
experimentally	experimally	(none)
experimental	experimanentel	(none)
experimentally	experimanentelly	(none)
experimental	experimanetel	(none)
experimentally	experimanetelly	(none)
experimentation	experimation	(none)
experimentations	experimations	(none)
experimented	experimed	experiment
experimental	experimel	experiment
experimentally	experimelly	(none)
experiments	experimens	experiment
experiment	experimentaat	experimental
experiments	experimentaats	(none)
experiment	experimentait	experimental
experimental	experimentaital	(none)
experimentally	experimentaitally	(none)
experimented	experimentaited	(none)
experimenter	experimentaiter	(none)
experimenters	experimentaiters	(none)
experimental	experimentially	experimentally
experimenter	experimer	experiment
experimenters	experimers	experiment
experimental	experimetentel	(none)
experimentally	experimetentelly	(none)
experimenting	experiming	experiment
experiments	experims	experts
experimental	experimtenel	(none)
experimentally	experimtenelly	(none)
experiments	experimtens	experiment
experimental	experinementel	(none)
experimentally	experinementelly	(none)
experimental	expermenetel	(none)
experimentally	expermenetelly	(none)
express	expers	expert
expressed	expersed	expensed
expression	expersion	expansion
expresses	expesses	expenses
expect	expest	expert
expect	expet	expert
expectedly	expetectly	(none)
exception	expetion	expedition
expects	expets	experts
expansion	expexnasion	(none)
expansions	expexnasions	(none)
expect	expext	expert
expects	expexts	experts
expiretime	expireitme	(none)
explaining	explaing	explain
explain	explane	explant
explains	explanes	explained
explicate	explicat	explicit
explicit	explicete	explicate
explaining	explicing	exploring
explicit	explicited	explicated
explicit	explicte	explicate
explicit	explit	exploit
explosion	exploition	expedition
explosions	exploitions	expeditions
exploitation	explotation	exploration
exploiting	exploting	exploring
export	expoert	expert
exploit	expoit	export
exploited	expoited	exported
exploits	expoits	exports
exponentially	exponantialy	exponential
exponentially	exponentialy	exponential
explore	expore	export
explored	expored	exposed
exports	expors	export
expresses	expreses	express
expressing	expressin	expression
expressions	expressios	expression
espresso	expresso	express
expropriating	expropriatin	expropriation
exports	exprts	experts
extra	exra	era
extract	exract	exact
exists	exsist	exist
excited	exsited	existed
ecstasy	exstacy	stacy
extreme	exstream	stream
extract	extact	exact
ecstasy	extacy	exact
extension	extansion	expansion
ecstatic	extatic	static
extend	exten	extent
extension	extenions	extensions
exerted	extered	entered
externally	externaly	external
existing	exting	eating
extinct	extint	extent
extorting	extortin	extortion
extract	extrac	extra
extracts	extracs	extract
extractor	extracter	extracted
extractions	extractins	extracting
extraordinarily	extraordinarly	extraordinary
extrapolating	extrapolatin	extrapolation
extract	extrat	extra
extracts	extrates	estates
extreme	extream	extrema
extremes	extreams	extreme
extremum	extrem	extreme
extreme	extrememe	extremely
extremity	extremety	extremely
extremities	extremitys	extremity
extrema	extrems	extreme
externally	extrenaly	extremely
extrude	exturd	extra
excerpt	exurpt	except
eavesdrop	ezdrop	drop
facility	fability	ability
fabricating	fabricatin	fabrication
facedrawing	facedrwaing	(none)
facility	facilty	faculty
favor	facor	factor
favors	facors	factors
factorization	factization	activation
factories	factorys	factory
failed	faield	field
failing	faiing	facing
fail	faile	failed
failure	failer	failed
fails	failes	failed
fail	faill	fall
failing	failling	falling
fails	faills	falls
fail	failt	fault
failed	failured	failure
failures	failurs	failure
pharaoh	fairoh	fair
false	fale	male
false	fales	wales
flag	falg	fall
flags	falgs	falls
failing	faliing	falling
fails	falis	falls
failed	falled	called
fails	fals	fall
flash	falsh	false
flask	falsk	false
false	falso	also
fault	falt	fall
fanaticism	fanatism	fanatic
fan	fane	fane
fraction	farction	faction
fahrenheit	farenheight	(none)
fairest	farest	forest
farrier	fariar	friar
fairies	faries	varies
fairly	farily	family
pharmaceutic	farmasudic	(none)
pharmaceutical	farmasudical	(none)
pharmaceutics	farmasudics	(none)
farce	farse	false
farces	farses	fares
faze	fase	case
fazed	fased	based
facetious	faseeshus	(none)
facetiously	faseeshusly	(none)
fastened	fasend	based
fazes	fases	cases
fazing	fasing	facing
facade	fasodd	fasted
facades	fasodds	(none)
facade	fassade	passage
fastener	fastner	faster
faster	fastr	fast
faster	fater	after
fatigue	fatig	latin
faster	fatser	father
feature	fature	future
fought	faught	taught
faulty	faulyt	fault
false	fause	cause
feature	fauture	future
features	fautures	futures
fazing	fazin	fain
fetched	featchd	fetch
fetches	featchs	deaths
fidelity	fedality	reality
fed	feeded	needed
feel	feek	feek
feels	feeks	weeks
feet	feets	feets
freezer	feezer	feeder
freezers	feezers	feeders
freezing	feezing	feeling
field	feild	feild
field	feld	held
felicitous	felisatus	(none)
fiancée	feonsay	(none)
fertility	fertily	fertile
fetches	fetchs	fetch
feature	feture	future
fuchsia	fewsha	geisha
pheasant	fezent	event
further	fhurter	hurter
fail	fial	final
fails	fials	finals
flicks	ficks	picks
fictitious	fictious	fictions
fiddly	fiddley	fiddle
field	fied	died
feel	fiel	field
feels	fiels	fiels
fifth	fifht	fight
figurestyles	figurestyle	(none)
figuring	figurin	figurine
filename	filaneme	milanese
folder	filder	filter
folders	filders	filters
file	fileand	filed
filesystems	filesystes	filesystem
file	filetest	fittest
file	filetests	(none)
flight	filght	fight
fillet	fillay	filly
filled	filld	field
files	filles	filled
flip	filp	film
flips	filps	films
fills	fils	fils
files	filse	file
filtered	filterd	filter
fixme	fime	time
finally	finall	final
finale	finalle	finally
finally	finaly	final
financially	financialy	financial
functional	finctional	fictional
found	finded	funded
find	findout	hindgut
finger	finge	fine
finishes	finishs	finish
finesse	finness	fitness
finish	finsh	fish
fixing	finxing	finding
fires	firest	first
fiery	firey	fire
firsttest	firstest	fastest
physical	fisical	fiscal
physicist	fisisist	(none)
physicist	fisist	first
filters	fiters	fibers
fifth	fith	with
filter	fitler	hitler
feature	fiture	future
features	fitures	figures
fifty	fivety	five
fixed	fixe	fixe
pixel	fixel	fixed
physique	fizeek	fizeau
flags	flage	flage
flagged	flaged	flawed
float	flaot	flat
flashframe	flashflame	(none)
flashing	flasing	flaming
flat	flate	late
flawlessly	flawlessy	flawless
fled	fleed	fleet
phlegm	flem	flem
fluent	flewant	elegant
flex	flext	fleet
flippers	flipers	fliers
floating	floading	flooding
floating	floatin	floatin
floor	flor	flor
fluorescent	floresent	florescent
fluoride	floride	florida
flourishing	flourishment	nourishment
flowing	flowin	flown
filtered	fltered	altered
filtering	fltering	altering
filters	flters	flyers
flood	flud	fled
flushes	flushs	flush
flies	flyes	flyes
finish	fnish	fish
of	fo	fo
folder	foder	oder
for	fof	fof
forgot	fogot	foot
folder	folde	folded
folders	foldes	folded
folder	foler	fowler
folder	folfer	golfer
folders	folfers	golfers
followed	folled	filled
follower	foller	roller
followers	follers	rollers
following	follin	collin
following	follind	falling
following	folling	falling
following	follinwg	falling
following	folliong	falling
followed	follod	follow
follow	followe	followed
follows	followes	followed
follows	folls	falls
follow	follwoe	followed
following	follwoein	(none)
following	follwoeind	(none)
following	follwoeinwg	(none)
following	follwoeiong	(none)
following	follwoeiwng	(none)
following	follwoeong	(none)
follows	follwoes	followed
follower	folower	flower
followers	folowers	flowers
follow	foloww	follows
follower	folowwer	flower
followers	folowwers	flowers
following	folowwin	(none)
following	folowwind	(none)
following	folowwinwg	(none)
following	folowwiong	(none)
following	folowwiwng	(none)
following	folowwong	(none)
follow	folwo	folio
follower	folwoer	flower
followers	folwoers	flowers
following	folwoin	(none)
following	folwoind	(none)
following	folwoinwg	(none)
following	folwoiong	(none)
following	folwoong	folksong
follows	folwos	folios
folks	folx	fox
from	fom	for
formatted	fomated	located
formatter	fomater	foster
formats	fomates	females
formatting	fomating	floating
from	fomr	for
formatter	fomrater	forster
formatting	fomrating	foraging
functionalities	fonctionnalies	(none)
functionally	fonctionnaly	(none)
phonetic	fonetic	genetic
fountain	fontain	contain
fountains	fontains	contains
frontend	fontend	contend
frontends	fontends	contends
fontifying	fontisizing	fantasizing
foot	foor	for
footprints	footprinst	footprint
floppy	foppy	poppy
floppies	foppys	poppy
format	forat	fort
verbatim	forbatum	(none)
forbidding	forbiddin	forbidden
forbid	forbit	orbit
focus	forcus	forces
foreseeing	foreseein	foreseen
foreign	forin	morin
foreigner	foriner	former
foreigners	foriners	corners
fold	forld	world
format	formate	formate
formatter	formater	formate
foremen	formen	former
forms	formes	former
format	formt	form
formats	formts	forms
formulating	formulatin	formulation
formatted	fornated	donated
formatter	fornater	forster
forgot	forot	fort
for	forthe	forth
fortunately	fortunaly	fortuna
fortunate	fortunat	fortuna
forerunner	forunner	founder
forever	forver	former
forwarded	forwared	forward
photo	foto	foot
photograph	fotograf	(none)
photographic	fotografic	(none)
photographical	fotografical	(none)
photography	fotografy	(none)
fought	fougth	fourth
found	fould	would
foundries	foundaries	boundaries
foundry	foundary	boundary
newfoundland	foundland	foundling
fourth	fourh	four
forty	fourty	fourth
fourth	fouth	south
forwards	fowards	towards
follow	fowll	fowl
following	fowlling	fowling
froze	foze	fore
frozen	fozen	dozen
ftp	fpt	fit
frame	fram	from
frametype	frametyp	(none)
framelayout	framlayout	(none)
frames	frams	frame
frame	frane	france
frames	franes	frances
franchise	franzise	francis
fractional	frational	rational
fractions	frations	rations
freecallreply	freecallrelpy	(none)
frees	freez	free
freezes	freezs	freeze
friend	freind	freind
freight	freit	fruit
freighted	freited	fretted
freighting	freiting	fruiting
freights	freits	fruits
freeze	freze	free
freezes	frezes	frees
formatted	fromated	promoted
formatting	fromating	promoting
from	frome	frome
from	fromm	fromm
forms	froms	from
from	fromthe	frome
from	fron	fron
drop	frop	from
drops	frops	crops
forward	frowrad	froward
ftbfs	ftbs	tbs
ftruncate	ftrunacate	truncate
functional	fuctional	fictional
functioned	fuctiones	functions
functionoid	fuctionoid	(none)
figure	fugure	future
file	fule	full
fulfil	fullill	fulfill
fully	fuly	july
functionalities	functionailies	functionaries
functionality	functionaily	functionally
functionalities	functionalies	functionaries
functionally	functionaly	functional
functionalities	functionionalities	(none)
functionality	functionionality	(none)
functionally	functionnaly	functional
functions	functios	function
functions	functiosn	function
fungi	funguses	fungus
funeral	funrel	funnel
funerals	funrels	funnels
furnace	furance	france
furnaces	furances	frances
further	furser	purser
first	fursest	forest
fruit	furute	future
fuchsia	fuschia	fushia
fuchsia	fusha	fushia
fuchsias	fushas	fishes
flushed	fushed	pushed
flushing	fushing	fishing
futile	futal	fatal
further	futer	outer
further	futher	father
further	futherize	authorize
futhark	futhroc	(none)
few	fwe	we
fixed	fxed	fred
physical	fysical	musical
physicist	fysisist	(none)
physicist	fysisit	(none)
garbage	gabage	garage
gauge	gage	gage
gauges	gages	games
gadget	gagit	gait
gadgets	gagits	gaits
galleries	galllerys	gallery
game	gameboy	gazebo
garbage	garabge	garage
guarantor	garant	grant
guarantee	garantie	granite
guaranteed	garantied	guarantied
guarantees	garanties	guaranties
guarantors	garants	grants
guarantee	garanty	guaranty
guard	gard	gard
gardaí	gardai	garda
garbage	gargage	garage
guerrilla	garilla	gorilla
guerrillas	garillas	gorillas
guaranteed	garuantied	warrantied
ghastly	gastly	lastly
gateable	gatable	datable
gating	gateing	gatling
gating	gatin	latin
gateway	gatway	galway
guaraná	gauarana	guarani
gauss'	gaus'	gauss
gauss'	gaus's	gauss
gauss	gaus	gas
gaiety	gayity	gravity
geisha	gaysha	pasha
geishas	gayshas	gashes
guillotine	geeoteen	(none)
generic	geneic	genetic
generate	generae	general
generates	generaes	generals
generally	generall	general
generally	generaly	general
generate	generat	general
generator	generater	generated
generating	generatin	generation
generator	generatr	generate
generates	generats	generate
generated	genered	gendered
generator	genererater	(none)
gentle	gental	mental
genius	genuis	genus
geocountry	geogcountry	(none)
geoip	geoio	geoid
geometric	geometrc	geometry
geometer	geometrician	geometrical
geometers	geometricians	(none)
geometry	geometrie	geometric
geometries	geometrys	geometry
geometries	geomtrys	geometry
giraffe	geraff	gerald
here	gere	gere
general	gereal	cereal
generate	gereate	great
generated	gereated	created
generates	gereates	greater
generating	gereating	creating
generation	gereation	creation
generator	gereator	greater
generators	gereators	creators
generic	gerenic	genetic
generics	gerenics	genetics
guerrilla	gerilla	gorilla
general	gernal	vernal
generally	gerneraly	general
goes	ges	get
guess	gess	less
getfastpropertyvalue	getfastproperyvalue	(none)
getting	geting	geting
getlabel	getlael	(none)
ghetto	getoe	get
getitems	gettitems	getitem
gettimeofday	getttimeofday	(none)
goggle	ggogle	google
gandhi	ghandi	grand
guinea	ginee	since
gingham	gingam	lingam
git	gir	gir
geyser	giser	wiser
geysers	gisers	risers
gitattributes	gitatributes	(none)
giving	givin	given
flight	glight	light
globe	gloab	glob
globally	gloably	global
globally	globaly	global
globals	globas	global
glyphed	glyped	glazed
glyphing	glyping	flying
gnarling	gnarlin	garlic
global	gobal	goal
going	gogin	login
going	goin	goin
global	golab	golan
globally	golbaly	global
ghoul	gool	good
gourd	gord	good
gourmet	gormay	german
gory	gorry	gerry
ghost	gost	most
governor	gouvener	souvenir
government	govement	movement
government	goverment	goverment
governor	govoner	sooner
governors	govoners	coroners
government	govorment	goverment
grabbed	grabed	graded
grabbing	grabing	grazing
gracefully	gracefuly	graceful
gracing	gracin	grain
graphic	grafic	traffic
graphical	grafical	radical
granary	grainery	trainer
grammatically	gramatically	dramatically
grammatically	grammaticaly	grammatical
grandiose	grandeeos	grandees
aggrandise	grandise	grandiose
aggrandised	grandised	grandiose
aggrandiser	grandiser	grandiose
aggrandises	grandises	grandiose
aggrandising	grandising	brandishing
aggrandize	grandize	granite
aggrandizer	grandizer	grander
aggrandizes	grandizes	grandiose
grandeur	granjure	gravure
granularity	granualtiry	(none)
grep	grap	gray
graphing	graphin	graphic
graphics	graphis	graphic
greater	greate	great
greater	greated	created
grateful	greatfull	(none)
griddles	gridles	grilles
gruesome	groosum	groom
gruesomely	groosumly	(none)
groceries	groshuries	(none)
grocery	groshury	(none)
grouped	groupd	group
grouped	groupe	group
grouped	groupt	group
grotesque	growtesk	growths
grotesquely	growteskly	(none)
grouped	gruopd	group
guadalupe	guaduloupe	guadeloupe
guaranty	guaranteey	guaranteed
guarantees	guarantes	guarantee
guarding	guardin	guardian
guarantee	guareente	(none)
guaranteed	guareented	(none)
guaranteeing	guareenteing	(none)
guarantees	guareentes	(none)
guarantee	guarenteede	guaranteed
guaranteed	guarenteeded	(none)
guaranteeing	guarenteedeing	(none)
guarantees	guarenteedes	(none)
guaranty	guarenteedy	guaranteed
guarantee	guarenteer	guaranteed
guarantees	guarentes	guarantee
guaranteed	guarentied	guarantied
guarantees	guarenties	guaranties
guaranteed	guarentyd	guaranty
guaranteeing	guarentying	(none)
guaranteeing	guarentyinging	(none)
guarantees	guarentys	guaranty
guarantees	guarnantes	guarantee
guarantee	guarnateee	guaranteed
guarantees	guarnates	guarantee
guaranty	guarnatey	guarantee
guaranteed	guarneted	garnered
guaranty	guarnety	gurney
guaranteed	guarnted	granted
guarantees	guarntes	guarantee
guarantees	guarrantes	guarantee
guaranteed	guarrantied	guarantied
guarantees	guarranties	guaranties
guaranteed	guarrantyd	guaranty
guaranteeing	guarrantying	(none)
guarantees	guarrantys	guaranty
guarantee	guarrente	(none)
guaranteed	guarrented	(none)
guaranteeing	guarrenteing	(none)
guarantees	guarrentes	(none)
guarantees	guaruantes	guarantee
guarantees	guaruntes	guarantee
gauss'	guas'	guard
gauss'	guas's	glass
gauss	guas	gas
gauss'	guass'	glass
gauss	guass	glass
good	gud	god
guess	guesss	guests
geyser	guyzer	buyer
geysers	guyzers	buyers
gzinflate	gziniflate	(none)
gzipped	gziped	griped
has	haa	had
habit	habbit	rabbit
hatch	hach	each
hackish	hachish	hashish
headers	haders	hades
handler	hadler	adler
hadn't	hadnt	haunt
header	haeder	harder
haemorrhaging	haemorrhagin	haemorrhagic
haggis	hagas	hamas
haggises	hagases	gases
haggises	hagasses	harasses
held	hald	had
halves	halfs	half
hallelujah	hallaluya	(none)
hallowe'en	hallowean	halloween
help	halp	hall
halfpoints	halpoints	appoints
handle	hande	hand
handle	handel	handel
handled	handeld	handed
handler	handelr	handel
handler	hander	handed
handshakes	handshaks	handshake
handshake	handshk	hands
handshakes	handshks	handshake
handle	hanel	panel
handled	hanlded	handed
handled	hanled	handed
handsome	hansome	hansome
happen	hapen	haven
happened	hapend	hand
happens	hapends	hands
happen	hapenn	penn
happens	happenes	happened
happening	happing	mapping
harasses	harases	harass
charge	harge	large
harangue	harrang	warrant
harangue	harrange	arrange
harangued	harranged	arranged
haranguer	harranger	arranger
harangues	harranges	arranges
haranguing	harranging	arranging
harass	harras	harris
harassed	harrased	narrated
harasses	harrases	narrates
hearth	harth	earth
hasn't	has'nt	haunt
hashes	hases	cases
hashmaps	hashnaps	hashmap
hash	hashreference	(none)
hashes	hashs	hash
hashing	hasing	having
hash	hask	has
hasn't	hasnt'	haunt
hasn't	hasnt	haunt
hash	hass	has
hashtables	hastables	stables
hating	hatin	latin
haughty	hauty	hasty
have	hav	had
haven't	have'nt	haven
having	haveing	haveing
haven't	havent'	haven
haven't	havent't	(none)
haven't	havent	haven
haven't	havn't	haunt
haven't	havne't	(none)
haven't	havnt	haunt
hex	hax	had
heinous	haynus	haynes
hassle	hazzle	dazzle
header	heade	head
headers	heades	heads
handle	headle	beadle
header	heaer	hear
healthy	healty	health
healthy	heathy	heathy
header	heder	heder
heifer	hefer	refer
heifers	hefers	refers
height	heigh	high
help	hel	hel
helpers	helerps	helps
hello	hellow	fellow
helper	heloer	heller
helper	helpe	help
helps	helpes	helped
helpfully	helpfuly	helpful
haemorrhage	hemmorhage	hemorrhage
haemorrhaged	hemmorhaged	hemorrhaged
haemorrhages	hemmorhages	hemorrhages
haemorrhagic	hemmorhagic	hemorrhagic
haemorrhaging	hemmorhaging	hemorrhaging
haemorrhage	hemorage	hemorrhage
haemorrhaged	hemoraged	hemorrhaged
haemorrhages	hemorages	hemorrhages
haemorrhagic	hemoragic	hemorrhagic
haemorrhaging	hemoraging	hemorrhaging
hemorrhaging	hemorrhagin	hemorrhagic
hindrance	henderence	(none)
hence	hense	sense
helper	hepler	heller
heard	herad	head
heart	herat	herat
hereby	herely	merely
hero	heroe	here
heroes	heros	hero
hectically	hertically	vertically
hesitant	hesistant	resistant
hesitating	hesitatin	hesitation
hexadecimals	hexedacimals	(none)
hexaclinic	hexiclinic	(none)
hexadecimals	hexidecimals	hexadecimal
hexagon	hexogan	hogan
hyena	hiena	siena
hierarchy	hierarchie	hierarchies
hygiene	higeine	higgins
highest	highes	higher
highlights	highlightes	highlighted
highlights	highligjtes	highlighted
height	hight	hight
heights	hights	rights
height	higth	high
highlight	hilight	light
highlighter	hilighter	lighter
highlighters	hilighters	lighters
highlighting	hilighting	lighting
highlights	hilights	flights
hindrance	hinderence	inference
hinting	hintin	hinton
historically	historycaly	historical
historically	histroicaly	historical
hitting	hiting	citing
hit	hitsingles	(none)
hit	hitted	fitted
handler	hnalder	holder
hoax	hoeks	hooks
hold	holf	half
holocaust	hollowcost	(none)
homebrew	hombrew	hombre
home	homestate	(none)
honorary	honory	honor
chutzpah	hootsba	hoots
hopefully	hopefuly	hopeful
horizontally	horizontaly	horizontal
hoisted	hosited	hosted
hold	hould	would
hours	housr	house
shell	hsell	sell
shouldn't	hsould'nt	shouldnt
shouldn't	hsouldn't	shouldnt
this	htis	his
html	htmp	http
https	htts	hits
number	humber	humber
humorous	humerous	numerous
hangs	hungs	hung
hurricane	huricain	(none)
hearse	hurse	horse
hustle	hussel	russel
have	hve	he
have	hvea	hea
hyphen	hypen	hype
hyperbole	hyperboly	hyperbola
hyphenating	hyphenatin	hyphenation
hypocrites	hypocrits	hypocrite
i'd	i'sd	(none)
icicle	icesickle	(none)
iconify	iconifie	(none)
idea	idaeidae	(none)
ideally	ideall	ideal
ideally	idealy	ideal
indefinite	idefinite	definite
idle	idel	del
identifier	idenfitier	identities
identifiers	idenfitiers	identities
identifies	idenfities	identities
identified	idenfitifed	(none)
identifier	idenfitifer	(none)
identifiers	idenfitifers	(none)
identifies	idenfitifes	identities
identify	idenfity	identity
identical	identic	identity
identically	identicly	identity
identify	identidy	identity
identifier	identier	identity
identities	identies	identity
identities	identiies	identifies
identifiers	identiviert	identifier
identify	identiy	identity
idiosyncrasies	ideosincracies	(none)
idiosyncrasy	ideosincracy	(none)
ideas	idesa	idea
icons	idons	ions
piechart	iechart	chart
ignoring	ignorgg	ignored
ignoring	ignormg	ignored
ignoring	ignorrg	ignored
ignores	ignors	ignore
ignoring	ignortg	ignored
ignored	igoned	ironed
ignorando	igonorando	(none)
ignore	igore	igor
exhort	igzort	import
exhorted	igzorted	imported
exhorter	igzorter	importer
exhorting	igzorting	ignoring
exhorts	igzorts	imports
his	ihs	is
illegal	ileagle	league
illegal	ilegal	legal
illegal	ilegle	liege
illegal	iligal	legal
illegitimate	illigitament	(none)
illogical	ilogical	logical
imagine	imagin	imaging
eminent	imanent	immanent
embarrass	imbaress	impress
embed	imbed	imbed
embedded	imbedded	imbedded
embedding	imbedding	imbedding
immediately	imedatly	(none)
immediately	imedialy	medial
immigrate	imigrate	migrate
immigrated	imigrated	emigrated
imminent	iminent	eminent
imitating	imitatin	imitation
implicit	imlicit	illicit
immediately	immedialty	immediate
eminently	immenantly	imminently
immediately	immidatly	(none)
imports	imortes	imported
immovable	imovable	movable
implemented	impementated	(none)
empirical	imperical	imperial
empirically	imperically	imperially
implicit	implct	impact
implementation	implemataion	(none)
implementations	implemataions	(none)
implementation	implemation	implication
implementations	implemations	implications
implement	implemememnt	(none)
implementation	implemememntation	(none)
implement	implementate	implementable
implements	implementates	(none)
implementing	implementating	implementation
implementations	implementatios	implementation
implementer	implementator	implementation
implementers	implementators	implementations
implement	implemente	implemented
implements	implementes	implemented
implementations	implementions	implementing
implement	implent	implant
implementation	implentation	implantation
implemented	implented	implanted
implementing	implenting	implanting
implementers	implentors	(none)
implements	implents	implants
implement	implet	impact
implementation	impletation	implication
implementations	impletations	implications
implemented	impleted	completed
implementer	impleter	importer
implementing	impleting	completing
implements	implets	impacts
implementation	implimention	(none)
implementations	implimentions	(none)
implementation	implmenetaion	(none)
implementations	implmenetaions	(none)
importing	imporing	imposing
important	importen	imported
important	importend	imported
improve	imporv	import
impotent	impotant	important
implementing	impplementating	(none)
impressing	impressin	impression
imported	improted	improved
importer	improter	improper
importing	improting	improving
improvements	improvemens	improvement
improvement	improvent	improve
improvisation	improvision	provision
impugn	impune	immune
impugned	impuned	imputed
impugner	impuner	immune
impugns	impunes	imputes
impugning	impuning	imputing
inputted	imputted	imputed
enable	inable	unable
innate	inate	nate
inaugurates	inaugures	inaugural
imbalanced	inbalanced	unbalanced
embed	inbed	inbred
embedded	inbedded	imbedded
between	inbetween	inbetween
embraced	inbraced	infrared
embrace	inbrase	increase
embraced	inbrased	increased
embracer	inbraser	(none)
embraces	inbrases	increases
embracing	inbrasing	increasing
embryo	inbrio	intro
embryos	inbrios	intros
in	incase	incas
incidentally	incidently	incident
include	includea	included
includes	includeds	included
include	includee	included
includes	includs	include
discomfort	incomfort	comfort
incapacitate	incompasitate	(none)
incapacitated	incompasitated	(none)
incapacitates	incompasitates	(none)
incapacitating	incompasitating	(none)
incompatible	incompatabable	(none)
incompatibility	incompatabily	incomparably
incompatibility	incompatablitiy	(none)
incompatibly	incompatably	incomparably
incompatibilities	incompatibilies	incompatibility
incompatibility	incompatibily	incompatibly
discomfort	inconfort	(none)
inconsistently	inconsistenly	inconsistency
inconsistency	inconsisteny	inconsistent
inconsistency	inconsitancy	inconstancy
inconsistent	inconsitant	inconstant
inconsistency	inconstency	inconstancy
inconsistent	inconstent	inconstant
inconvenience	inconvineance	incontinence
inconveniences	inconvineances	(none)
inconvenience	inconvinence	incontinence
inconveniences	inconvinences	incontinence
inconvenient	inconvinent	incontinent
incorporation	incooperation	cooperation
incorrectly	incorrecty	incorrect
increased	increades	increases
increases	increaes	increase
incrementally	incrementaly	incremental
incremented	incremintd	increment
incremented	incremmentd	increment
incremented	incremnetd	increment
incur	incure	injure
indices	indecies	indies
indeed	inded	ended
undefinable	indefineable	indefinable
indented	indentended	(none)
indentlevel	indentleveal	(none)
independence	indepandance	independance
independence	indepdencente	(none)
independence	indepdendance	independance
independent	indepdented	(none)
independently	indepdentedly	(none)
independence	indepence	inference
independent	independ	indeed
independence	independance	independance
independently	independly	indecently
independent	indepent	indecent
independently	indepently	indecently
indiscriminate	indescriminent	(none)
endeavour	indever	indexer
endeavoured	indevered	(none)
endeavours	indeveres	indexers
endeavouring	indevering	(none)
endeavours	indevers	indexers
indexes	indexs	index
indicates	indicatee	indicate
indicator	indicater	indicate
indicators	indicaters	indicates
indicator	indicatior	indication
indicates	indicats	indicate
indirectly	indirecty	indirect
indispensableness	indispensibleness	(none)
indicts	indits	indies
individually	indivdualy	individual
individually	individauly	individual
individually	individuall	individual
individually	individualy	individual
individually	individuely	individual
indices	indizies	indies
endure	indure	induce
indexed	indxed	indeed
indexes	indxes	indies
one	ine	in
inefficiently	inefficenty	inefficient
inefficiently	inefficienty	inefficient
inefficiency	inefficieny	inefficient
lines	ines	ines
inexpected	inexpect	inexpert
in	infact	infant
inflate	infalte	infante
infinity	infinitie	infinite
infinitely	infinitly	infinity
infinite	infite	invite
inflating	inflatin	inflation
info	infor	inform
enforced	inforced	informed
information	informatations	(none)
information	informatins	informatics
infrastructure	infrastruction	(none)
infrastructures	infrastructions	(none)
infrequency	infreqentcy	infrequently
infrequency	infreqeuntcy	infrequently
infrequencies	infrequancies	(none)
infrequencies	infrequantcies	(none)
infrequency	infrequantcy	infrequently
infrequencies	infrequentcies	(none)
in	infront	infront
ingesting	ingestin	ingestion
ignore	ingnorar	(none)
inherit	inheret	inherent
inheriting	inhertig	inherit
inheriting	inherting	inserting
inherits	inherts	inserts
inhibit	inhibate	indicate
inhibits	inhibates	indicates
initialisation	inialisation	invalidation
initialisations	inialisations	invalidations
initialise	inialise	finalise
initialised	inialised	finalised
initialiser	inialiser	(none)
initialisers	inialisers	(none)
initialises	inialises	finalises
initialising	inialising	finalising
initializations	inializations	idealizations
initialize	inialize	finalize
initialized	inialized	finalized
initializing	inializing	finalizing
initiate	iniate	inmate
initiated	iniated	united
initiates	iniates	inmates
initiating	iniating	indicating
initiation	iniation	nation
initiations	iniations	nations
initiative	iniative	native
initiator	iniator	indicator
initiators	iniators	indicators
initialisations	inicialisations	initialisation
inject	iniect	insect
injected	iniected	infected
injection	iniection	infection
injects	iniects	insects
initialisations	iniitalisations	initialisation
initialiser	iniitaliser	initializer
initialisers	iniitalisers	initializers
initialisations	iniitialisations	initialisation
initialiser	iniitialiser	initializer
initialisers	iniitialisers	initializers
initialisations	inintialisations	initialisation
initialiser	inintialiser	initializer
initialisers	inintialisers	initializers
initialisations	inisialisations	initialisation
initialiser	inisialiser	initializer
initialisers	inisialisers	initializers
initialisations	initailisations	initialisation
initialiser	initailiser	initializer
initialisers	initailisers	initializers
initialisations	initailsations	(none)
initialise	initailse	initials
initialised	initailsed	initialed
initialiser	initailser	(none)
initialisers	initailsers	(none)
initialisations	initailsiations	(none)
initialisations	initalisations	initialisation
initialiser	initaliser	initializer
initialisers	initalisers	initializers
initiation	initation	invitation
initiations	initations	invitations
initialisations	initiailisations	initialisation
initialiser	initiailiser	initializer
initialisers	initiailisers	initializers
initialisations	initiaisations	initialisation
initialiser	initiaiser	initializer
initialisers	initiaisers	initializers
initialize	initiales	initials
initial	initialial	initialism
initialisation	initialialisation	(none)
initialisations	initialialisations	(none)
initialise	initialialise	(none)
initialised	initialialised	(none)
initialiser	initialialiser	(none)
initialisers	initialialisers	(none)
initialises	initialialises	(none)
initialising	initialialising	(none)
initialization	initialialization	(none)
initializations	initialializations	(none)
initialize	initialialize	(none)
initialized	initialialized	(none)
initializer	initialializer	(none)
initializers	initialializers	(none)
initializes	initialializes	(none)
initializing	initialializing	(none)
initially	initialially	(none)
initials	initialials	initialisms
initialisations	initialiasations	initialisation
initialiser	initialiaser	initializer
initialisers	initialiasers	initializers
initialise	initialies	initializes
initialisations	initialilsations	initialisation
initialiser	initialilser	initializer
initialisers	initialilsers	initializers
initialisations	initialisaitons	initialisation
initialisations	initialisatons	initialisation
initialisations	initialisiations	initialisation
initialised	initialisiert	(none)
initialise	initialiss	initialism
initialisations	initialistions	initialisation
initializing	initializating	initialization
initial	initiall	initially
initialisations	initiallisations	initialisation
initialiser	initialliser	initializer
initialisers	initiallisers	initializers
initials	initialls	initially
initialisations	initialsations	initialisation
initialise	initialse	initials
initialised	initialsed	initialed
initialiser	initialser	initials
initialisers	initialsers	initializers
initialise	initiase	initiate
initialised	initiased	initiated
initialises	initiases	initiates
initialising	initiasing	initiating
initiator	initiater	initiated
initiators	initiaters	initiates
initiate	initiatiate	initiative
initiated	initiatiated	(none)
initiator	initiatiater	(none)
initiating	initiatiating	(none)
initiator	initiatiator	(none)
initiates	initiatiats	initiatives
initiate	initiatie	initiative
initiates	initiaties	initiatives
initiating	initiatin	initiation
initialize	initiaze	initiate
initialized	initiazed	initiated
initializes	initiazes	initiates
initializing	initiazing	initiating
initialisations	initiialisations	initialisation
initialiser	initiialiser	initializer
initialisers	initiialisers	initializers
initialisations	initilalisations	initialisation
initialiser	initilaliser	initializer
initialisers	initilalisers	initializers
initialisations	initilialisations	(none)
initialiser	initilialiser	(none)
initialisers	initilialisers	(none)
initialisations	initiliasations	(none)
initialiser	initiliaser	(none)
initialisers	initiliasers	(none)
initialisations	initilisations	initialisation
initialiser	initiliser	initializer
initialisers	initilisers	initializers
initialize	inititailiaze	(none)
initialisations	inititalisations	initialisation
initialiser	inititaliser	initializer
initialisers	inititalisers	initializers
initialisations	inititialisations	(none)
initialiser	inititialiser	(none)
initialisers	inititialisers	(none)
initialisation	initliasation	(none)
initialisations	initliasations	(none)
initialise	initliase	initiate
initialised	initliased	initiated
initialiser	initliaser	(none)
initialisers	initliasers	(none)
initialises	initliases	initiates
initialising	initliasing	initiating
initialization	initliazation	(none)
initializations	initliazations	(none)
initialize	initliaze	initiate
initialized	initliazed	initiated
initializer	initliazer	(none)
initializers	initliazers	(none)
initializes	initliazes	initiates
initializing	initliazing	initiating
initialisations	inizialisations	initialisation
initialiser	inizialiser	initializer
initialisers	inizialisers	initializers
injecting	injectin	injection
immense	inmense	intense
immutables	inmutables	immutable
initialisations	innitialisations	initialisation
initialiser	innitialiser	initializer
initialisers	innitialisers	initializers
inoperative	inoperant	intolerant
innocuous	inoquous	iroquois
into	inot	not
inspection	inpection	infection
inspections	inpections	infections
impending	inpending	intending
improvement	inproovment	(none)
improvements	inproovments	(none)
inspect	inpsect	insect
inspects	inpsects	insects
inputted	inputed	imputed
isn't	ins't	inset
insensitivity	insensitivy	insensitive
insensitive	insentivite	incentivize
insert	inser	inner
inserter	inserstor	investor
inserting	insertin	insertion
inserting	insertino	insertion
inspecting	inspectin	inspection
in	inspite	inspite
instead	instade	instate
install	instal	instal
install	installate	(none)
installs	installates	(none)
installing	installating	installation
installer	installator	installation
installers	installators	installations
installer	installe	installed
installs	installes	installed
installs	instals	instals
instantiating	instantiatin	instantiation
instead	insted	insted
insert	inster	inter
inserted	instered	instead
inserting	instering	entering
inserts	insters	instars
intersections	instersctions	interactions
intersection	instersectioned	(none)
instance	instrace	insurance
instance	instrance	insurance
instructing	instructin	instruction
instructions	instructiosn	instruction
intuitions	instutions	institutions
ensue	insue	issue
instance	intace	intact
instances	intaces	intakes
installationpath	intallationpath	(none)
installs	intalles	installed
interact	inteact	intact
inetd	inted	inter
integrate	integrat	integral
integrating	integratin	integration
integrates	integrats	integrate
integrity	integrey	integral
intelligible	inteligable	ineligible
indentation	intendation	intention
indentations	intendations	intentions
intends	intendes	intended
intention	intension	intension
intentionally	intensionaly	intensional
intended	intentended	(none)
intentionally	intentially	potentially
intentionally	intentialy	intently
intentionally	intentionly	intention
interpreter	intepretator	(none)
interpreters	intepretators	(none)
interprets	intepretes	interpreted
iterable	interable	integrable
interacting	interactin	interaction
interactive	interactuable	intractable
internals	interals	intervals
internally	interaly	internal
iterate	interate	integrate
iterated	interated	integrated
iterates	interates	integrates
iterating	interating	integrating
iteration	interation	integration
iterations	interations	interactions
interactively	interatively	iteratively
iterator	interator	integrator
iterators	interators	integrators
intersect	interect	interest
intersected	interected	interested
intersecting	interecting	interesting
intersection	interectioned	(none)
intersections	interections	interactions
intersects	interects	interests
interred	intered	entered
internet	interent	interest
intercept	interept	interest
intersect	interesct	interest
intersected	interescted	interested
intersecting	interescting	interesting
intersects	interescts	interests
interfaces	interfacs	interface
interact	interfact	interface
interacts	interfacts	interfaces
interval	interfal	internal
interferes	interfears	interfere
interfered	interferd	interfere
interferes	interfers	interfere
integral	intergal	internal
integrals	intergals	intervals
integer	interge	interne
integer's	interger's	integers
inherit	interit	interim
interleaving	interliveing	interlinking
internally	internaly	internal
internationally	internationnaly	international
internals	internels	internees
interpret	interpet	internet
interpolating	interploatin	interpolation
interpolator	interpolar	interplay
interpolating	interpolatin	interpolation
interpret	interprate	interstate
interpret	interpretate	interpretive
interprets	interpretates	(none)
interpreting	interpretating	interpretation
interpret	interprete	interpreted
interprets	interpretes	interpreted
interruptible	interrputable	interpretable
interruptible	interrtupable	(none)
interrupts	interrtups	interrupt
interrupts	interrups	interrupt
interrupting	interruptin	interruption
interruptible	interrutable	interpretable
intersecting	intersectin	intersection
intercepts	intersepts	intersects
interrupt	interuppt	intercept
interrupting	interuppting	intercepting
integer	intger	inter
in	inthe	onthe
initialisations	intiailisations	(none)
initialising	intiailiseing	(none)
initialiser	intiailiser	(none)
initialisers	intiailisers	(none)
initializing	intiailizeing	(none)
initialisations	intialisations	initialisation
initialiser	intialiser	initializer
initialisers	intialisers	initializers
initialisations	intialistions	(none)
initializing	intializating	(none)
initialize	intializaze	(none)
initialisations	intiallisations	(none)
initialiser	intialliser	(none)
initialisers	intiallisers	(none)
initialisations	intialsations	(none)
initialise	intialse	initials
initialised	intialsed	initialed
initialiser	intialser	(none)
initialisers	intialsers	(none)
initiate	intialte	intimate
initiate	intiate	intimate
initialisations	intiialisations	initialisation
initialiser	intiialiser	initializer
initialisers	intiialisers	initializers
initialisation	intilisation	intimidation
initialisations	intilisations	(none)
initialise	intilise	utilise
initialised	intilised	utilised
initialiser	intiliser	utiliser
initialisers	intilisers	(none)
initialises	intilises	utilises
initialising	intilising	utilising
initialization	intilization	utilization
initialize	intilize	utilize
initialized	intilized	utilized
initializes	intilizes	utilizes
initializing	intilizing	utilizing
intimidating	intimidatin	intimidation
initialisations	intitalisations	(none)
initialiser	intitaliser	(none)
initialisers	intitalisers	(none)
initialisations	intitialisations	initialisation
initialiser	intitialiser	initializer
initialisers	intitialisers	initializers
intrigue	intreeg	entrees
intrigued	intreeged	(none)
intriguing	intreeging	inbreeding
introductory	introductionary	(none)
interpretation	inturpratasion	(none)
enumerable	inumerable	innumerable
invalid	invalde	invade
inventor	inventer	invented
interval	inveral	several
intervals	inverals	minerals
inversion	invertion	invention
inversions	invertions	inventions
investigating	investigatin	investigation
inverting	inveting	investing
individual	invidivual	(none)
invocable	invokable	inviolable
invoke	invokve	involve
invoked	invokved	involved
invokes	invokves	involves
invoking	invokving	involving
iomapped	iomaped	imaged
inode	ionde	monde
round	iound	found
improves	iproves	proves
input	iput	put
inputs	iputs	puts
irrelevant	irelevant	relevant
irrelevant	irelevent	relevant
irritate	iritate	imitate
irritated	iritated	imitated
irritating	iritating	imitating
irradiating	irradiatin	irradiation
irregularities	irregulierties	(none)
irritating	irritatin	irritation
isn't	is'nt	sent
it's	is's	isis
isalpha	isalha	italia
isconnected	isconnection	disconnection
iscreated	iscrated	isolated
isthmus	ismas	isms
isn't	isnt'	into
isn't	isnt	int
isolating	isolatin	isolation
issues	issus	issus
issue	issuse	issues
installs	istalls	stalls
instance	istance	distance
instant	istant	distant
integrations	itegrations	iterations
item	iten	ten
interactively	iteractively	iteratively
iterable	iteratable	treatable
iterator	iterater	iterated
iterate	iteraterate	(none)
iterators	iteraters	iterates
iterating	iteratin	iteration
iterator	iteratior	iteration
iterators	iteratiors	iterations
iterate	iternate	ternate
initialisation	itialisation	utilisation
initialisations	itialisations	(none)
initialise	itialise	utilise
initialised	itialised	utilised
initialiser	itialiser	utiliser
initialisers	itialisers	(none)
initialises	itialises	utilises
initialising	itialising	utilising
initialization	itialization	utilization
initializations	itializations	idealizations
initialize	itialize	utilize
initialized	itialized	utilized
initializes	itializes	utilizes
initializing	itializing	utilizing
item	itme	time
items	itmes	times
invalid	ivalid	valid
invalidate	ivalidate	validate
invalidated	ivalidated	validated
invalidates	ivalidates	validates
invalidating	ivalidating	validating
invalidation	ivalidation	validation
inverse	iversed	versed
invocation	ivocation	vocation
invocations	ivocations	vocations
invoke	ivoke	evoke
invokes	ivokes	evokes
jagged	jagid	said
jealousy	jalusey	halsey
japanese	japanses	japaneses
java	jave	have
jealousy	jelusey	jersey
jew	jewl	jews
gist	jist	list
jdk	jkd	jed
jodhpurs	jodpers	dodgers
joints	jonts	jones
journeyed	journied	journey
journeys	journies	journey
journeying	journing	mourning
png	jpng	jung
just	jstu	stu
judge	juge	june
jumped	jumpt	jump
journaler	jurnaler	journaled
journeyed	jurnied	turned
journeys	jurnies	juries
journey	jurny	jury
journeyed	jurnyed	turned
journeys	jurnys	turns
just	jus	jus
just	juse	june
justifies	justifes	justices
khaki	kackie	jackie
khakis	kackies	tackles
cake	kake	make
charisma	karisma	karma
kept	keept	keep
quiche	keesh	keep
kernel	kenel	keel
kernel	kenerl	general
kernels	kenerls	generals
key	ket	set
keyevent	keyevente	(none)
kiosk	keyosk	keys
keytouch	keyoutch	(none)
keystroke	keystoke	keystone
keystrokes	keystokes	keystones
keyword	keywoard	keyboard
keywords	keywoards	keyboards
keywords	keywors	keyword
kibbutzim	kibutzes	kibitzer
kidnappee	kidknappee	kidnapped
kidnappees	kidknappees	kidnappers
kiboshed	kighboshed	(none)
kiboshes	kighboshes	(none)
kiboshing	kighboshing	(none)
chimera	kimera	camera
chimeric	kimeric	limerick
chimerical	kimerical	numerical
chimerically	kimerically	numerically
chimera	kimerra	sierra
chimeric	kimerric	(none)
chimerical	kimerrical	(none)
chimerically	kimerrically	(none)
kind	kinf	kinf
kinds	kinfs	kings
kayak	kiyack	kick
kayaked	kiyacked	kicked
kayaker	kiyacker	kicker
kayakers	kiyackers	kickers
kayaking	kiyacking	kicking
kayaks	kiyacks	kicks
click	klick	kick
clicked	klicked	kicked
clicks	klicks	kicks
gnarl	knarl	karl
gnarling	knarling	snarling
know	kno	kno
noxious	knockous	knockout
noxiously	knockously	(none)
knowing	knowin	known
knowledgeable	knowledgable	knowledgable
knowledgeable	knowlegable	knowledgable
known	knowned	unowned
cuckoo	kookoo	voodoo
cuckoos	kookoos	kooks
culotte	koolot	kolo
culottes	koolots	woodlots
crèche	kresh	fresh
know	kwno	kano
knowledge	kwoledgebase	(none)
cuisine	kwuzine	(none)
cuisines	kwuzines	(none)
kiboshed	kyeboshed	(none)
kiboshes	kyeboshes	(none)
kiboshing	kyeboshing	(none)
labeled	labed	label
labelled	labeld	label
label	lable	able
labels	lables	tables
lacquer	lacker	lacker
lacquered	lackered	lacked
lacquers	lackeres	packers
lacquering	lackering	lacking
lacquers	lackers	packers
lachrymosely	lackrimosly	(none)
least	laest	last
laugh	laf	law
language	laguange	lagrange
lambda	lamba	lamb
lambdas	lambas	lamas
languages	lanagugs	(none)
lingerie	langerray	(none)
languagesection	langeuagesection	(none)
length	langht	light
lengths	langhts	lights
languages	languags	language
load	laod	land
loaded	laoded	landed
loader	laoder	ladder
loaders	laoders	ladders
loading	laoding	landing
loads	laods	lands
laotians	laotions	lotions
larger	larer	later
larger	larget	large
larynxes	laringes	larynges
larvae	larvy	larry
lasagna	lasonya	latonya
laser	lasr	last
latest	lastes	lasted
latest	lastest	fastest
latitude	lattitude	attitude
leveled	laveled	labeled
leveling	laveling	labeling
leveled	lavelled	labelled
levelling	lavelling	labelling
laid	layed	played
larynges	layringes	latrines
larynx	layrinks	latrines
larynx	layrinx	laying
larynxes	layrinxes	latrines
laser	lazer	later
clause	lcuase	case
leak	leack	lack
legal	leagel	league
lenient	leaneant	leanest
leniently	leaneantly	(none)
leaning	leanin	lenin
lean	leanr	learn
leap	leapyear	reappear
leap	leapyears	reappears
leery	leary	leary
leisure	leasure	measure
leisures	leasures	measures
lead	leat	left
league	leeg	lee
leagues	leegs	legs
legion	leegun	league
legions	leeguns	leagues
left	lefted	lifted
legacy	legac	legal
legal	legel	level
length	leght	light
lengths	leghts	lights
legionnaire	legionair	legionary
legionnaires	legionairs	legionary
leibniz	leibnitz	leibnitz
lens	lene	line
longtext	lengtext	(none)
lengths	lengts	length
leprechaun	lepracan	(none)
leprechauns	lepracans	(none)
leprosy	lepracy	legacy
leads	lesda	leda
leverage	levaridge	beveridge
level	leve	live
levels	leves	level
levitating	levitatin	levitation
lieu	lew	lew
leukaemia	lewchemia	(none)
luau	lewow	low
luaus	lewows	lewis
lexicographic	lexigraphic	epigraphic
liaising	liaisin	liaison
liars	liares	litres
liaise	liase	lease
liaised	liased	leased
liaises	liases	leases
liaising	liasing	leasing
libraries	liberries	liberties
library	liberry	liberty
libertarianism	libitarianisn	(none)
libel	lible	bible
library	libraarie	libraries
library	librabarie	(none)
library	librabie	libraries
library	librabrie	libraries
library	libraier	libraries
library	libralie	libraries
library	libratie	libraries
libreofficekit	libreoficekit	(none)
liquor	licker	licker
lying	lieing	living
likes	lieks	lies
lives	lifes	life
light	ligh	high
lighter	ligher	higher
lightning	lighning	lighting
light	lightyear	lightyear
light	lightyears	lightyear
legitimacy	ligitamassy	(none)
like	lik	lik
likely	likey	like
literal	lileral	liberal
limitation	limination	elimination
limit	limite	limited
limitation	limition	limiting
limit	limt	list
limited	limted	listed
limiter	limter	litter
limiters	limters	liters
limiting	limting	listing
limits	limts	lists
license	lincese	lines
linearly	lineary	linear
linesearch	lineseach	(none)
linesearches	lineseaches	(none)
lines	linez	line
linked	linke	line
links	linkes	lines
lines	lins	line
linting	lintin	linton
lines	linz	linz
liquefy	liquify	liquify
listing	lising	living
listpack	listapck	(none)
listening	listeing	listing
listens	listenes	listeners
listened	listned	listed
listening	listning	listing
literature	litature	ligature
literature	liteautrue	(none)
literally	literaly	literary
little	litle	title
list	lits	its
little	litte	litte
literally	littelry	lottery
level	livel	live
levels	livels	lives
license	lizens	likens
limiter	lmiter	liter
limiters	lmiters	liters
loads	loades	loaded
locate	locae	local
locates	locaes	locals
locating	locaing	locking
locally	localy	local
locating	locting	looting
loadable	lodable	lovable
loaded	loded	loved
loader	loder	lower
loaders	loders	lovers
loading	loding	losing
logarithmically	logarithmical	logarithmic
logical	logcal	local
logged	loged	loved
logger	loger	lower
loggers	logers	rogers
login	loggin	logging
logically	logicaly	logical
logging	loging	losing
logwriter	logwritter	(none)
logins	loigns	loins
locally	lokaly	local
total	lolal	local
long	lond	lond
longer	longe	longe
lonely	lonly	only
lewd	lood	good
looks	lookes	looked
looking	lookin	lookin
lossy	loosy	loose
loosely	losely	closely
loosen	losen	lose
rotation	lotation	location
load	lowd	low
lowercased	loweraced	lowered
lowercasing	loweracing	lowering
lasagna	lozonya	loony
lisp	lsip	lip
luckily	luckly	lucky
luggage	lugages	engages
luscious	lushis	luis
lusciously	lushisly	lushly
love	lveo	leo
libya	lybia	lydia
lying	lyin	lyin
maybe	mabe	made
maybe	mabey	mabel
macaque	macack	mack
moccasin	macason	jackson
moccasins	macasons	masons
matched	mached	marched
macro	maco	mac
macro	macor	major
macros	macors	mayors
package	macpakge	(none)
macros	macroses	across
macro	macrow	marrow
match	macth	math
matcher	macther	mather
magenta	magent	agent
maybe	maibe	maine
mailing	mailin	marlin
mailing	mailling	milling
mailing	maillinglist	(none)
mailing	maillinglists	(none)
mailing	mainling	mainline
maintenance	maintaince	maintained
maintenances	maintainces	maintained
maintain	maintaine	maintained
maintenance	maintainence	(none)
maintaining	maintaing	maintain
maintain	maintane	maintained
maintenance	maitainance	(none)
marked	maked	make
making	makin	main
maker	makr	make
macro	makro	mauro
mask	maks	make
makes	makse	make
masks	makss	makes
maliciously	maliciusally	(none)
maliciously	malicousally	(none)
malign	maline	marine
maligns	malins	marlins
malice	malless	mallets
misplace	malplace	wallace
maltese	maltesian	malaysian
manage	mamage	damage
mammal	mamal	mama
mammoth	mamuth	math
mayonnaise	manaise	malaise
manual	manal	canal
mayonnaise	manaze	manage
management	manement	movement
manage	mangae	manga
manages	manges	ranges
manipulator	manipulater	manipulate
manipulators	manipulaters	manipulates
manipulating	manipulatin	manipulation
manipulator	maniputor	manipur
manual	mannual	annual
manually	mannually	annually
manually	mannualy	annual
maintain	mantanine	(none)
manuals	manualls	manually
manually	manualy	manual
manual	manuell	manuel
manuals	manuells	manuel
manuals	manuels	manuel
menus	manues	manuel
manufacture	manufactuer	manufacturer
manufactures	manufactuers	manufacturers
manual	manule	manuel
manually	manuley	manley
manually	manuly	manly
mappable	mapable	capable
map	mape	made
mapped	maped	raped
mapping	maping	making
merger	marger	larger
mergers	margers	markers
margins	margings	markings
matrices	marices	marines
matrix	marix	maria
marks	markes	market
marquee	markey	market
marquees	markeys	markets
martyr	marter	master
march	marz	mark
masochist	masakist	(none)
machete	mashetty	(none)
messiah	masia	asia
massacre	masicer	master
massif	masiff	mastiff
masquerade	maskeraid	(none)
macos	masos	mass
masseur	massewer	masseter
mass	massmedia	(none)
masturbating	masturbatin	masturbation
meta	mata	math
maintainer	matainer	mariner
maintainers	matainers	mariners
match	matc	math
matching	matchine	machine
matches	matchs	match
materialist	materalists	materialists
materials	materiasl	material
materials	materlas	material
match	mathc	math
matcher	mathcer	mather
mathematically	mathematicaly	mathematical
mathematician	mathematican	mathematical
matinee	matinay	matinal
metric	matric	matrix
metrics	matrics	matrices
matrix	matrie	marie
pattern	mattern	matter
patterns	matterns	matters
maximums	maxiums	maxims
mozilla	mazilla	maxilla
modes	mdoes	does
meaning	meading	leading
millefleur	mealflur	(none)
meant	meaned	leaned
wear	mear	year
merely	mearly	early
measurer	measuer	measure
measured	measurd	measure
membrane	mebrain	brain
membranes	mebrains	brains
membrane	mebran	median
membranes	mebrans	means
macabre	meccob	mccoy
mechanisms	mechanims	mechanism
mechanical	mechnical	technical
mechanically	mechnically	technically
meta	meda	media
meadow	meddo	eddo
meadows	meddos	medals
made	mede	mede
medieval	medevil	bedevil
median	mediam	media
mediocre	medicore	medicare
metaphor	medifor	editor
metaphors	medifors	editors
mediterranean	mediterainnean	(none)
meaning	meening	meeting
meanings	meenings	meetings
mechanism	meganism	veganism
merge	mege	mere
mergers	megers	meters
millennium	melineum	perineum
millennium	melineumm	(none)
millennia	melineumms	(none)
millennia	melineums	(none)
millennium	melinneum	(none)
millennia	melinneums	(none)
millennium	mellineum	(none)
millennia	mellineums	(none)
millennium	mellinneum	(none)
millennia	mellinneums	(none)
membranes	membrans	membrane
memcache	memcahe	memcached
member	memember	remember
members	memembers	remembers
mimic	memick	mexico
mimic	memmick	merrick
mimics	memmics	memoirs
memories	memmorys	memory
memories	memorys	memory
memmove	memove	remove
memoir	memwar	member
memoirs	memwars	members
menu	meni	men
meant	ment	went
manual	menual	mental
menu	menue	venue
menus	menues	venues
menuitems	menutitems	(none)
menu	meny	many
mirage	meraj	merak
mirages	merajes	morales
veranda	meranda	miranda
meringue	merang	means
meerkat	merecat	erect
merging	mergin	margin
mirrors	merrors	errors
mosquito	meskeeto	(none)
mosquitoes	meskeetoes	(none)
mosquitos	meskeetos	(none)
mezzanine	mesoneen	(none)
mezzanines	mesoneens	(none)
messagequeue	messagetqueue	(none)
messages	messags	message
messages	messagse	message
message	messenge	messenger
messaged	messenged	messenger
messages	messenges	messenger
messaged	messged	messed
messing	messin	messina
metapackage	metapackge	(none)
metapackages	metapackges	(none)
methods	methoden	method
methods	methos	method
metaphor	metifor	meteor
metaphors	metifors	meteors
mention	metion	motion
metrics	metrices	matrices
mesmerise	mezmorise	memorise
mesmerised	mezmorised	memorised
mesmeriser	mezmoriser	memorised
mesmerises	mezmorises	memorises
mesmerising	mezmorising	memorising
mesmerize	mezmorize	memorize
mesmerized	mezmorized	memorized
mesmerizer	mezmorizer	memorized
mesmerizes	mezmorizes	memorizes
mesmerizing	mezmorizing	memorizing
mail	mial	mill
mice	mices	miles
medieval	midevil	devil
midge	mige	mike
midges	miges	miles
might	migh	high
migrating	migratin	migration
mileage	milage	mirage
mileages	milages	mirages
milieu	mileau	miles
milieu	mileu	miles
military	miliary	miliary
maliciously	miliciousally	(none)
maliciously	milicousally	(none)
milquetoast	milktoast	(none)
milquetoasts	milktoasts	(none)
milieu	milyew	mildew
mismatch	mimach	mitch
mismatched	mimachd	(none)
mismatched	mimached	mimicked
mismatches	mimaches	miracles
mismatching	mimaching	mimicking
mismatched	mimatchd	mismatch
minima	mimina	miming
minimal	miminal	liminal
minimally	miminally	nominally
minimally	miminaly	liminal
minimise	miminise	diminish
minimised	miminised	diminished
minimises	miminises	diminishes
minimising	miminising	diminishing
mimic	mimmick	gimmick
mimics	mimmicks	gimmicks
minimisation	minisation	mitigation
minuscule	miniscule	miniscule
minusculely	miniscully	miniscule
minimise	minise	minis
minimised	minised	minister
minimises	minises	minuses
minimising	minising	finishing
ministry	ministery	minister
minimum	minium	minium
minimization	minization	mitigation
minimize	minize	mine
minimized	minized	mined
minimizes	minizes	minutes
minimizing	minizing	mining
minutiae	minoosha	(none)
mentor	mintor	minor
mentors	mintors	minors
minute	minue	mine
minimum	minum	minus
minusculely	minusculy	minuscule
mirror	miror	minor
mirrors	mirros	mirror
miss	mis	is
miscellaneous	miscallenaous	(none)
miscellaneous	miscallenous	(none)
miscellaneous	misceancellous	(none)
malformed	misformed	informed
missing	mising	mining
misinterpret	misinterprett	misinterprets
mismatched	mismatchd	mismatch
mismatches	mismatchs	mismatch
miscible	missable	kissable
misconfigure	missconfigure	misconfigured
misconfigures	missconfigures	misconfigured
misconfiguring	missconfiguring	(none)
mizzen	missen	missed
missing	missign	mission
missingassignment	missingassignement	(none)
mismatched	missmatchd	mismatch
misspell	misspel	misspelt
misspells	misspels	misspelt
mistypes	misstypes	missteps
mismatched	mistatchd	mismatch
mystique	misteek	mistake
mystiques	misteeks	mistress
maestro	mistro	bistro
maestros	mistros	bistros
maestro	mistrow	mistook
maestros	mistrows	mistress
misused	misued	missed
misusing	misuing	missing
mitigating	mitigatin	mitigation
make	mkea	kea
mapped	mmaped	shaped
many	mnay	may
module	mobule	mobile
mode	modee	model
modernizations	moderninationz	modernization
modernizations	modernizationz	modernization
module	modeul	model
modules	modeuls	models
modifies	modfides	confides
modifies	modfities	modalities
modification	modication	medication
modifications	modications	medications
modify	modifify	modified
modifiers	modifires	modifies
module	modile	mobile
modprobing	modprobbing	(none)
modprobing	modprobeing	(none)
module	modue	mode
module	moduel	model
modules	moduels	models
modules	modues	modes
module	modul	model
modules'	modules's	modules
modules	moduls	models
modulo	modulu	module
moment	moent	mount
more	moew	moe
mount	moint	point
moment	momement	movement
momentary	momementary	commentary
moments	momements	movements
memento	momento	moment
mementos	momentos	moments
memory	momery	modern
momentary	mommentary	commentary
moments	momments	comments
moment	momoment	movement
momentary	momomentary	commentary
memento	momomento	(none)
mementos	momomentos	(none)
moments	momoments	movements
monarchies	monarkeys	monkeys
monday	mondey	money
mono	mone	one
monastery	monestary	monetary
monitor	moniter	monster
monitors	moniters	monsters
monkeys	monkies	monies
monolithic	monolite	monolith
monitor	monotir	monster
monitors	monotirs	monsters
monster	monstrum	monstrous
mountains	montains	contains
montage	montaj	months
month	monthe	months
mention	montion	motion
monthly	montly	mostly
monitor	montor	motor
monitors	montors	motors
more	mor	for
more	moreso	moreno
morgue	morg	more
morgues	morges	merges
morgues	morgs	mores
normalise	mormalise	formalise
normalised	mormalised	formalised
normalises	mormalises	formalises
normalized	mormalized	formalized
mortar	morter	porter
mostly	mosty	most
mouse	mosue	mosque
motif	moteef	mother
motifs	moteefs	mothers
motor	moteur	mother
motored	moteured	matured
motoring	moteuring	metering
motors	moteurs	meters
month	mounth	mount
mounting	mountin	mountain
mountpoints	mountpionts	mountpoint
mousepointer	mouspointer	(none)
mounting	moutning	mourning
mountpoints	moutnpoints	mountpoint
movebackward	movebackwrd	(none)
msbuild's	msbilds	mobiles
msbuild's	msbuids	squids
msbuild's	msbulds	moulds
msbuild's	msbulids	msbuild
mutex	muext	next
multithreads	mulithreads	multithread
multiplies	multipies	multiples
multiplied	multipled	multiple
multiplier	multipler	multiple
multipliers	multiplers	multiples
multiplexed	multiplexd	multiplex
multiplier	multiplyer	multiplayer
multithreads	multithreds	multithread
numbers	mumbers	members
numbers	munbers	members
myrrh	murr	muir
mussels	muscels	muscles
muscle	muscil	musil
muscles	muscils	muslims
muscle	musel	muse
muscles	musels	mussels
muscle	musil	musil
muscles	musils	musics
mustn't	musn't	must
muscle	mussil	mussel
muscles	mussils	mussels
mustn't	must't	must
mustache	mustash	mustang
mutably	mutatbly	mutable
mutator	mutater	mutated
mutators	mutaters	mutates
mutable	mutbal	mutual
mutexes	mutecies	mutinies
mutexes	mutexs	mutes
multi	muti	mute
mutexes	mutices	duties
multisite	mutilsite	mutilate
multithreads	mutilthreads	(none)
multimarked	mutimarked	(none)
multithreads	mutithreads	multithread
multiplier	mutlipler	multiple
multithreads	mutlithreads	multithread
mutexes	mutuxs	mutual
may	mye	my
myiterator	myitereator	(none)
myself	myselves	selves
maestro	mystrow	(none)
maestros	mystrows	(none)
navigated	nagivated	agitated
neighbor	naibhor	abhor
neighborhood	naibhorhood	(none)
neighborhoods	naibhorhoods	(none)
neighborly	naibhorly	(none)
neighbors	naibhors	abhors
neighbor	naibor	labor
neighborhood	naiborhood	(none)
neighborhoods	naiborhoods	(none)
neighborly	naiborly	(none)
neighbors	naibors	sailors
naivety	naivity	nativity
name	nam	nam
named	namd	name
names	nams	name
napalm	napom	atom
napalmed	napomed	named
napalms	napomes	names
napalming	napoming	naming
napalms	napommes	(none)
napalms	napomms	(none)
napalms	napoms	naples
gnarl	narl	earl
gnarled	narled	nailed
gnarling	narling	darling
gnarls	narls	nails
gnarly	narly	early
nest	nast	east
nested	nasted	lasted
nasturtium	nastershem	(none)
nasturtiums	nastershems	(none)
nasturtium	nastershum	(none)
nasturtiums	nastershums	(none)
nasturtium	nastersiem	(none)
nasturtiums	nastersiems	(none)
nesting	nasting	casting
nasty	nastly	lastly
nasturtium	nasturshem	(none)
nasturtiums	nasturshems	(none)
matched	natched	watched
matinal	natinal	national
naturally	naturaly	natural
naturally	naturely	maturely
navigation	navagitation	(none)
navigator	navigater	navigate
navigating	navigatin	navigation
nauseously	nawseously	(none)
nauseous	nawshes	ashes
nauseously	nawshesly	(none)
nauseous	nawshus	nashua
nauseously	nawshusly	(none)
max	nax	tax
neighbor	naybhor	abhor
neighborhood	naybhorhood	(none)
neighborhoods	naybhorhoods	(none)
neighborly	naybhorly	(none)
neighbors	naybhors	abhors
neighbor	naybor	mayor
neighborhood	nayborhood	(none)
neighborhoods	nayborhoods	(none)
neighborly	nayborly	(none)
neighbors	naybors	mayors
neighbour	naybour	labour
neighbourhood	naybourhood	(none)
neighbourhoods	naybourhoods	(none)
neighbourly	naybourly	(none)
neighbours	naybours	harbours
and	nd	nd
undefined	ndefined	defined
nodes	ndoes	does
need	nead	near
header	neader	leader
headers	neaders	leaders
needing	neading	leading
needy	neady	ready
nearest	neast	east
necessarily	neccecarily	(none)
necessary	neccecary	(none)
need	ned	ned
needing	nedding	wedding
needed	neded	ended
needless	nedless	endless
needs	neds	news
needed	neede	need
needs	needes	needed
needn't	neeedn't	(none)
needs	nees	news
needs	neesd	need
need	neet	next
negotiable	negatiotiable	(none)
negotiate	negatiotiate	(none)
negotiated	negatiotiated	(none)
negotiates	negatiotiates	(none)
negotiating	negatiotiating	(none)
negotiation	negatiotiation	(none)
negotiations	negatiotiations	(none)
negotiator	negatiotiator	(none)
negotiators	negatiotiators	(none)
negligible	negible	legible
negotiate	negoate	negate
negotiated	negoated	negated
negotiates	negoates	negates
negotiating	negoating	negating
negotiation	negoation	negation
negotiations	negoations	negations
negotiable	negoptionsotiable	(none)
negotiate	negoptionsotiate	(none)
negotiated	negoptionsotiated	(none)
negotiates	negoptionsotiates	(none)
negotiating	negoptionsotiating	(none)
negotiation	negoptionsotiation	(none)
negotiations	negoptionsotiations	(none)
negotiator	negoptionsotiator	(none)
negotiators	negoptionsotiators	(none)
negotiable	negotatible	(none)
negotiator	negotatior	negotiation
negotiators	negotatiors	negotiations
negotiator	negotiater	negotiated
negotiation	negotion	negation
negotiations	negotions	negations
niece	neice	nice
neighborhood	neighbeard	(none)
neighborhoods	neighbeards	(none)
neighborhood	neighbeod	neighbor
neighborhoods	neighbeods	neighbors
neighbor	neighbergh	(none)
neighbors	neighberghs	(none)
neighboring	neighberhooding	(none)
neighbor	neighberhoor	neighborhood
neighbors	neighberhoors	neighborhoods
neighbouring	neighbeuing	neighboring
neighbour	neighbeurgh	(none)
neighbours	neighbeurghs	(none)
neighbouring	neighbeurhooding	(none)
neighbour	neighbeurhoor	neighbourhood
neighbours	neighbeurhoors	neighbourhoods
neighbours	neighbeus	neighbors
neighborhood	neighboard	neighbors
neighborhoods	neighboards	neighbors
neighborhood	neighbood	neighbors
neighborhoods	neighboods	neighbors
neighbor	neighborgh	neighbors
neighboring	neighborhooding	(none)
neighbor	neighborhoor	neighborhood
neighbors	neighborhoors	neighborhoods
neighbouring	neighbouing	neighboring
neighbour	neighbourgh	neighbours
neighbouring	neighbourhooding	(none)
neighbour	neighbourhoor	neighbourhood
neighbours	neighbourhoors	neighbourhoods
neighbours	neighbous	neighbors
neither	neight	night
neither	neighter	fighter
an	nempty	empty
neural	neral	neral
neurally	neraly	nearly
narrative	nerative	negative
narratively	neratively	negatively
narratives	neratives	negatives
necessarily	nescesarrily	(none)
necessary	nescesarry	(none)
necessary	nessary	pessary
necessarily	nessasarily	(none)
necessary	nessasary	(none)
necessarily	nessecarilt	(none)
necessarily	nessecarily	(none)
necessarily	nessecarrily	(none)
necessary	nessecarry	(none)
necessary	nessecary	(none)
necessarily	nesseccarily	(none)
necessary	nesseccary	(none)
necessarily	nessecerily	(none)
necessary	nessecery	(none)
necessity	nessecity	(none)
nostalgically	nestalgicly	(none)
nostalgically	nestolgicly	(none)
neutral	netural	natural
pneumonectomies	neumonectomies	(none)
mnemonic	neumonic	pneumonic
mnemonically	neumonically	neurotically
mnemonically	neumonicly	(none)
envelop	nevelop	develop
enveloped	neveloped	developed
enveloping	neveloping	developing
envelops	nevelops	develops
never	nevers	nevers
nuance	newance	enhance
nuanced	newanced	enhanced
nuances	newances	enhances
nuancing	newancing	enhancing
pneumatic	newmatic	nematic
pneumatically	newmaticly	(none)
pneumonectomies	newmonectomies	(none)
pneumonic	newmonic	demonic
nuisance	newsans	newman
nuisances	newsanses	(none)
new	newyorker	(none)
nested	nexted	netted
nginx	ngix	nix
naive	nieve	niece
naivete	nieveatay	(none)
naively	nievely	lively
knife	nife	life
knives	nifes	niles
nightlies	nighlties	nighties
neither	nighther	fighter
neither	nihther	either
nymphal	nimphal	imphal
nymphean	nimphean	(none)
nymphean	nimphian	(none)
nymphlike	nimphlike	(none)
inn	nin	in
ninja	ninj	nine
ninety	ninty	ninth
niche	nitch	pitch
niched	nitched	pitched
niches	nitches	pitches
niching	nitching	pitching
neither	nither	either
knives	nives	lives
unknown	nknown	known
know	nkow	now
know	nkwo	(none)
novitiate	nnovisheate	(none)
novitiates	nnovisheates	(none)
not	noe	noe
notifies	nofities	polities
notify	nofity	noisy
nohyphen	nohypen	(none)
noise	noice	voice
notifier	noifier	noisier
notify	noify	noisy
normals	nomals	nomads
gnomes	nomes	names
no	noo	noo
no	noone	none
normal	noral	noral
nor	nore	more
normally	normaly	normal
normals	normls	norms
notification	nortification	fortification
notifications	nortifications	fortifications
nostalgically	nostolgicly	(none)
notably	notabley	notable
notice	notce	note
noticed	notced	noted
notices	notces	notes
noticing	notcing	nothing
north	noth	not
nothing	nothin	nothin
notification	notication	nomination
notifications	notications	nominations
notify	noticy	notice
notifying	noticying	noticing
notified	notifed	noticed
notifier	notifer	rotifer
notifiers	notifers	rotifers
notifies	notifes	notices
notifying	notifing	noticing
notmuch	notmutch	(none)
notes	notse	note
novitiate	novisheate	(none)
novitiates	novisheates	(none)
novitiate	novisheut	(none)
novitiates	novisheuts	(none)
knowns	nowns	towns
installs	nstalls	stalls
number	nuber	nuber
nuisance	nuisanses	nuisances
null	nulk	bulk
numbers	numbes	number
numbers	numbesr	number
numeral	numerial	numerical
neutrally	nutraly	neutral
nutritious	nutrieous	nutrients
now	nwo	two
ocher	oaker	baker
ocherous	oakereous	(none)
ocherously	oakereously	(none)
ocherous	oakerous	onerous
ocherously	oakerously	(none)
ochery	oakery	bakery
param	oaram	aram
particle	oarticle	article
particles	oarticles	articles
ovations	obations	orations
obey	obay	bay
obeys	obays	bays
observe	oberv	over
observes	obervs	roberts
objecting	objectin	objection
object	objet	objet
oblique	obleek	bleak
obliquely	obleekly	bleakly
obstructing	obstructin	obstruction
obtain	obtaine	obtained
obtains	obtaines	obtained
a	ocapella	capella
occasionally	ocassionaly	(none)
occasionally	occationly	(none)
occurred	occurd	occurs
occur	occure	occurs
occur	occurr	occurs
occurrences	occurrencs	occurrence
once	oce	one
oscillate	ocilate	pilate
oscillated	ocilated	dilated
oscillator	ocilater	(none)
oscillators	ocilaters	(none)
oscillates	ocilates	opiates
o'clock	oclock	clock
octave	octive	active
occur	ocur	our
occur	ocurr	court
odyssey	odasee	oases
odysseys	odasees	dashes
order	oder	oder
oddly	odly	only
one	oen	oen
of	ofcource	(none)
oftener	offener	offender
offend	offens	offers
offset	offet	offer
offsets	offets	offers
officially	officaly	official
officially	officealy	official
officially	officialy	official
aficionado	officianado	(none)
aficionados	officianados	(none)
offline	offine	office
aficionado	offisianado	(none)
aficionados	offisianados	(none)
aficionado	offisionado	(none)
aficionados	offisionados	(none)
offsets	offsest	offset
offsetted	offseted	offered
aficionado	ofisianado	(none)
aficionados	ofisianados	(none)
of	ofmodule	module
offset	ofset	onset
offsetted	ofsetted	fretted
often	ofter	after
of	ofthe	othe
ogre	oger	over
ogres	ogers	rogers
ogling	oglin	olin
other	oher	her
pointer	ointer	winter
pointers	ointers	winters
okay	okat	kat
oldest	oldes	older
old	olt	out
homage	omage	image
homages	omages	images
homage	omaj	omar
homage	omaje	made
homages	omajes	makes
omnisciences	omishiences	(none)
omniscience	omishients	(none)
omniscience	omishints	(none)
omnisciences	omisiences	(none)
omitting	omiting	vomiting
omit	omitt	mitt
omelet	omlet	owlet
omnisciences	ommishiences	(none)
omniscience	ommishients	(none)
omniscience	ommishints	(none)
omnisciences	ommisiences	(none)
omission	ommision	commission
omissions	ommisions	commissions
omission	ommission	commission
omissions	ommissions	commissions
omit	ommit	commit
omitted	ommited	commited
omitting	ommiting	limiting
omits	ommits	commits
omitted	ommitted	committed
omitting	ommitting	committing
omnisciences	omnishiences	omniscience
omniscience	omnishients	omniscient
omniscience	omnishints	(none)
omnisciences	omnisiences	omniscience
ounces	onces	once
one	ond	and
only	onl	onl
only	onlyonce	(none)
omnisciences	onmishiences	(none)
omniscience	onmishients	(none)
omniscience	onmishints	(none)
omnisciences	onmisiences	(none)
onomatopoeia	onomanopea	(none)
onomatopoeia	onomonopea	(none)
note	onot	not
owns	ons	on
contained	ontained	obtained
on	onthe	onthe
on	ontop	onto
own	onw	on
ennui	onwee	one
owning	onwing	owing
owns	onws	ones
only	ony	on
opacity	opacy	pacy
opaque	opayk	park
opaques	opaykes	payees
operation	opeabcration	(none)
operations	opeabcrations	(none)
operations	opearios	(none)
operations	opearitos	(none)
opens	opems	poems
openbrowser	openbrower	(none)
opened	opend	opend
opens	openes	opened
operator	operater	operated
operators	operaters	operates
operation	operatione	operations
operating	operationg	operations
operator	operatior	operation
operators	operatiors	operations
operator	operato	operate
operators	operatos	operates
opinionator	opinionater	opinionated
opinionators	opinionaters	opinionated
opinionable	opinyonable	(none)
opinionnaire	opinyonaire	(none)
opinional	opinyonal	(none)
opinionatedly	opinyonatedly	(none)
opinionative	opinyonative	(none)
opinionators	opinyonators	opinionator
opinionnaire	opinyonnaire	(none)
option	opition	opinion
open	opne	one
opengroup	opnegroup	(none)
options	oportions	portions
opposition	oposition	position
opened	oppend	append
opportunities	opportunies	opportunity
opportunistically	opportunisticly	opportunistic
opportunistically	opportunistly	opportunity
opportunity	opportuny	opportune
opposites	opposits	opposite
oops	opps	apps
optional	optaionl	option
optimum	optimimum	optimism
optional	optinal	optical
optional	optiona	option
optionally	optionaly	optional
optionally	optionnaly	optional
options	optios	option
optimisation	optisimation	optimization
optimisations	optisimations	optimizations
optimised	optismied	optimized
orchestrating	orchestratin	orchestration
ordered	orded	order
ordered	orderd	order
ordered	ordert	order
hors	orderve	order
hors	orderves	ordered
hors	ordeurve	(none)
hors	ordeurves	(none)
hors	ordeuvre	oeuvre
hors	ordeuvres	oeuvres
ordering	ording	wording
order	orede	rede
orders	oredes	order
ordering	oreding	reding
organism	organim	organic
organise	organisate	organist
organising	organisating	organisation
organizing	organizating	organization
originx	orginx	origin
originy	orginy	origin
oracles	oricles	orioles
ordinal	oridinal	original
ordinate	oridinate	originate
ordinates	oridinates	originates
orientation	orieation	creation
orientations	orieations	creations
orientate	orienate	oriente
oriented	oriente	oriente
originally	origanaly	original
originally	origianaly	original
originally	originaly	original
original	oringal	oriental
originally	oringally	(none)
orchid	orkid	worked
orchids	orkids	kids
orphan	orpan	organ
orphans	orpans	organs
orthogonalize	orthagonalize	orthogonalized
orthogonalize	orthoganalize	orthogonalized
orthogonalise	orthongonalise	(none)
orthogonalised	orthongonalised	orthogonalized
orthogonalises	orthongonalises	(none)
orthogonalising	orthongonalising	orthogonalizing
orthogonalize	orthongonalize	orthogonalized
orthogonalizes	orthongonalizes	orthogonalized
oscillating	oscillatin	oscillation
ostrich	osterage	storage
ostriches	osterages	outrages
ostrich	ostridge	stride
ostriches	ostridges	strides
to	ot	ot
notate	otate	state
notated	otated	stated
notates	otates	states
notating	otating	stating
notation	otation	station
notations	otations	stations
other	othe	othe
otherwise	othersie	others
otherwise	otherways	(none)
elsewhere	otherwhere	(none)
overwrite	otherwrite	otherwise
otherwise	otherws	others
otoh	otho	otto
otherwise	othwhise	(none)
option	otion	motion
outer	ouer	over
outgoing	ougoing	ongoing
outline	ouline	online
outlinenodes	oultinenodes	(none)
outputted	ouptuted	ruptured
outputting	ouptuting	rupturing
outputarea	ouputarea	(none)
ourselves	ourselfe	ourself
ourselves	ourselfs	ourself
ourself	ourselve	ourselves
outing	outin	putin
out	outloud	outlook
outflow	outlow	outlaw
outflowed	outlowed	outlawed
outflowing	outlowing	outlawing
outflows	outlows	outlaws
outperform	outperfome	outperformed
overcompensations	overcompansations	overcompensation
overcompensating	overcompensatin	overcompensation
overengineer	overengeneer	(none)
overflow	overfl	overfly
overridden	overiden	overseen
overlaid	overlayed	overplayed
overloads	overloades	overloaded
overloads	overlodes	overlooks
overridden	overridde	override
overrode	overridded	overridden
overrides	overriddes	overridden
overrode	overrided	override
overridden	overriden	override
overridden	overrident	override
overrides	overrids	override
overrides	overries	overlies
overwrite	overrite	override
overridden	overrriden	override
oversubscribe	oversubcribe	oversubscribed
oversubscribes	oversubcribes	oversubscribed
oversubscribe	oversubscibe	oversubscribed
oversubscribe	oversubscirbe	oversubscribed
over	overthere	overture
otherwise	overvise	overtime
otherwise	overvize	oversize
otherwise	overwize	oversize
overwrite	overwride	override
overwrites	overwrides	overrides
overwriting	overwriding	overriding
overwritten	overwrited	overwrite
overwrite	overwritte	overwritten
overwrites	overwrittes	overwritten
overzealous	overzelis	(none)
overzealously	overzelisly	(none)
override	ovride	ride
overrides	ovrides	rides
overridables	ovrridables	overridable
overwrite	ovrwrt	overt
lower	ower	over
owns	ownes	owned
auxiliary	oxzillary	axillary
your	oyur	our
yourselves	oyurselves	ourselves
patch	pach	each
patched	pached	packed
patching	paching	packing
patchouli	pachooly	(none)
patch	pacht	yacht
pacing	pacin	pain
packaged	packaed	packed
packaged	packagd	package
packages	packags	package
packed	packe	pace
packs	packes	packers
packaged	packged	packed
packaging	packgement	(none)
packages'	packges'	packages
packages	packgs	packs
patch	pacth	path
param	padam	adam
pad	padd	paid
pads	padds	adds
padding	pading	paying
pageant	pagent	agent
pageants	pagents	parents
phases	pahses	passes
path	paht	part
paths	pahts	parts
painfully	painfuly	painful
painttile	paintile	painting
parochiality	pairocheality	(none)
parochial	pairocheel	(none)
parochiality	pairocheelity	(none)
parochially	pairocheelly	(none)
parochial	pairokeal	(none)
parochiality	pairokeality	(none)
parochially	pairokeally	(none)
parochial	pairokeel	(none)
parochiality	pairokeelity	(none)
parochially	pairokeelly	(none)
packageimpl	pakageimpl	(none)
package	pakge	page
package	pakvage	passage
palestinian	palistian	pakistan
palette	pallete	pallet
palette	pallette	pallette
paletted	palletted	pallette
play	paly	paly
pamphlet	pamflet	hamlet
pair	paor	poor
paradigm	paradime	paradise
paradigm	paradym	parade
paraphernalia	parafanalia	(none)
parallelises	paralelises	parallelised
parallelises	paralellises	parallelised
parallelly	paralely	parallel
parallelises	paralleises	parallelised
parallelises	parallellises	parallelised
parallelly	parallely	parallel
parallels	paralles	parallel
parallelise	parallise	paradise
parallelised	parallised	paralleled
parallelises	parallises	paradises
parallelising	parallising	paralleling
parallelize	parallize	paralyze
parallelized	parallized	paralyzed
parallelizes	parallizes	paralyzes
parallelizing	parallizing	paralleling
parameter	paramer	partner
parameterisation	paramerisation	parametrisation
parameterise	paramerise	parametrize
parameterised	paramerised	parametrised
parameterises	paramerises	parametrised
parameterization	paramerization	parametrization
parameterize	paramerize	parametrize
parameterized	paramerized	parametrized
parameterizes	paramerizes	parametrized
parameters	paramers	partners
parameter	paramert	parapet
parameters	paramerts	parapets
parameters	paramesr	parameter
parameter	parametere	parameters
parametric	parametic	paramedic
parameter	paramtere	parameters
parametric	paramterical	parametrical
parameterisation	paramterisation	parametrisation
parameterised	paramterised	parametrised
parameterization	paramterization	parametrization
piranha	parana	parana
parentheses	paranthes	(none)
parameter	paratmer	partner
parameters	paratmers	partners
paravirtualisation	paravirutalisation	paravirtualization
paravirtualise	paravirutalise	(none)
paravirtualised	paravirutalised	paravirtualized
paravirtualize	paravirutalize	paravirtualized
part	pard	pard
parallelises	parellelises	parallelised
param	parem	prem
parameter	paremter	premier
parentheses	parentesis	parenthesis
parenthesized	parenthesed	parentheses
parent	paret	part
parfait	parfay	parlay
pariah	paria	paris
pariahs	parias	paris
paring	parin	paris
parquet	parkay	parkway
parquets	parkays	parkways
param	parm	part
params	parmas	parma
parmesan	parmetian	armenian
parmesan	parmisan	partisan
parmesan	parmisian	parisian
params	parms	paris
parameter	parmter	painter
parameters	parmters	partners
partner	parnter	painter
parochiality	parocheality	(none)
parochiality	parocheelity	(none)
parochial	parokeal	(none)
parochiality	parokeality	(none)
parochially	parokeally	(none)
parochial	parokeel	parakeet
parochiality	parokeelity	(none)
parochially	parokeelly	(none)
parallelises	parralelises	(none)
parallelises	parralellises	(none)
parallelly	parralely	(none)
parallelises	parrallelises	parallelised
parallelly	parrallely	parallel
parsed	parsef	parser
parsing	parsering	partnering
partial	parshal	marshal
partially	parshally	marshall
partially	parshaly	marshall
parsing	parsin	parson
parse	parstree	parsee
path	parth	part
particles	particals	partials
participating	participatin	participation
partition	partion	portion
partitioned	partioned	portioned
partitioning	partioning	portioning
partitions	partions	portions
party	pary	part
pasteurises	pascheurises	(none)
pasteurises	paschurises	(none)
pass	pase	pase
passed	pased	based
parser	paser	paper
hash	pash	pash
parsing	pasing	passing
parse	pasre	paste
parsed	pasred	passed
parser	pasrer	passer
parses	pasres	passes
parsing	pasring	passing
passersby	passerbys	passerby
passwords	passwors	password
pastry	pastery	mastery
pasteurises	pasturises	pastures
patches	patchs	paths
pathname	pathane	pathan
patch	pathc	path
partition	patition	petition
partitioned	patitioned	petitioned
partitions	patitions	petitions
pattern	patten	patten
patterns	pattersn	pattern
paving	pavin	pain
paint	paínt	parent
peaceful	peacefuland	(none)
pinochle	peanockle	(none)
pinochle	peanuchle	(none)
pinochle	peanuckle	(none)
peoples	peapels	papers
pieced	peased	peaked
pieces	peases	phases
piecing	peasing	peaking
percent	pecent	recent
specific	pecific	pacific
peculiar	pecular	secular
peculiar	peculure	(none)
people	peepel	peeper
peoples	peepels	peepers
pirouette	peerowet	(none)
pirouettes	peerowetes	(none)
pirouettes	peerowets	(none)
perfected	pefected	defected
prefer	pefer	peter
preferred	pefered	petered
preference	peference	reference
preferences	peferences	references
preferred	peferred	referred
preferring	peferring	referring
prefers	pefers	refers
performs	peforms	reforms
piece	peice	peace
penitentiaries	penatenturies	(none)
penitentiary	penatentury	(none)
penetrator	penerator	generator
panel	pennal	penal
panels	pennals	penal
pencil	pensle	penile
peignoir	penwar	penal
perceivably	percievabley	perceivable
precision	percison	person
prefect	perfact	perfect
preference	perferance	performance
preferences	perferances	performances
preferred	perfered	performed
prefer	perferr	perform
preference	perferrance	performance
preferences	perferrances	performances
performance	perferrmence	(none)
performances	perferrmences	(none)
prefers	perferrs	performs
perform	perfome	perfume
performance	perfomeamce	(none)
performances	perfomeamces	(none)
performance	perfomeanse	(none)
performances	perfomeanses	(none)
performance	perfomenace	(none)
performances	perfomenaces	(none)
performs	perfomes	perfumes
perfume	perfoom	perform
performed	perford	perform
performances	performancs	performance
perform	performe	performed
performs	perfors	perform
prefer	perfur	perform
preferred	perfurd	perform
preferred	perfured	perfumed
preferring	perfuring	performing
preferred	perfurrd	perfumed
preferred	perfurred	performed
preferring	perfurring	performing
prefers	perfurs	perform
perlcritic	perlciritc	(none)
permanently	permanenty	permanent
permissions	permissiosn	permission
permission	permition	perdition
permissions	permitions	petitions
permutate	permuatate	permutated
permutates	permuatates	permutated
permute	permuate	permeate
permuted	permuated	permeated
permutes	permuates	permeates
permuting	permuating	permeating
proposal	perposal	personal
proposed	perposed	purposed
proposing	perposing	purposing
precious	persciuos	(none)
preciously	persciuosly	(none)
precious	perscius	perseus
preciously	persciusly	(none)
precede	perseed	perseid
preceded	perseeded	persuaded
precedes	perseedes	persuades
preceding	perseeding	persuading
precedes	perseeds	perseus
pursue	persew	person
pursued	persewed	perseid
pursuer	persewer	persevere
pursues	persewes	perseus
pursuing	persewing	pershing
pursues	persews	perseus
precious	pershis	persis
preciously	pershisly	(none)
precious	pershus	perseus
preciously	pershusly	(none)
persisted	persistented	persistent
persists	persits	permits
personality	personalitie	personalities
personalities	personalitys	personality
personally	personaly	personal
personnel	personel	personal
personnel	personell	personal
personally	personnaly	personal
precious	perssious	pervious
preciously	perssiously	(none)
precious	perssiuos	(none)
preciously	perssiuosly	(none)
pertinent	pertinate	terminate
pertinently	pertinately	(none)
perturb	pertubate	(none)
perturbed	pertubated	permutated
perturbs	pertubates	(none)
perturb	perturbate	perturbative
perturbs	perturbates	(none)
perturb	perturbe	perturbed
prevent	pervent	percent
previous	pervious	pervious
prevent	pevent	event
prevents	pevents	events
pewter	pewder	powder
pharmaceutical	pharmaseudically	(none)
pharmaceutical	pharmaseudicaly	(none)
pharmaceutical	pharmaseutically	(none)
pharmaceutical	pharmasudical	(none)
pharmaceutical	pharmasudically	(none)
pharmaceuticals	pharmasudicals	(none)
pharmaceutical	pharmasudicaly	(none)
pharmaceutical	pharmasutically	(none)
pharmaceutical	pharmasuticaly	(none)
phasespace	phasepsace	(none)
phases	phasis	phasis
phenomenal	phenomenonal	phenomenon
phenomenally	phenomenonly	phenomenon
peripherals	pheriparials	(none)
physically	phisicaly	physical
phlegm	phlem	phloem
phlegmatous	phlematous	(none)
phlegmy	phlemy	ptolemy
phonetically	phoneticly	phonetic
photo	phote	phone
physically	physicaly	physical
physician	physican	physical
physicist	physicst	physics
physician	physisan	physical
python	phyton	photon
piece	pice	pice
pitch	pich	rich
pitched	piched	picked
picnics	picknicks	pickwick
picayunes	pickyunes	picayune
picturesque	picturesk	pictures
picturesquely	pictureskly	(none)
picturesqueness	pictureskness	(none)
picture	picure	picure
pigeon	pidgeon	pidgeon
pigeon	pigin	pidgin
pigeons	pigins	pidgins
pigeon	pigun	gun
pigeons	piguns	guns
pigeon	pijun	jun
pigeons	pijuns	pius
pilgrimage	pilgramidge	(none)
pilgrimage	pilgramig	(none)
pylon	pilon	pilot
pylons	pilons	pilots
pinscher	pincher	pincher
pineapple	pinnaple	pinnacle
pointer	pinter	pinter
pinochle	pinuckle	pickle
pointer	pionter	pioneer
pipelines	pipelins	pipeline
pyrrhic	pirric	picnic
pixmap	pitmap	pitman
pity	pitty	petty
pixels	pixelx	pixel
pixels	pixes	pipes
placeholders	placeholdes	placeholder
placing	placin	plain
plaid	plad	play
plaided	pladed	played
plagiary	plagery	player
placed	plased	played
placing	plasing	playing
plateau	plateu	plate
platforms	platforma	platform
platforms	platformt	platform
platform	plathome	(none)
plateau	platoe	plate
plateaus	platoes	plates
platforms	platofmss	(none)
plateau	plattoe	platte
plateaus	plattoes	plates
plague	playge	played
plagiarise	playgerise	(none)
plagiarize	playgerize	(none)
playgrounds	playgrouns	playground
playwright	playwrite	(none)
playwrights	playwrites	(none)
please	pleace	pleace
pleased	pleasd	please
pleasant	pleasent	pleasent
pleases	pleass	please
plenty	plent	plant
pleasant	plesant	plesant
pleasantly	plesently	presently
plain	plian	plan
pliers	pliars	liars
plotted	ploted	piloted
plugged	pluged	plunged
plugging	pluging	plugin
plugin	pluin	plain
plugins	pluins	plains
pulse	pluse	plus
podfile	podfie	jodie
producibly	poducibly	producible
peonies	poenis	penis
poetry	poety	poet
pointing	poining	joining
points	poins	point
poinsettia	pointseta	(none)
poignant	poinyent	(none)
pointed	poitd	point
pointed	poited	posted
pointer	poiter	porter
pointers	poiters	posters
pointing	poiting	posting
pointed	poitnd	point
projections	pojrections	corrections
pocket	poket	poet
polarity	polariy	polaris
policies	policie	police
policies	policys	policy
politician	politican	political
polluting	pollutin	pollution
policies	polocys	policy
politic	poltic	poetic
poultry	poltry	poetry
pollute	polute	polite
pollutes	polutes	solutes
pollution	polution	solution
polygons	polygond	polygon
polypolygon	polypoygon	(none)
polypolygons	polypoylgons	(none)
pompeii	pompay	pompey
pointed	ponitd	ponied
pointer	ponter	porter
pointing	ponting	posting
popped	poped	pope
potpourri	poperee	powered
popping	poping	hoping
propose	popose	oppose
proposing	poposing	opposing
probable	porbable	portable
peripheral	poriferal	(none)
portion	porition	position
portioned	poritioned	positioned
portioning	poritioning	positioning
portions	poritions	positions
propose	porpose	purpose
proposes	porposes	purposes
porcelain	porsalin	formalin
portion	porshan	persian
portion	porshon	person
portrayal	portrail	portrait
portuguese	portugese	portugese
provides	porvids	provide
positioned	posioned	poisoned
positioning	positiong	position
positivity	positivy	positive
possesses	posseses	possess
possessing	possessin	possession
possibilities	possibilies	possibility
possibility	possibity	possibly
possibly	possiblely	possible
postgresql	postgress	postures
position	postion	postion
positioned	postioned	postponed
postimage	postmage	postage
posthumous	postuminus	(none)
posthumous	postumus	costumes
potatoes	potatos	potato
potentially	potententially	(none)
potentially	potentialy	potential
pyint	ppyint	point
practically	practicaly	practical
practically	practicly	practice
practitioner	practictitioner	(none)
practitioners	practictitioners	(none)
pragma	pragmato	pragmatic
prairie	prairy	pair
practice	pratice	pratice
prairie	prayry	prayer
prairies	prayrys	prayers
process	prcess	press
percentiles	prctiles	practices
preallocate	prealocate	relocate
preallocates	prealocates	relocates
precached	precacheed	preached
precede	preced	priced
precede	preceed	preceded
preceded	preceeded	proceeded
precedes	preceeds	proceeds
precedence	precende	precede
precedences	precendes	precedes
precedence	precends	pretends
preference	precenence	precedence
preferences	precenences	precedences
presence	precense	pretense
percent	precent	present
process	precess	precess
processing	precessing	precessing
predecessor	precessor	processor
predecessors	precessors	processors
precede	precide	precise
precedent	precident	president
precedents	precidents	presidents
predeclaring	predeclarnig	(none)
predecessor	predessor	professor
predicate	predicat	predict
predicting	predictin	prediction
predominately	predomiantly	predominantly
pretence	prefence	presence
preferences	prefences	presences
prevent	prefent	present
prevented	prefented	presented
prevents	prefents	presents
preference	prefernec	preferred
prefix	prefex	prefer
preferred	preffered	proffered
preferring	preffering	proffering
prefix	prefice	preface
proficiency	preficientsy	proficiently
projected	prejected	rejected
prejudice	prejudgudice	(none)
prejudiced	prejudgudiced	(none)
prejudices	prejudgudices	(none)
prejudicing	prejudgudicing	(none)
preeminence	preminence	prominence
premonstratensians	premonasterians	(none)
prepare	prepair	repair
prepares	prepairs	repairs
prepend	prepand	prepaid
preparatory	prepatory	predatory
prepended	prepented	presented
prepend	preppend	prepped
prepend	preppent	present
prepended	preppented	presented
prepared	preprepared	(none)
prerequisite	prequisite	requisite
prerequisites	prequisites	requisites
prereleases	prerelases	prerelease
prereleasing	prerelasing	(none)
prerequisites	prerequisits	prerequisite
precious	preshis	press
preciously	preshisly	(none)
precious	preshus	press
preciously	preshusly	(none)
precise	presice	preside
persist	presist	resist
persistence	presistance	resistance
persistent	presistant	resistant
persisted	presisted	resisted
persisting	presisting	resisting
perspective	prespective	respective
pressed	presse	press
press	pressenter	presenter
precious	pressious	previous
preciously	pressiously	previously
precious	pressiuos	pressings
preciously	pressiuosly	(none)
presume	pressume	pressure
presumes	pressumes	pressures
presuming	pressuming	pressuring
pressured	presured	presumed
pertaining	pretaining	retaining
prettier	pretier	premier
prettifies	pretifies	certifies
prettifying	pretifying	certifying
pretty	prety	prety
prevalence	prevelance	freelance
prevalent	prevelant	prevent
prevented	prevente	prevent
preventing	preventin	prevention
preserve	preverse	reverse
preserved	preversed	reversed
preserves	preverses	reverses
preserving	preversing	reversing
previewed	previewd	preview
private	priave	piave
primarily	primarly	primary
primitives	primitivs	primitive
primitive	primive	prime
primitives	primives	premises
principality	principaly	principal
principally	principly	principle
print	pring	spring
printing	pringing	bringing
printers	printes	printed
prioritisations	priorisations	(none)
prioritise	priorise	promise
prioritised	priorised	promised
prioritises	priorises	promises
prioritising	priorisin	(none)
prioritising	priorising	promising
prioritisations	prioritsations	prioritisation
prioritises	prioritses	priorities
prioritizations	prioritzations	prioritization
prioritizes	prioritzes	priorities
prioritizations	priorizations	(none)
prioritize	priorize	priority
prioritizes	priorizes	priorities
prioritizing	priorizin	(none)
prioritisations	priortisations	prioritisation
prioritizations	priortizations	prioritization
prioritise	priotise	promise
prioritised	priotised	promised
prioritising	priotising	promising
priors	priots	riots
prise	pris	paris
printing	priting	writing
provide	privde	pride
proxy	prixy	privy
probabilities	probabilies	probability
probability	probabily	probably
probed	probbed	robbed
problem	probleme	problems
processed	proccesed	proceeded
processes	procceses	process
proceeding	proceding	preceding
proceeds	proceedes	proceeded
proceed	proceeed	proceeded
processed	proceesed	proceeded
processed	procesed	proceed
processes	proceses	process
processhandler	proceshandler	(none)
processor	processer	processes
processors	processers	processes
processing	processessing	(none)
procrastinating	procrastinatin	procrastination
produce	procude	procure
produced	procuded	procured
producer	procuder	procurer
produces	procudes	procures
producing	procuding	procuring
proceeding	prodceding	preceding
provided	prodived	produced
provider	prodiver	producer
providers	prodivers	producers
produces	produceds	produced
protect	proect	project
protections	proections	projections
protectors	proectors	projectors
protects	proects	projects
profusion	profesion	profession
professionally	professionaly	professional
profess	proffes	proffer
professed	proffesed	proffered
professes	proffeses	profess
professing	proffesing	proffering
profiles	profies	profits
prolific	profilic	profile
profiles	proflied	profiled
programmatic	progamatic	pragmatic
programmatically	progamatically	pragmatically
program	progamm	progamme
programs	progamms	progamme
propagate	progate	probate
propagated	progated	probated
propagates	progates	probates
propagating	progating	promoting
propagation	progation	probation
propagations	progations	promotions
progress	progess	process
progressbar	progessbar	(none)
progressbars	progessbars	(none)
progresses	progesses	processes
progressing	progessing	processing
progressor	progessor	professor
progress	progesss	process
prodigy	progidy	provide
programmed	programd	program
programmed	programmd	programme
progresses	progreses	progress
progressing	progressin	progression
pogrom	progrom	program
pogroms	progroms	programs
prohibiting	prohibitin	prohibition
project's	projct's	projects
projector	projctor	proctor
projects	projecs	project
projected	projectd	project
projector	projecter	projected
projecting	projectin	projection
prolix	prolicks	pricks
proliferating	proliferatin	proliferation
promontory	promatory	predatory
prominently	prominately	predominately
proximity	promixity	prolixity
promoting	promotin	promotion
prompts	promps	props
prompt	promt	promo
prompted	promted	promoted
prompter	promter	promoter
prompters	promters	promoters
prompting	promting	promoting
print	pront	front
pronates	prontes	orontes
propose	proose	prose
propagator	propagater	propagated
propagators	propagaters	propagates
propagating	propagatin	propagation
propagate	propage	propane
propagated	propaged	proposed
propagates	propages	proposes
propagating	propaging	preparing
propagator	propator	predator
propagators	propators	predators
prospect	propect	project
prospected	propected	protected
prospecting	propecting	protecting
prospection	propection	protection
prospective	propective	protective
prospectless	propectless	(none)
prospector	propector	protector
prospects	propects	projects
properties	propeoperties	(none)
properties	properrys	property
property	propertie	properties
properly	propertly	property
properties	propertus	propertius
properties	propertys	property
properties	propertyst	property
properties	propetrys	property
properties	propetys	property
proprietaries	propietries	properties
proprietary	propietry	property
proposition	propostion	proportion
proportion	propotion	promotion
proportional	propotional	promotional
proportions	propotions	promotions
probable	proproable	(none)
probably	proproably	(none)
propagation	proprogation	prorogation
propagations	proprogations	prorogation
prompt	propt	prop
processor	prosessor	professor
processors	prosessors	professors
portability	protability	probability
protected	protecte	protect
protecting	protectin	protection
protocols	protocos	protocol
protocol	protol	proton
protocols	protols	protons
provide	provice	province
provides	provids	provide
provides	providse	provide
provide	provied	provided
proving	provin	proven
provisioning	provisiong	provisions
provision	provisiosn	provisions
provides	provods	provide
proxies	proxys	proxy
projected	proyected	protected
projecting	proyecting	protecting
projection	proyection	protection
printf	prtinf	print
proof	prufe	prune
space	psace	place
spaced	psaced	placed
spaces	psaces	places
spacing	psacing	placing
pseudolayer	psuedolayer	(none)
pseudonym	psydonym	synonym
pseudonymous	psydonymous	synonymous
pseudonyms	psydonyms	synonyms
pdf	ptd	ltd
publish	publich	public
publishes	publishs	publish
puerto	puertorrican	(none)
puerto	puertorricans	(none)
plugin	pugin	putin
publish	pulish	polish
pull	pullrequenst	(none)
pulse	puls	puls
pumpkin	pumkin	pumkin
punctuation	punctuations	punctuations
pundit	pundent	pungent
pundits	pundents	pendents
popular	puplar	poplar
populate	puplate	pupate
populated	puplated	updated
populates	puplates	plates
populating	puplating	updating
purgeable	purgable	portable
pursuing	pursuin	pursuit
pertain	purtain	curtain
pertains	purtains	curtains
persuading	pususading	(none)
putting	puttin	puttin
physically	pyhsicaly	physical
psychic	pyscic	mystic
queries	qeries	series
query	qery	very
quest	qest	west
quests	qests	tests
queue	qeue	que
quick	qick	pick
quote	qoute	route
quotes	qoutes	routes
quoting	qouting	routing
quaddec	quadddec	(none)
coiffure	quafeur	quaker
coiffured	quafeured	(none)
quantified	quanified	qualified
quantifies	quanifies	qualifies
quantify	quanify	qualify
quantifying	quanifying	qualifying
quantities	quanities	qualities
quantity	quanity	quality
quickstarter	quckstarter	kickstarter
queue	quee	queen
queueing	queing	queuing
querying	quering	queuing
queried	querried	quarried
queries	querries	quarries
query	querry	quarry
querying	querrying	quarrying
queries	querys	query
croissant	quesant	quest
croissants	quesants	quests
guess	quess	quest
croissant	quessant	puissant
croissants	quessants	(none)
questionnaire	questionare	questionable
questionnaires	questionnairs	questionnaire
questions	questios	question
queue	queu	que
queuing	queueuing	queueing
queues	queus	queue
queue	quew	que
quest	quiest	quiet
quite	quitely	quietly
quit	quith	quite
quitting	quiting	quoting
quit	quitt	quite
quit	quitted	quilted
quizzes	quizs	quiz
quotient	quoshant	(none)
quotients	quoshants	(none)
queried	quried	buried
queries	quries	juries
query	qury	jury
querying	qurying	burying
quest	qust	just
quests	qusts	gusts
croissant	quwesant	(none)
croissants	quwesants	(none)
croissant	quwessant	(none)
croissants	quwessants	(none)
croissant	qwesant	besant
croissants	qwesants	(none)
croissant	qwessant	(none)
croissants	qwessants	(none)
rabbits	rabits	habits
raucous	racaus	races
raccoon	racoon	racoon
raccoons	racoons	racoons
read	rade	made
redemption	rademtion	radiation
redemptions	rademtions	radiations
radii	radeuses	ramesses
radix	radis	radio
ready	rady	lady
read	raed	red
reason	raison	raisin
reasons	raisons	raisins
randomisers	ramdomisers	randomiser
rendezvous	randayvoo	(none)
rendezvoused	randayvooed	(none)
rendezvous	randayvoos	(none)
rendezvous	randayvou	(none)
rendezvoused	randayvoued	(none)
rendezvous	randayvous	(none)
rendezvous	randazyvoo	(none)
rendezvoused	randazyvooed	(none)
rendezvous	randazyvoos	(none)
rendezvous	randazyvou	(none)
rendezvoused	randazyvoued	(none)
rendezvous	randazyvous	(none)
rotates	raotats	rotate
rappel	rapell	rarely
rappelled	rapelled	repelled
rappelling	rapelling	repelling
rappells	rapells	spells
rapport	rapore	report
rhapsody	rapsady	ramsay
rhapsodies	rapsadys	(none)
rarefied	rarified	ratified
raising	rasing	racing
ratatouille	ratatooee	(none)
ratatouille	ratatoolee	(none)
ratatouille	ratatui	(none)
recall	rcall	call
reachable	reacable	readable
recurring	reaccurring	reoccurring
richer	reacher	reacher
readers	reachers	teachers
reaches	reachs	reach
reaching	reacing	racing
reacting	reactin	reaction
read	readby	ready
readdresses	readdrsses	headdresses
readably	readibly	readily
readily	readly	really
readmission	readmition	rendition
realise	reaise	raise
realised	reaised	raised
realises	reaises	raises
realising	reaising	raising
real	reall	reall
really	realling	recalling
really	reallllly	(none)
reallocating	reallocatin	reallocation
reload	realod	real
reloaded	realoded	realized
reloading	realoding	reading
reloads	realods	reasons
related	realtd	realty
relation	realtion	reaction
really	realy	realy
readme	reamde	remade
render	reander	reader
reappears	reappeares	reappeared
reappear	reapper	rapper
reacquire	reaquire	require
search	rearch	reach
searched	rearched	reached
searches	rearches	reaches
searching	rearching	reaching
rearrangement	rearranent	rearmament
rearrangements	rearranents	(none)
rearrangement	rearrangent	rearranged
rearranges	rearrangs	rearrange
rearranges	rearrangse	rearrange
rearrangement	rearrangt	rearrange
rearrangeables	rearrangteables	rearrangeable
rearrangements	rearrangts	rearranges
rearrangement	rearrant	warrant
rearrangements	rearrants	reactants
reassociations	reassocations	reallocations
reassociations	reassocitions	reassociation
ready	reasy	easy
ready	reay	reay
ready	reayd	read
rebound	rebounce	renounce
rebuild	rebuil	rebuilt
rebuilt	rebuilded	rebuild
rebuilds	rebuils	rebuilt
rebuilds	rebuilts	rebuilt
rebuilt	rebult	result
recall	recal	real
recalculating	recalculatin	recalculation
reconnect	recconecct	(none)
reconnected	recconeccted	(none)
reconnecting	recconeccting	(none)
reconnection	recconecction	(none)
reconnections	recconecctions	(none)
reconnects	recconeccts	(none)
reconnect	recconet	reckoned
reconnected	recconeted	(none)
reconnecting	recconeting	(none)
reconnection	recconetion	(none)
reconnections	recconetions	(none)
reconnects	recconets	(none)
recurred	reccured	secured
receipt	receet	recent
receipts	receets	recent
recipe	receipe	receive
recipes	receipes	receives
received	receivedfrom	(none)
receives	receivs	receive
rescind	recend	recent
rescindable	recendable	dependable
rescinded	recended	receded
rescinds	recendes	recedes
rescinding	recending	receding
rescinds	recends	records
recently	recenty	recent
recipe	recepie	receive
recipes	recepies	receives
recipe	recepit	receipt
receptacle	receptical	sceptical
receptacles	recepticals	(none)
recipe	recepy	recept
recessing	recessin	recession
reside	recide	decide
resided	recided	decided
receives	recievs	reviews
receipt	recipt	recipe
receipts	recipts	recipes
recognizable	recocnisable	recognisable
reconfig	recofig	recoil
recommend	recommd	record
recommended	recommded	recorded
recommends	recommds	records
reconnaissance	reconasence	(none)
reconnect	reconet	recent
reconnected	reconeted	recovered
reconnecting	reconeting	recovering
reconnection	reconetion	recognition
reconnections	reconetions	recognitions
reconnects	reconets	recounts
reconfigured	reconfiged	reconciled
reconfigure	reconfure	reconquer
reconciles	reconsildes	reconsider
reconstructor	reconstructer	reconstructed
reconstructing	reconstructin	reconstruction
record	recordproducer	(none)
recorded	recored	record
recreation	recreateation	(none)
recreating	recreatin	recreation
recruit	recroot	redroot
recursively	recrusevly	(none)
reduce	recude	recede
reckon	recun	recon
reckoned	recund	refund
reckoning	recuning	retuning
recursively	recursily	recursive
recursed	recurssed	recessed
recursion	recustion	reduction
recursions	recustions	receptions
reduction	recution	section
reductions	recutions	relations
reduction	redction	reaction
readable	redeable	reliable
redirect	redict	predict
reading	reding	reding
redirected	redirectd	redirect
redistributing	redistributin	redistribution
readme	redme	rede
reduces	reduses	refuses
ready	redy	red
reevaluating	reevaluatin	reevaluation
refraction	refactrion	reaction
refractive	refactrive	reactive
refcount	refcound	rebound
refcount	refcounf	recount
refactor	refector	reflector
refactors	refectors	defectors
reference	refence	defence
referenced	refenced	referred
references	refences	defences
referencing	refencing	defending
referenced	referencd	reference
references	referencs	reference
referenced	referenct	reference
reference	referenz	referent
referrer	referers	referees
refers	referres	referred
revert	refert	refer
reverted	referted	referred
reverting	referting	referring
referrer	refferer	referee
referrers	refferers	referees
referring	reffering	offering
reflected	reflectd	reflect
refreshes	refreshs	refresh
refuse	refure	refuge
regards	regardes	regarded
regenerating	regeneratin	regeneration
regenerated	regenratet	regenerate
regress	regess	recess
regressed	regessed	recessed
regresses	regesses	recesses
regression	regession	recession
regressions	regessions	recessions
register	regist	resist
registered	registed	register
registered	registerd	register
registers	registeres	registered
registered	registert	register
registry	registery	register
registers	registes	register
registering	registing	resisting
register	registrate	magistrate
registered	registrated	(none)
registers	registrates	magistrates
registering	registrating	registration
registers	registrs	registry
regain	regoin	region
regressing	regressin	regression
regressors	regressos	regresses
regulariser	reguarliser	(none)
regulars	reguarls	regularly
regulation	regulamentation	(none)
regulations	regulamentations	(none)
regularly	regulariry	regularity
regulariser	regularliser	regularised
regulator	regulater	regulated
rehearsing	rehersing	reversing
rehighlights	rehighlightes	(none)
reign	reigon	region
reigns	reigons	regions
reimplementing	reimpplementating	(none)
reinitialise	reinitailise	reinitialize
reinitialised	reinitailised	reinitialized
reinstalled	reinstaled	reinstated
reinstalling	reinstaling	reinstating
reinstalls	reinstals	reinstall
reinstantiate	reinstatiate	(none)
reinstantiated	reinstatiated	(none)
reinstantiates	reinstatiates	(none)
reinstantiation	reinstatiation	reinstallation
reinstantiate	reintantiate	(none)
reinstantiating	reintantiating	(none)
rejecting	rejectin	rejection
recursed	rekursed	returned
releasing	relasing	relating
relative	relatib	related
relating	relatin	relation
relative	relativated	reactivated
releases	releaes	release
relief	releaf	release
relieved	releafed	released
relieves	releafes	releases
relieving	releafing	releasing
relieves	releafs	release
relate	releate	release
related	releated	released
relates	releates	releases
relieve	releave	release
relieved	releaved	released
relieves	releaves	releases
relieving	releaving	releasing
reelected	relected	elected
relief	releife	release
relieved	releifed	released
relieves	releifes	releases
relieving	releifing	receiving
relieve	releive	receive
relieved	releived	received
reliever	releiver	receiver
relieves	releives	receives
relieving	releiving	receiving
rely	relie	relief
relieves	reliefes	reliefs
realise	relise	relies
realised	relised	revised
realises	relises	relies
reallocates	rellocates	relocates
reloads	reloades	reloaded
relocating	relocatin	relocation
reply	relpy	relay
relevance	relvance	reliance
relies	relyes	reyes
relies	relys	rely
remains	remaines	remained
remaining	remaing	remains
remaking	remakin	remain
remain	remane	remake
remainder	remaner	remained
remains	remanes	remakes
remaining	remanin	remain
remapped	remaped	reaped
remapping	remaping	remaking
remember	rember	member
remembered	rembered	premiered
remembering	rembering	numbering
remembers	rembers	members
memorable	rememberable	(none)
reminisce	remeniss	remedies
reminiscence	remenissense	(none)
reminiscer	remenisser	(none)
remnant	reminent	eminent
reminisce	reminis	reminds
reminiscer	reminiser	reminder
reminiscer	reminscer	reminder
remotely	remontly	recently
remote	remore	remove
remotes	remots	remote
removeformat	removefromat	(none)
removes	remves	reeves
removes	remvs	remus
rendezvous	rendayvoo	(none)
rendezvoused	rendayvooed	(none)
rendezvous	rendayvou	(none)
rendezvoused	rendayvoued	(none)
rendezvous	rendazyvoo	(none)
rendezvoused	rendazyvooed	(none)
rendezvous	rendazyvou	(none)
rendezvoused	rendazyvoued	(none)
render	rende	rende
renders	renderes	rendered
renderers	renderrs	renders
renegotiable	renegatiotiable	(none)
renegotiate	renegatiotiate	(none)
renegotiated	renegatiotiated	(none)
renegotiates	renegatiotiates	(none)
renegotiating	renegatiotiating	(none)
renegotiation	renegatiotiation	(none)
renegotiations	renegatiotiations	(none)
renegotiator	renegatiotiator	(none)
renegotiators	renegatiotiators	(none)
renegotiable	renegoable	renewable
renegotiate	renegoate	renegade
renegotiated	renegoated	relegated
renegotiates	renegoates	renegades
renegotiable	renegoatiable	(none)
renegotiator	renegoatiator	(none)
renegotiators	renegoatiators	(none)
renegotiating	renegoating	relegating
renegotiation	renegoation	relegation
renegotiator	renegoator	(none)
renegotiators	renegoators	(none)
renegotiable	renegociable	(none)
renegotiator	renegociator	(none)
renegotiators	renegociators	(none)
renegotiable	renegogtiable	(none)
renegotiator	renegogtiator	(none)
renegotiators	renegogtiators	(none)
renegotiable	renegoitable	(none)
renegotiator	renegoitator	(none)
renegotiators	renegoitators	(none)
renegotiable	renegoptionsotiable	(none)
renegotiate	renegoptionsotiate	(none)
renegotiated	renegoptionsotiated	(none)
renegotiates	renegoptionsotiates	(none)
renegotiating	renegoptionsotiating	(none)
renegotiation	renegoptionsotiation	(none)
renegotiations	renegoptionsotiations	(none)
renegotiator	renegoptionsotiator	(none)
renegotiators	renegoptionsotiators	(none)
renegotiable	renegosiable	(none)
renegotiator	renegosiator	(none)
renegotiators	renegosiators	(none)
renegotiable	renegotable	(none)
renegotiable	renegotaiable	(none)
renegotiator	renegotaiator	(none)
renegotiators	renegotaiators	(none)
renegotiable	renegotaible	(none)
renegotiator	renegotaitor	(none)
renegotiators	renegotaitors	(none)
renegotiable	renegotatiable	(none)
renegotiator	renegotatiator	(none)
renegotiators	renegotatiators	(none)
renegotiable	renegotatible	(none)
renegotiator	renegotatior	renegotiation
renegotiators	renegotatiors	renegotiations
renegotiator	renegotator	(none)
renegotiators	renegotators	(none)
renegotiable	renegothiable	(none)
renegotiator	renegothiator	(none)
renegotiators	renegothiators	(none)
renegotiating	renegotiatin	renegotiation
renegotiable	renegotible	renegotiate
renegotiable	renegoticable	(none)
renegotiator	renegoticator	(none)
renegotiators	renegoticators	(none)
renegotiable	renegotioable	(none)
renegotiator	renegotioator	(none)
renegotiators	renegotioators	(none)
renegotiable	renegotioble	(none)
renegotiation	renegotion	relegation
renegotiable	renegotionable	(none)
renegotiator	renegotionator	(none)
renegotiators	renegotionators	(none)
renegotiations	renegotions	(none)
renegotiable	renegotiotable	(none)
renegotiator	renegotiotator	(none)
renegotiators	renegotiotators	(none)
renegotiator	renegotiotor	(none)
renegotiators	renegotiotors	(none)
renegotiable	renegotitable	(none)
renegotiator	renegotitaor	(none)
renegotiators	renegotitaors	(none)
renegotiator	renegotitator	(none)
renegotiators	renegotitators	(none)
renegotiator	renegotitor	(none)
renegotiators	renegotitors	(none)
renegotiable	renegoziable	(none)
renegotiator	renegoziator	(none)
renegotiators	renegoziators	(none)
reinforce	renforce	enforce
reinforcement	renforcement	enforcement
renege	renig	reni
reneger	reniger	ranger
renaissance	renosance	resonance
renovating	renovatin	renovation
renters	rentors	mentors
reoccurring	reocurring	recurring
reorder	reoder	reader
reordered	reodered	rendered
reordering	reodering	rendering
reorders	reoders	readers
resolver	reolver	revolver
resolvers	reolvers	revolvers
resolves	reolves	revolves
resolving	reolving	revolving
reason	reosne	rose
repaint	repant	repent
repaints	repants	repents
reparameterisation	reparamterisation	reparameterization
reparameterise	reparamterise	reparameterize
reparameterised	reparamterised	reparameterized
reparameterises	reparamterises	reparameterizes
reparameterising	reparamterising	(none)
reparameterizing	reparamterizing	(none)
repertoire	repatwar	(none)
repertoires	repatwars	(none)
repeats	repeates	repeated
repeatedly	repeatly	recently
respected	repected	rejected
respecting	repecting	repeating
respects	repects	rejects
repeatability	repedability	readability
repeatable	repedable	renewable
repelled	repeled	repealed
repeller	repeler	reeler
repelling	repeling	repealing
repel	repell	repeal
repels	repells	repeals
repertoire	repertwar	(none)
repertoires	repertwars	(none)
repetition	repetation	reputation
repeat	repete	replete
repeats	repetes	repeated
repetition	repetion	repletion
repetitions	repetions	relations
repetitive	repetive	receive
repetitively	repetively	respectively
repetition	repition	edition
repetitions	repitions	relations
repetitive	repitive	relative
repetitively	repitively	relatively
replica	replaca	replace
replaceability	replacability	replicability
replicable	replacable	replaceable
replaceables	replacables	replaceable
replaceability	replacaiblity	replicability
replaceables	replacalbes	(none)
replicas	replacas	replaces
replacement	replacent	replaced
replacements	replacents	replaces
replicaof	replcaof	(none)
replenishes	replentishs	replenish
replicate	replicae	replica
replicates	replicaes	replicas
replicating	replicatin	replication
replying	repling	reeling
replies	replys	reply
repositories	reporisaties	(none)
repository	reporisaty	(none)
reportresources	reportresouces	(none)
repository	reposity	deposits
respond	reposond	reposted
responder	reposonder	(none)
responders	reposonders	(none)
responding	reposonding	(none)
response	reposonse	(none)
responses	reposonses	(none)
reposts	repostes	reposted
report	repote	remote
reports	repotes	remotes
represent	reprent	reprint
represented	reprented	reprinted
representing	reprenting	reprinting
represents	reprents	reprints
represents	reprepresents	(none)
represents	represens	represent
representing	representating	representative
represents	represente	represented
represents	representes	represented
representation	represention	representing
representations	representions	representing
represented	represnetated	(none)
reproducible	reprociblbe	(none)
reproducibility	reproducablitity	(none)
reproduceability	reproduciability	reproducibility
reproduceable	reproduciable	reproducible
represented	repsented	resented
republics	republis	republic
requirement	reqirement	retirement
requiring	reqiring	retiring
requeued	requed	required
requests	requess	request
requested	requestd	request
requests	requestes	requested
requested	requestested	(none)
requests	requestests	requesters
requests	requets	request
requiem	requeum	request
requiems	requeums	requests
requires	requirs	require
requisites	requisits	requisite
requires	requris	returns
rerunning	reruning	retuning
restart	resart	resort
restarting	resarting	resorting
restarts	resarts	resorts
rescanned	rescaned	rescaled
restriction	rescrition	description
reselection	reselction	resection
reset	resest	resist
resetstatus	resestatus	(none)
reset	reseted	rested
resetting	reseting	resting
reset	resetted	resettled
reserved	resevered	recovered
reserving	resevering	recovering
resilience	resilence	residence
resiliency	resilency	residency
resilient	resilent	resident
reservoir	resivwar	(none)
reselection	reslection	reflection
resourced	resorced	resorted
resourcing	resorcing	resorting
restore	resore	resort
resourced	resourcd	resource
resourced	resourcde	resource
resourcetype	resourceype	(none)
resolve	resove	remove
resolved	resoved	removed
resolver	resover	recover
resolvers	resovers	recovers
resolves	resoves	removes
resolving	resoving	removing
response	responc	respond
respond	responde	response
respond	responed	responded
responded	responsed	response
responder's	responser's	responses
responder	responser	response
responders	responsers	responses
responsive	responsibe	responsible
resourced	resrouced	reproduced
resourcing	resroucing	reproducing
recipe	ressapee	reshaped
reset	resseted	resulted
resurrecting	resssurecting	(none)
restaurateur	restaraunteur	(none)
restaurateurs	restaraunteurs	(none)
reset	reste	rest
restaurant	resteraunt	restraint
restaurants	resteraunts	restraints
reset	restes	rests
reset	restet	rested
restored	restired	retired
restoring	restiring	retiring
restores	restors	restore
restore	restort	resort
restricting	restrictin	restriction
resubstitution	resubstituion	(none)
reuse	resue	rescue
reused	resued	resumed
reuses	resues	rescues
reusing	resuing	resting
resolutions	resulotions	regulations
results	resuls	result
resultsets	resulsets	results
results	resulst	result
resolution	resultion	resulting
resolutions	resultions	resulting
resolved	resulved	resulted
resolving	resulving	resulting
resume	resumt	result
resurrecting	resurrectin	resurrection
recursed	resursed	returned
reuse	resuse	resume
reused	resused	refused
reuses	resuses	refuses
reusing	resusing	refusing
retrieved	retieved	relieved
retrieving	retieving	relieving
retinue	retinew	review
restored	retored	retired
restoring	retoring	retiring
requireseek	retquireseek	(none)
requiresgpos	retquiresgpos	(none)
requiresgsub	retquiresgsub	(none)
requiressl	retquiressl	(none)
retracting	retractin	retraction
retransferred	retransferd	retransfer
retransferring	retransfering	(none)
retrying	retryin	retrain
returns	returnes	returned
returns	returs	return
returns	retursn	return
retrying	retyring	retiring
requirement	reuirement	retirement
requiring	reuiring	retiring
reupload	reupladad	reuploaded
reuploader	reuplader	reuploaded
reuploaders	reupladers	(none)
reupload	reuplaodad	reuploaded
reuploader	reuplaoder	reuploaded
reuploaders	reuplaoders	(none)
reupload	reuploade	reuploaded
reuploads	reuploades	reuploaded
reuploader	reuploder	exploder
reuploaders	reuploders	(none)
reusing	reusin	resin
returns	reutnrs	reuters
reevaluated	revaluated	evaluated
relevance	revelance	freelance
relevant	revelant	revenant
relevance	revelence	reverence
relevant	revelent	reverent
revert	rever	rever
reversal	reveral	several
reference	reverece	reverence
revert	reveret	revered
reviewed	revewed	renewed
reviewsection	reviewsectio	(none)
revisit	revist	resist
revisited	revisted	revised
revisiting	revisting	resisting
revisits	revists	resists
reviewed	reviwed	revised
reversed	revrsed	revised
reviewed	rewieved	relieved
reviewer	rewiever	reliever
reviewing	rewieving	relieving
rewound	rewinded	reminded
rewrote	rewrited	rewrite
raphson	rhapson	reason
rhinoceros	rhinosarus	rhinovirus
rhinoceroses	rhinosaruses	(none)
rhinoceroses	rhinosaruss	(none)
ricochet	rickoshay	rickshaw
ricocheted	rickoshayed	(none)
ricocheting	rickoshaying	(none)
ricochets	rickoshays	rickshaws
ridge	rige	rise
ridges	riges	rises
rigueur	rigeur	rigour
right	righ	high
reminisce	rimaniss	romanies
reminisced	rimanissed	(none)
reminiscent	rimanissent	(none)
reminiscer	rimanisser	(none)
reminisces	rimanisses	(none)
reminiscing	rimanissing	(none)
reminiscer	riminicer	(none)
ring	rin	in
rhinoceros	rinosarus	dinosaurs
rhinoceroses	rinosaruses	(none)
rhinoceroses	rinosaruss	(none)
restrict	ristrict	district
rhythm	rithm	with
rhythmically	rithmicly	(none)
riddle	rittle	little
riddled	rittled	rattled
riddler	rittler	ritter
riddles	rittles	rattles
riddling	rittling	rattling
else	rlse	rose
remove	rmove	move
removed	rmoved	moved
removing	rmoving	moving
rage	rnage	range
rotate	roate	route
rotated	roated	rated
rotates	roates	routes
rotating	roating	rating
rotations	roations	rations
rotatory	roatory	oratory
roasts	roats	roads
reduce	roduce	produce
reduced	roduced	produced
reduces	roduces	produces
reducing	roducing	producing
reduction	roduction	production
reductions	roductions	productions
rolling	rollin	rollin
remote	romote	promote
remoted	romoted	promoted
remoting	romoteing	promoting
remotes	romotes	promotes
remoting	romoting	promoting
remotely	romotly	promptly
rendezvous	rondayvoo	(none)
rendezvoused	rondayvooed	(none)
rendezvous	rondayvou	(none)
rendezvoused	rondayvoued	(none)
rendezvous	rondazyvoo	(none)
rendezvoused	rondazyvooed	(none)
rendezvous	rondazyvou	(none)
rendezvoused	rondazyvoued	(none)
rotating	rotatin	rotation
rotations	rotatios	rotation
rotates	rotats	rotate
rounding	rouding	routing
round	roung	young
routed	rounted	mounted
router	rounter	counter
routers	rounters	counters
routing	rounting	counting
routed	routet	route
routine	routie	route
routines	routies	routes
routines	routins	routine
replace	rplace	place
erroring	rrroring	mirroring
riscv	rsicv	rich
resizing	rsizing	sizing
resource	rsource	source
resourced	rsourced	sourced
resources	rsources	sources
resourcing	rsourcing	sourcing
rheumatic	rumatic	romantic
ran	runned	runner
runtime	runting	running
routes	rutes	rules
rhythm	rythem	them
sabotage	sabatosh	(none)
sabotaged	sabatoshed	(none)
sabotages	sabatoshes	(none)
sabotaging	sabatoshing	(none)
saccharin	sacarin	savarin
scaled	sacled	sacred
scales	sacles	sales
scaling	sacling	sailing
saccharin	sacrin	sacred
sadly	saddly	saddle
sad	sade	sade
saving	safeing	saying
safepoints	safepooints	safepoint
safari	saferi	safer
safely	safetly	safety
safely	safly	sally
safety	safty	safty
says	sais	said
slaveof	salveof	salvo
sample	samle	same
sampled	samled	sailed
samples	samles	sales
sampling	samling	sailing
samurai	samori	satori
sample	sampe	same
sample	sampel	samuel
sampling	samping	camping
sandwich	sandwitch	sandwitch
sanitises	sanetises	safeties
sanitizer	sanizer	panzer
subpoena	sapeena	sheena
subpoenaed	sapeenad	(none)
subpoenaing	sapeenaing	(none)
subpoenas	sapeenas	sapiens
sergeant	sargant	sargent
ceremonial	sarimonial	matrimonial
ceremonies	sarimonies	harmonies
ceremony	sarimony	harmony
ceremonies	sarimonys	(none)
ceremonial	sarinomial	trinomial
ceremonies	sarinomies	(none)
ceremony	sarinomy	(none)
ceremonies	sarinomys	(none)
start	sart	part
starter	sarter	carter
starts	sarts	arts
says	sasy	say
satellites	satelites	satelites
satellites	satelittes	satelites
satellite	sattelit	(none)
satellites	sattelites	satelites
satellites	sattelits	satelites
sought	saught	taught
sauté	sautay	satay
sautéd	sautayed	stayed
sautés	sautayes	sausages
sautéing	sautaying	staying
sautés	sautays	stays
save	sav	san
svelte	savelt	save
savegroup	savgroup	subgroup
savvy	savy	navy
sauté	sawtay	satay
sautéd	sawtayed	stayed
sautés	sawtayes	(none)
sautéing	sawtaying	staying
sautés	sawtays	stays
sauté	sawte	sate
sautéd	sawteed	sauteed
sautés	sawtees	santee
sautéing	sawteing	sauteing
sautés	sawtes	sates
schar	scahr	scar
scaling	scalin	stalin
scaled	scalled	called
scanned	scaned	scaled
caught	scatched	scratched
catches	scatchs	catch
scavenger	scavanger	stavanger
scene	sceen	sceen
scheme	sceme	scene
schemes	scemes	scenes
scene	scence	science
scenes	scences	sciences
scenegraphs	scenegraaphs	scenegraph
schedules	scheduals	schedule
schedules	scheduls	schedule
schematron	schematrio	schematic
schemed	schemd	scheme
schemes	schems	scheme
shouldn't	scholdn't	(none)
schools	schoole	school
scientifically	scientficly	(none)
scientifically	scientifcly	(none)
scientists	scientiss	scientist
scientists	scientisst	scientist
science	scince	since
scintillaqt	scintillatqt	scintillator
scalar	sclar	solar
scroll	scoll	coll
scrolled	scolled	scolded
scratches	scrachs	scratch
scream	screem	screen
scripttype	scriopttype	(none)
scripts	scripst	script
scripttype	scriptype	scripture
scripttype	scroipttype	(none)
scrolls	scrols	scroll
scroll	scrool	school
scrolled	scrooled	schooled
scrolling	scrooling	schooling
scrolls	scrools	schools
script	scrtip	scrip
scripted	scrtiped	scrapped
scripting	scrtiping	scrapping
scripts	scrtips	scrips
sections	sctions	actions
search	seach	each
searched	seached	reached
searcher	seacher	teacher
searchers	seachers	teachers
searches	seaches	reaches
searching	seaching	teaching
seamlessly	seamlessy	seamless
searched	searchd	search
searches	searchs	search
succeed	seceed	seceded
succeeded	seceeded	seceded
secondly	secondy	second
seconds	secords	records
sectioned	sectiont	section
section	sectopm	sector
sectioned	sectopmed	sectored
sectioning	sectopming	(none)
sections	sectopms	sectors
sending	seding	seeing
seen	seeen	seven
sieged	seeged	seemed
sieges	seeges	seeger
sieging	seeging	seeking
seeing	seein	seen
seemed	seemd	seems
seems	seens	seen
seating	seeting	meeting
settings	seetings	meetings
seize	seez	see
seized	seezed	seemed
seizing	seezing	seeking
segfault	sefault	default
segfaults	sefaults	defaults
segfaults	segaults	seagulls
segfaults	segfualts	segfault
segments	segmens	segment
segments	segmenst	segment
segue	segway	seaway
segued	segwayed	swayed
segueing	segwaying	swaying
sienna	seina	siena
seeing	seing	being
sieve	seive	serve
sieved	seived	served
sieves	seives	serves
sieving	seiving	serving
selection	selction	section
selections	selctions	sections
selector	selctor	sector
selectors	selctors	sectors
selects	selecs	select
selector	selecter	selected
selects	selectes	selected
self	selv	sell
semaphores	semaphors	semaphore
cement	sement	segment
cements	sements	segments
semicolons	semicoli	seminole
seems	sems	sets
scenario	senaireo	(none)
scenarios	senaireos	(none)
scenario	senarreo	(none)
scenarios	senarreos	(none)
sense	sence	since
sending	sendinging	(none)
scenegraphs	senegraphs	telegraphs
sendfile	senfile	senile
sensitivities	sensitivies	sensitive
sensitivity	sensitivy	sensitive
censure	sensure	ensure
sentinel	sentenal	sentence
sentinels	sentenals	sentences
sensitive	sentive	entire
sensitively	sentively	entirely
sensitive	sentivite	(none)
separator	separater	separate
separators	separaters	separates
separating	separatin	separation
separator	separato	separate
separators	separatos	separates
separate	separe	spare
separated	separed	spared
separately	separely	severely
separates	separes	spares
separator	separeter	separate
separators	separeters	separates
separating	separing	sparing
separator	separor	senator
separators	separors	senators
separating	separting	departing
separate	sepatae	senate
separate	sepearet	speared
separately	sepearetly	(none)
separating	sepearting	departing
separation	sepeartion	seperation
separate	sepeate	septate
separated	sepeated	repeated
separates	sepeates	repeated
separator	sepeator	senator
separators	sepeators	senators
depend	sepend	spend
separate	seperad	several
separately	seperadly	severally
separately	seperaly	several
separator	seperaor	superior
separators	seperaors	superiors
separate	seperat	several
separable	seperatable	repeatable
separately	seperatally	(none)
separated	seperatated	(none)
separated	seperatd	separate
separately	seperatedly	repeatedly
separator	seperater	separate
separators	seperaters	separates
separation	seperation	seperation
separator	seperato	separate
separators	seperatos	separates
separate	sepererate	(none)
separated	sepererated	(none)
separates	sepererates	(none)
separation	seperetion	seperation
separations	seperetions	secretions
separately	seperratly	(none)
separator	sepertator	spectator
separators	sepertators	spectators
separator	sepertor	superior
separators	sepertors	repertory
separator	sepetaror	(none)
separators	sepetarors	(none)
separate	sepetate	septate
subpoena	sepina	sepia
sepulchral	seplicural	(none)
sepulchrally	seplicurally	(none)
sepulchrally	seplicuraly	(none)
sepulchrally	seplicurlly	(none)
sepulchrally	sepulchraly	sepulchral
sepulchrally	sepulchrlly	sepulchral
sepulchrally	sepulchrly	sepulchre
sequence	seqense	defense
sequences	sequencs	sequence
sequentially	sequentialy	sequential
squeeze	sequeze	sequence
set	ser	ser
searches	serachs	search
serialise	serailse	serials
serialised	serailsed	derailed
serialize	serailze	servile
ceremonies	seramonys	sermons
ceremonial	seranomial	(none)
ceremonies	seranomies	(none)
ceremony	seranomy	(none)
ceremonies	seranomys	(none)
serviced	sercived	served
services	sercives	series
servicing	serciving	serving
seriously	sereousally	(none)
surgeon	sergun	begun
surgeons	serguns	sermons
serialisation	serialialisation	(none)
serialise	serialialise	(none)
serialised	serialialised	(none)
serialises	serialialises	(none)
serialising	serialialising	(none)
serialization	serialialization	(none)
serialize	serialialize	(none)
serialized	serialialized	(none)
serializes	serialializes	(none)
serializing	serialializing	(none)
services	serices	series
serial	seriel	series
ceremonies	serimonys	sermons
ceremonial	serinomial	trinomial
ceremonies	serinomies	(none)
ceremony	serinomy	(none)
ceremonies	serinomys	(none)
serious	serios	series
surround	seround	second
surrounds	serounds	seconds
serviced	servced	served
servicing	servcing	serving
severity	serveritie	severities
services	servies	series
serviced	servived	survived
servicing	serviving	surviving
secede	seseed	reseed
seceded	seseeded	reseeded
seceder	seseeder	reseeded
secedes	seseedes	reseeded
seceding	seseeding	reseeding
secedes	seseeds	seeds
session	sesson	season
sessions	sessons	seasons
setstatusbar	sestatusbar	(none)
setstatusmsg	sestatusmsg	(none)
set	setis	sets
set	setted	settled
setting	settin	settin
settings	settinga	setting
settings	settins	setting
setter	settter	settler
setters	settters	settlers
save	seve	see
severity	severirirty	(none)
severity	severitie	severities
pseudonym	sewdonim	(none)
pseudonyms	sewdonims	(none)
sha1sum	sh1sum	(none)
shaman	shamen	shame
shaming	shamin	shaman
chenille	shaneal	scandal
changer	shanger	sanger
shaped	shapt	shape
charlatan	sharloton	charlton
charade	sharraid	(none)
charades	sharraids	(none)
slashes	shashes	smashes
shebang	shbang	shang
shadow	shdow	show
shadowed	shdowed	showed
shadowing	shdowing	showing
shadows	shdows	shows
sheath	sheat	seat
check	sheck	shock
checked	shecked	shocked
sheep	sheeps	sheeps
shelves	shelfs	shells
schema	shema	shea
schematic	shematic	thematic
scheme	sheme	theme
schemed	shemed	seemed
schemes	shemes	themes
scheming	sheming	seeming
shepherd	shepard	shepard
shepherded	sheparded	shepard
shepherding	sheparding	shearing
shepherds	shepards	shepard
shepherd	shepered	sheered
shepherdly	sheperedly	(none)
sphere	shepre	there
spheres	shepres	shares
sheriff	sherif	sherif
sheriffs	sherifs	sheriff
shift	shft	shot
shifts	shfts	shots
shift	shif	ship
shifts	shifs	ships
shipped	shiped	shaped
shift	shoft	short
shouldn't	sholdn't	shouldnt
shouldn't	sholuldn't	shouldnt
shorten	shortern	shorter
short	shortwhile	(none)
shouldn't	shoudln't	shouldnt
should	shoudln	shouldn
shouldn't	shoudlnt	shouldnt
shouldn't	shoudn't	shouldnt
should	shoudt	shout
shouldn't	should'nt	shouldnt
shouldn't	should't	shouldst
shouldn't	shoulden't	shouldnt
shouldn't	shouldnt'	shouldnt
shouldn't	shouldnt	shouldnt
shouldn't	shouln't	shouldst
shouldn't	shouuldn't	shouldnt
chauffeur	showfer	shower
showing	showin	shown
chauvinism	showvinism	(none)
shipped	shpped	shaped
shriek	shreak	streak
shrinks	shriks	shrike
shrunk	shrinked	shrieked
ssh	shs	she
stopped	shtoped	showed
stops	shtopes	stores
stopping	shtoping	shooting
stops	shtoppes	shoppes
stopping	shtopping	shopping
stops	shtops	shops
https	shttp	http
shut	shuit	suit
shuts	shuits	suits
shouldn't	shuoldnt	shouldnt
sure	shure	share
shutting	shuting	shouting
systemerror	shystemerror	(none)
systemmemory	shystemmemory	(none)
systemwindow	shystemwindow	(none)
size	sie	she
science	sience	since
size	sies	lies
seize	sieze	size
seizes	siezes	sizes
syringe	sighrynge	(none)
syringes	sighrynges	(none)
scythe	sighth	eighth
scythes	sighths	sights
digit	sigit	sight
signable	signabl	signal
signatures	signaturs	signature
signs	signes	signed
significant	signifanct	(none)
sign	signto	into
syringe	sigrynge	(none)
syringes	sigrynges	(none)
cigarette	siguret	figure
cigarette	sigurete	(none)
cigarettes	siguretes	(none)
cigarettes	sigurets	figures
syllabus	silabus	silas
silently	silenty	silent
silhouette	silhouwet	silhouet
syllabus	silibus	sirius
syllabuses	silibuses	minibuses
silhouette	silouet	silhouet
silhouette	silouwet	silhouet
silhouetted	silouweted	(none)
silhouettes	silouwetes	(none)
silhouetting	silouweting	(none)
silhouettist	silouwetist	(none)
silhouette	silowet	slower
silhouetted	siloweted	(none)
silhouettes	silowetes	(none)
silhouetting	siloweting	(none)
silhouettist	silowetist	(none)
syllabus	silybus	silenus
syllabuses	silybuses	(none)
symmetric	simetric	metric
symmetrically	simetricaly	(none)
symmetrically	simetriclly	(none)
symmetrically	simetricly	(none)
symmetry	simetrie	(none)
similarly	similary	similar
similar	similia	sicilia
similar	similiar	similiar
similarity	similiarty	similarly
similarity	similiary	similiar
simile	simily	simply
symmetrically	simmetricaly	symmetrical
symmetrically	simmetricly	(none)
simplifiers	simpifiers	simplifies
simply	simplei	simple
simplifiers	simplfiers	simplifies
simplify	simplfy	simply
simplified	simplied	implied
simplifiers	simplifers	simplifies
simplifies	simplifys	simplify
simplifying	simplying	implying
symptomatically	simptomaticly	(none)
symptomatically	simptumaticaly	(none)
symptomatically	simptumaticlly	(none)
symptomatically	simptumaticly	(none)
simulated	simuated	situated
simulation	simuation	situation
simulations	simuations	situations
simulators	simulater	simulated
simulating	simulatin	simulation
synagogue	sinagog	sinaloa
synagogues	sinagogs	(none)
signal	sinal	final
signaled	singaled	singled
singly	singlely	single
singles	singls	single
signal	singol	single
signaled	singoled	singled
signals	singols	single
single	singool	(none)
singles	singools	(none)
cynic	sinic	sonic
cynical	sinical	clinical
cynically	sinically	sonically
cynically	sinicaly	sonically
cynics	sinics	sonics
synagogue	sinnagog	(none)
synagogues	sinnagogs	(none)
cynic	sinnic	finnic
cynical	sinnical	(none)
cynically	sinnically	sonically
cynically	sinnicaly	(none)
cynics	sinnics	sinners
sinusoid	sinoid	synod
sinusoids	sinoids	synods
sines	sinse	since
syntax	sintac	santa
syntax	sintacks	stacks
syntax	sintacs	intact
syntax	sintact	intact
syntax	sintacts	intact
syntax	sintak	santa
syntax	sintaks	intake
syntax	sintakt	intact
syntax	sintakts	intakes
simplifiers	siplifiers	amplifiers
surveil	sirvayl	serval
surveiled	sirvayled	(none)
surveillance	sirvaylence	(none)
surveils	sirvayles	(none)
surveiling	sirvayling	(none)
surveils	sirvayls	(none)
syringe	sirynge	strange
size	sise	side
scissor	sisser	sister
scissored	sissered	simmered
scissoring	sissering	simmering
scissors	sissers	sisters
cyst	sist	list
systematies	sistematies	systematics
systematy	sistematy	(none)
systemed	sistemed	listened
systemic	sisteming	listening
systemist	sistemist	(none)
systemists	sistemists	(none)
systemizes	sistemizes	systemized
cysts	sists	lists
situation	sitation	station
situations	sitations	stations
stick	sitck	sick
still	sitl	site
sitting	sittin	sittin
situating	situatin	situation
situationally	situationly	situation
suite	siute	site
sieve	sive	five
sieved	sived	lived
silver	siver	river
sieves	sives	lives
sieving	siving	living
sistine	sixtin	sittin
size	siz	six
sizeable	sizeble	sizable
seismologist	sizemologist	(none)
seismologists	sizemologists	(none)
seismological	sizemologogical	(none)
seismologically	sizemologogically	(none)
seismology	sizemology	(none)
skagerrak	skagerak	skagerak
skip	skeep	keep
skeleton	skelton	skelton
skipped	skept	kept
sketches	sketchs	sketch
skippable	skipable	skiable
skipped	skipd	skip
skipping	skiping	skiing
skips	skippps	skipper
schizophrenic	skitsofrinic	(none)
schizophrenics	skitsofrinics	(none)
school	skool	stool
schooled	skooled	spooled
schooling	skooling	spooling
schools	skools	stools
skipped	skopped	stopped
scourge	skurge	surge
scourged	skurged	surged
scourges	skurges	surges
scourging	skurging	surging
squawk	skwalk	skywalk
squawked	skwalked	walked
squawking	skwalking	walking
squawks	skwalks	walks
skip	skyp	sky
slack	slac	slam
slash	slase	slave
slashes	slases	slaves
slashes	slashs	slash
selected	slected	elected
selection	slection	election
selections	slections	elections
selector	slector	sector
selectors	slectors	sectors
selects	slects	elects
slept	sleeped	sleeper
sleuthed	slewthed	sheathed
silence	slience	science
silences	sliences	sciences
sling	slin	skin
sleight	slite	site
sleuth	slooth	smooth
sleuthed	sloothed	smoothed
sleuthing	sloothing	smoothing
sleuths	slooths	sloths
slowly	slowy	slow
sql	slq	sq
slugify	sluggify	slugging
smallest	smalles	smaller
same	sme	sme
smoother	smooter	shooter
smoothing	smooting	shooting
smooth	smouth	south
smtp	smpt	sept
snapped	snaped	shaped
snapping	snaping	shaping
sneaks	sneeks	seeks
sneeze	snese	sense
snippet	snipet	sniper
snippets	snipets	snipers
social	socal	local
solder	sodder	fodder
sudo	sodo	solo
sudo	sodu	soda
specialized	soecialize	specialize
sophomore	sofmore	sombre
sophomores	sofmores	(none)
soldiers	soilders	solders
solarmutex	solarmutx	(none)
solitaire	solatare	solitary
isolate	solate	slate
soldiered	soldgered	soldered
soldiering	soldgering	soldering
solver	soler	solar
solely	soley	sole
solve	solf	sold
solver	solfer	golfer
solves	solfs	solos
soldier	solger	solder
soldiered	solgered	soldered
soldiering	solgering	soldering
soldiers	solgers	solvers
solidification	solification	modification
solitaire	solitare	solitary
solemn	solum	slum
some	som	som
some	somemore	someone
semes	somes	some
something	somethin	somethin
some	sometile	sometime
some	sometiles	sometimes
somehow	somewho	somewhat
some	somme	somme
someone	somone	somone
somethingelse	somthingelse	(none)
singular	songlar	solar
suicide	sooaside	seaside
pseudonym	soodonim	(none)
suet	sooit	soot
soup	soop	soon
souvenir	soovinear	(none)
souvenirs	soovinears	(none)
souvenir	soovineer	(none)
souvenirs	soovineers	(none)
souvenir	soovinneer	(none)
souvenirs	soovinneers	(none)
sophisticated	sophicated	(none)
source	sorce	force
sourced	sorced	forced
sources	sorces	forces
sourcing	sorcing	forcing
sword	sord	sold
sortlist	sortlst	shortest
storage	sortrage	shortage
sorry	sory	story
stored	soterd	noted
sorted	sotred	stored
storing	sotring	string
such	souch	south
shouldn't	sould'nt	couldnt
could	sould	would
shouldn't	souldn't	couldnt
sourced	sourcd	source
sourced	sourcde	source
sourcedirectory	sourcedrectory	(none)
sources	sourcs	source
sources	sourcse	source
sort	sourt	court
souvenir	souvinear	(none)
souvenirs	souvinears	(none)
souvenir	souvineer	(none)
souvenirs	souvineers	(none)
souvenir	souvinneer	(none)
souvenirs	souvinneers	(none)
solver	sover	over
solve	sovle	sole
sovereign	sovren	sovran
sow	sowe	some
specific	spacific	pacific
spacing	spacin	spain
sparse	sparce	sparce
splash	spash	smash
splashed	spashed	smashed
splashes	spashes	smashes
spawn	spaw	saw
spawns	spaws	spans
special	spcial	social
spacing	speacing	speaking
spread	spead	speed
spreading	speading	speaking
spreads	speads	speaks
specifically	speceficly	(none)
specify	specficy	specific
specified	specfield	sheffield
specifies	specfies	species
specialised	specialiced	specialized
specialised	specialitzed	specialized
specialised	speciallized	specialized
specially	specialy	special
specific	specic	specie
specifically	specically	specially
specification	specication	speciation
specified	specied	species
specifies	specifes	species
specified	specificated	(none)
specify	specifich	specific
specifier	specificier	specificity
specifics	specificies	specifies
specifically	specificly	specific
specify	specificy	specific
specified	specifid	specific
specify	specifify	specific
specifics	specifities	specifies
specificity	specifity	specific
specifics	specifix	specific
specify	specifiy	specific
specter	specktor	sector
expected	spected	specter
spectacular	spectular	specular
sleep	speep	speed
sped	speeped	steeped
separation	spefation	operation
separations	spefations	operations
specify	spefcifiy	specific
specified	spefeid	speed
specifier	spefeir	speer
specifiers	spefeirs	(none)
specifies	spefeis	species
specifiable	speficable	(none)
specified	speficed	spliced
specified	speficeid	(none)
specifier	speficeir	(none)
specifiers	speficeirs	(none)
specifies	speficeis	(none)
specifier	speficer	spencer
specifiers	speficers	splicers
specifies	spefices	species
specifically	speficiallally	(none)
specification	speficiallation	(none)
specifications	speficiallations	(none)
specified	speficialleid	(none)
specifier	speficialleir	(none)
specifiers	speficialleirs	(none)
specifies	speficialleis	(none)
specifiable	speficialliable	(none)
specific	speficiallic	(none)
specifically	speficiallically	(none)
specification	speficiallication	(none)
specifications	speficiallications	(none)
specifics	speficiallics	(none)
specified	speficiallied	(none)
specifier	speficiallier	(none)
specifiers	speficialliers	(none)
specifies	speficiallies	(none)
specified	speficiallifed	(none)
specifier	speficiallifer	(none)
specifiers	speficiallifers	(none)
specifies	speficiallifes	(none)
specifically	speficially	specially
specification	speficiation	speciation
specifications	speficiations	(none)
specified	speficieid	(none)
specifier	speficieir	(none)
specifiers	speficieirs	(none)
specifies	speficieis	(none)
specifies	speficies	species
specifically	speficifally	(none)
specification	speficifation	(none)
specifications	speficifations	(none)
specific	speficifc	(none)
specifically	speficifcally	(none)
specification	speficifcation	(none)
specifications	speficifcations	(none)
specifics	speficifcs	(none)
specified	speficifed	(none)
specified	speficifeid	(none)
specifier	speficifeir	(none)
specifiers	speficifeirs	(none)
specifies	speficifeis	(none)
specifier	speficifer	(none)
specifiers	speficifers	(none)
specifies	speficifes	(none)
specified	speficififed	(none)
specifier	speficififer	(none)
specifiers	speficififers	(none)
specifies	speficififes	(none)
specifiable	speficiiable	(none)
specific	speficiic	(none)
specifically	speficiically	(none)
specification	speficiication	(none)
specifications	speficiications	(none)
specifics	speficiics	(none)
specified	speficiied	(none)
specifier	speficiier	(none)
specifiers	speficiiers	(none)
specifies	speficiies	(none)
specified	speficiifed	(none)
specifier	speficiifer	(none)
specifiers	speficiifers	(none)
specifies	speficiifes	(none)
specifically	speficillally	(none)
specification	speficillation	(none)
specifications	speficillations	(none)
specified	speficilleid	(none)
specifier	speficilleir	(none)
specifiers	speficilleirs	(none)
specifies	speficilleis	(none)
specifiable	speficilliable	(none)
specific	speficillic	(none)
specifically	speficillically	(none)
specification	speficillication	(none)
specifications	speficillications	(none)
specifics	speficillics	(none)
specified	speficillied	(none)
specifier	speficillier	(none)
specifiers	speficilliers	(none)
specifies	speficillies	(none)
specified	speficillifed	(none)
specifier	speficillifer	(none)
specifiers	speficillifers	(none)
specifies	speficillifes	(none)
specifically	speficilly	(none)
specifically	speficitally	(none)
specification	speficitation	(none)
specifications	speficitations	(none)
specified	speficiteid	(none)
specifier	speficiteir	(none)
specifiers	speficiteirs	(none)
specifies	speficiteis	(none)
specifiable	speficitiable	(none)
specific	speficitic	(none)
specifically	speficitically	(none)
specification	speficitication	(none)
specifications	speficitications	(none)
specifics	speficitics	(none)
specified	speficitied	(none)
specifier	speficitier	(none)
specifiers	speficitiers	(none)
specified	speficitifed	(none)
specifier	speficitifer	(none)
specifiers	speficitifers	(none)
specifies	speficitifes	(none)
specify	speficiy	(none)
specifying	speficiying	(none)
specifics	spefics	species
specified	spefied	species
specifier	spefier	species
specifiers	spefiers	species
specifies	spefies	species
specifically	spefifally	specially
specification	spefifation	speciation
specifications	spefifations	(none)
specifies	spefifes	species
specifies	spefiies	species
specifically	spefiifally	(none)
specification	spefiifation	(none)
specifications	spefiifations	(none)
specified	spefiifeid	(none)
specifier	spefiifeir	(none)
specifiers	spefiifeirs	(none)
specifies	spefiifeis	(none)
specified	spefiififed	(none)
specifier	spefiififer	(none)
specifiers	spefiififers	(none)
specifies	spefiififes	(none)
specifically	spefixally	specially
specification	spefixation	speciation
specifications	spefixations	(none)
specified	spefixeid	(none)
specifier	spefixeir	(none)
specifiers	spefixeirs	(none)
specifies	spefixeis	(none)
specified	spefixifed	(none)
specifier	spefixifer	(none)
specifiers	spefixifers	(none)
specifies	spefixifes	(none)
specify	spefy	spent
specifying	spefying	speaking
separated	speperatd	(none)
separating	speperateing	(none)
separator	speperater	(none)
separates	speperats	(none)
separate	sperate	operate
separated	sperated	operated
separates	sperates	operates
separating	sperating	operating
separation	speration	operation
separations	sperations	operations
separator	sperator	operator
separators	sperators	operators
spheres	speres	spores
spermatozoon	spermatozoan	spermatozoa
special	speshel	(none)
specially	speshelly	(none)
specialization	spesialisation	specialisation
specific	spesifical	(none)
specifics	spesifities	(none)
specialization	spezialisation	specialisation
spieling	spielin	spilling
spelt	splet	split
splitter	spliiter	splinter
split	splited	spliced
split	splitted	splitter
supports	spports	sports
spread	spreaded	spreader
spread	spred	speed
spring	sprin	spain
sprintf	sprinf	spring
spawn	spwan	span
spawns	spwans	spans
squared	sqared	shared
squares	sqares	shares
squashed	sqashed	smashed
squashing	sqashing	smashing
squirrel	squirl	squire
streampropinfo	sreampropinfo	(none)
screen	sreen	green
screw	srew	crew
string	sring	spring
strings	srings	springs
shrink	srink	drink
shrunk	srinkd	drink
shrunk	srinked	ranked
shrinking	srinking	drinking
scroll	sroll	roll
scrolled	srolled	rolled
scrolling	srolling	rolling
scrolls	srolls	rolls
source	srouce	route
shrunk	srunk	trunk
shrunken	srunken	drunken
shrunken	srunkn	trunk
establish	stabilish	stabilise
established	stabilished	stabilised
establishes	stabilishes	stabilises
establishing	stabilishing	stabilising
stabilize	stabilite	stability
statement's	stamement's	statements
standardiser	standartisator	(none)
standardizer	standartizator	(none)
standby	standy	stand
strange	stange	stage
stamp	stanp	stand
step	stap	star
steps	staps	stars
starts	stards	stars
startlistening	startlisteneing	(none)
startparentheses	startparanthesis	(none)
statements	statemens	statement
statuses	stati	state
statically	staticly	static
status	statu	state
statusbar	statubar	statuary
statusline	statuline	(none)
statuslines	statulines	stateliness
startup	statup	status
statuses	statutses	statutes
status	staus	stars
stalk	stawk	stark
stockbrush	stcokbrush	(none)
stdout	stdoud	stroud
steganographic	stegnographic	stenographic
steganography	stegnography	stenography
stream	steram	steam
streamer	steramer	steamer
stress	stess	steps
stretches	stetches	sketches
stickiness	stickness	sickness
stylus	stilus	stills
strip	stip	ship
stipple	stiple	staple
stippled	stipled	stifled
stippler	stipler	stiller
stipplers	stiplers	staplers
stipples	stiples	staples
stippling	stipling	stirling
stripped	stipped	stopped
stirring	stiring	string
stir	stirr	starr
styled	stlyed	stayed
styling	stlying	staying
storage	stoage	stage
storages	stoages	stages
strong	stong	song
stupid	stoopid	stooped
storage	storge	store
stories	storys	storys
stack	strack	track
strange	strage	stage
strategy	stragedy	tragedy
straightwards	straightowards	(none)
straightwards	straightward	straightway
steams	strams	streams
strand	stran	stan
strangely	strangly	strongly
stretch	strech	strech
stream	streem	street
straight	streigt	street
straightly	streigtly	strictly
straightness	streigtness	strictness
straights	streigts	streets
stream	strem	strem
streams	strems	stress
strengths	strengts	strength
stringifies	strigifies	stringified
stringifying	strigifying	stratifying
strikingly	strikely	strike
strings	strinsg	string
stripped	stript	script
scripted	stripted	stripped
scripting	stripting	stripping
string	strng	strong
storing	stroing	strong
story	stroy	stroy
string	strring	starring
struct	struc	struck
structured	structed	strutted
structure	structer	stricter
structures	structers	structure
structure	structetr	stricter
structured	structurd	structure
structures	structurs	structure
structures	strucurs	structure
setting	stteting	starting
string	stting	setting
situation	stuation	station
situations	stuations	stations
stuck	stucked	stacked
struct	stuct	stuck
structs	stucts	stunts
stomach	stummac	summa
structuring	sturturing	nurturing
staying	stying	saying
styling	stylin	stalin
subconscious	subconchus	(none)
subdirectories	subdirectorys	subdirectory
subdivisioned	subdivisiond	subdivision
subelement	subelemet	subelements
subdolder	subfoilder	subfolder
subdolders	subfoilders	subfolders
subformats	subfromats	subformat
subtitle	subitle	subtle
subclasse	sublasse	subclass
subclause	sublcuase	sublease
subnegotiation	subnegatiotiation	(none)
subnegotiations	subnegatiotiations	(none)
subnegotiation	subnegoatiation	(none)
subnegotiations	subnegoatiations	(none)
subnegotiation	subnegoation	(none)
subnegotiations	subnegoations	(none)
subnegotiation	subnegociation	(none)
subnegotiations	subnegociations	(none)
subnegotiation	subnegogtiation	(none)
subnegotiations	subnegogtiations	(none)
subnegotiation	subnegoitation	(none)
subnegotiations	subnegoitations	(none)
subnegotiation	subnegoptionsotiation	(none)
subnegotiations	subnegoptionsotiations	(none)
subnegotiation	subnegosiation	(none)
subnegotiations	subnegosiations	(none)
subnegotiation	subnegotaiation	(none)
subnegotiations	subnegotaiations	(none)
subnegotiation	subnegotaition	(none)
subnegotiations	subnegotaitions	(none)
subnegotiation	subnegotatiation	(none)
subnegotiations	subnegotatiations	(none)
subnegotiation	subnegotation	(none)
subnegotiations	subnegotations	(none)
subnegotiation	subnegothiation	(none)
subnegotiations	subnegothiations	(none)
subnegotiation	subnegotication	(none)
subnegotiations	subnegotications	(none)
subnegotiation	subnegotioation	(none)
subnegotiations	subnegotioations	(none)
subnegotiation	subnegotion	(none)
subnegotiation	subnegotionation	(none)
subnegotiations	subnegotionations	(none)
subnegotiations	subnegotions	(none)
subnegotiation	subnegotiotation	(none)
subnegotiations	subnegotiotations	(none)
subnegotiation	subnegotiotion	(none)
subnegotiations	subnegotiotions	(none)
subnegotiation	subnegotitaion	(none)
subnegotiations	subnegotitaions	(none)
subnegotiation	subnegotitation	(none)
subnegotiations	subnegotitations	(none)
subnegotiation	subnegotition	(none)
subnegotiations	subnegotitions	(none)
subnegotiation	subnegoziation	(none)
subnegotiations	subnegoziations	(none)
subqueue	subquue	subdue
subresources	subresoures	subresource
subtract	substact	substance
substantially	substantialy	substantial
substitution	substition	substation
substitutions	substitions	substations
substitutions	substitutins	substituting
subtask	subtaks	subtasks
subtle	subtile	subtile
subtly	subtlely	subtlety
subtracting	subtractin	subtraction
suburban	suburburban	(none)
succeeds	succeds	success
succeeds	succeedes	succeeded
succeed	succeeed	succeeded
successful	succefull	(none)
successfully	succefuly	(none)
successfully	succesfuly	successful
succeeded	successed	successes
successfully	successfullies	(none)
successful	successfulln	successfully
successfully	successfuly	successful
successive	successing	succession
successful	succesul	success
sufficiently	succicently	(none)
success	suces	sauces
successes	suceses	success
successful	sucesfull	(none)
successfully	sucesfuly	(none)
sufficient	sucesscient	(none)
succeeded	sucessed	accessed
succeeding	sucesseding	superseding
success	sucessess	successes
successful	sucessfukk	(none)
successfully	sucessfuly	successful
successive	sucessing	accessing
successful	sucesssfull	(none)
successfully	sucesssfuly	(none)
successful	sucessufll	(none)
succumb	sucome	some
sudo	sude	side
sudo	sudu	sud
sophisticated	suffisticated	(none)
suffocating	suffocatin	suffocation
suffocate	suficate	silicate
suffocates	suficates	silicates
suggest	suggesst	suggests
suggests	suggestes	suggested
suggestion	suggestin	suggesting
suggestions	suggestins	suggesting
suggest	suggets	suggests
submit	sumbit	summit
submits	sumbits	summits
summary	summar	summer
summarize	summarizen	summarized
somersault	summersalt	(none)
soup	suop	stop
subpoena	supeena	sheena
supersede	superceed	superseded
superseded	supersed	supersede
supersede	superseed	superseded
supports	suports	sports
suppose	suposse	spouse
supposes	suposses	spouses
supposing	supossing	surpassing
supports	suppors	support
supported	supportd	support
supported	supporte	support
supports	supportes	supported
supporter	supportet	supported
supposedly	supposedy	supposed
supposedly	supposingly	supposing
supposed	supposted	supported
suppresses	suppreses	suppress
suppressing	suppressin	suppression
suppress	supres	supers
suppressed	supresed	suprised
suppresses	supreses	supreme
suppressing	supresing	uprising
surprised	suprised	suprised
surprising	suprising	uprising
surprise	suprize	prize
surprised	suprized	suprised
surprising	suprizing	uprising
sherbet	surbert	surgery
surly	surley	survey
surrogate	surregat	surreal
surrounded	surrended	surrender
surveyor	surveyer	surveyed
serviced	surviced	survived
survivor	surviver	survived
secede	suscede	suicide
seceded	susceded	succeeded
seceder	susceder	suspender
seceders	susceders	suspenders
secedes	suscedes	succeeds
seceding	susceding	succeeding
secede	suseed	sussed
seceded	suseeded	succeeded
seceder	suseeder	suspender
secedes	suseedes	(none)
seceding	suseeding	succeeding
secedes	suseeds	seeds
succinct	susinct	suspect
succinct	susinkt	(none)
suspicious	suspicios	suspicion
secede	susseed	sussed
seceded	susseeded	succeeded
seceder	susseeder	suspender
secedes	susseedes	(none)
seceding	susseeding	succeeding
secedes	susseeds	succeeds
suitable	sutable	stable
site	sute	sute
subtle	suttle	settle
shuttled	suttled	settled
shuttles	suttles	settles
shuttling	suttling	settling
souvenir	suvenear	(none)
svelte	svelt	spelt
swapped	swaped	shaped
swappiness	swapiness	wariness
swapping	swaping	shaping
swcolumns	swcloumns	(none)
switches	switchs	switch
switched	switcht	switch
switch	swith	with
switcher	swither	switzer
switches	swtichs	switch
xsl	sxl	sol
synchronously	sychronisly	(none)
synchronmode	sychronmode	(none)
sync	sycn	syn
psychology	sycology	mycology
synchronous	sycronus	cronus
styles	syles	sales
syllable	sylibol	symbol
syllabus	syllabills	syllables
syslog	sylog	slog
symbol	symble	simple
symbols	symbles	samples
symbolic	symbolc	symbol
symbolname	symbonname	(none)
symbols	symbos	symbol
symmetric	symmetral	symmetry
symmetrically	symmetricaly	symmetrical
symptomatically	symptumaticly	(none)
syncing	synching	synching
syndromes	syndroms	syndrome
syntax	syntaces	(none)
syntax	syntacks	stacks
syntax	syntact	contact
syntax	syntacts	contacts
syntax	syntakts	(none)
synthesized	synthesed	syntheses
synthesizing	synthesing	synthesis
syphilis	syphyllis	phyllis
syrup	syrap	scrap
systems	sysmtes	system
systemwindow	systemwindiow	(none)
systems	systesm	system
systemerror	systhemerror	(none)
systemmemory	systhemmemory	(none)
systemwindow	systhemwindow	(none)
systemerror	sytemerror	(none)
systemmemory	sytemmemory	(none)
systemwindow	sytemwindow	(none)
sizes	szes	sees
taboret	tabbaray	(none)
tableau	tabblow	tallow
table	tabe	tabe
table	tabel	label
tables	tabes	takes
tabview	tabeview	(none)
table	tabke	take
tables	tabkes	takes
tables	tabls	table
tabulator	tabulater	tabulated
tabulating	tabulatin	tabulation
stage	tage	age
tagged	taged	aged
tags	tages	takes
taggen	tagggen	tagged
tangent	tagnet	magnet
tangents	tagnets	magnets
thank	tahnk	tank
tainted	tained	gained
took	taked	taked
taking	takin	takin
task	taks	take
tasklet	takslet	tablet
tables	talbes	tales
tangent	tanget	target
tangents	tangets	targets
tarball	tarbal	tarsal
tarballs	tarbals	tarball
tracebacks	tarcebacks	traceback
target	targer	larger
targets	targest	largest
tarpaulin	tarpolin	tarpon
travisci	tarvisci	(none)
tasklet	taskelt	tasked
taste	tast	east
that	tath	math
talk	tawk	task
cache	tcahce	trace
caches	tcahces	traces
the	te	te
taught	teached	reached
tether	teather	teacher
tethered	teathered	weathered
tether	teathering	weathering
tethers	teathers	teachers
taught	teched	etched
technique	techneek	(none)
techniques	techneeks	(none)
technique	technic	technic
technically	technicall	technical
technically	technicaly	technical
technically	technicly	technical
techniques	technics	technics
technique	technik	technic
techniques	techniks	technics
technique	techniquet	techniques
technique	tecnic	technic
techniques	tecnics	technics
taken	tekn	ten
text	tekst	test
texts	teksts	tests
temporarily	temparally	temporally
templated	tempated	tempted
templatized	tempatied	emptied
templating	tempating	tempting
templatised	tempatised	empathised
templatized	tempatized	empathized
temperatures	temperaturs	temperature
temporary	temporarilu	temporarily
temporarily	temporarly	temporary
temporaries	tempories	temporise
temporarily	temporily	temporary
temporary	tempory	memory
temporarily	tempraarly	(none)
temporarily	temprararly	(none)
temporarily	temproarly	temporary
temporarily	temproily	(none)
temporal	temprol	tempo
temporarily	temproraly	temporary
temporarily	temprorarly	temporary
temporary	temproy	employ
tennis	tennisplayer	(none)
tension	tention	mention
template	teplmate	teammate
terrain	terain	train
terrains	terains	trains
terraform	terfform	perform
terraformed	terfformed	performed
terraforming	terfforming	performing
terraforms	terfforms	performs
terminator	terminater	terminated
terminators	terminaters	terminates
terminating	terminatin	termination
terminates	terminats	terminals
determine	termine	termini
terminated	termined	determined
terminals	terminls	terminus
thermo	termo	term
temporarily	termporarly	temporary
terrorist	territorist	territories
used	tesed	tested
tessellator	tesellator	(none)
tessellating	tesselatin	tesselation
tessellation	tesselation	tesselation
tessellator	tesselator	tesselation
tessellators	tesselators	(none)
tessellator	tessellater	tessellated
tessellators	tessellaters	tessellates
tessellating	tessellatin	tessellation
tessellation	tessleation	tesselation
tessellator	tessleator	(none)
tessellators	tessleators	(none)
tetrahedron	tetrahedran	tetrahedral
retry	tetry	terry
tester	tetser	teaser
testers	tetsers	teasers
textframe	textfrme	texture
textual	texual	sexual
textually	texually	sexually
texture	texure	tenure
textured	texured	tenured
the	tge	tge
than	tha	tha
theirs	thairs	hairs
than	tham	that
thankfully	thankfuly	thankful
than	thant	thant
than	thar	thar
thanks	thasnk	thank
that's	thats'	thats
that's	thats	thats
they	thay	that
thread	theard	heard
threading	thearding	hearing
threads	theards	towards
threaded	theared	sheared
there	theer	their
therefore	thefore	there
their	thei	thei
thief	theif	their
thieves	theifs	theirs
thiem	theim	their
thief	theiv	their
thief	theive	thrive
themselves	themselfe	themself
themselves	themselfs	themself
theoretically	theoreticall	theoretical
theoretically	theoreticaly	theoretical
theoretical	theorical	theatrical
theoretically	theorically	theatrically
there	ther	ther
there's	there'a	theresa
thread	thered	there
theorem	thereom	thereof
there's	theres	there
thermistor	thermisor	thermidor
therefore	therofer	thrower
this	thes	thes
this	thess	thess
test	thest	these
they	thet	the
tether	thether	whether
that's	thets	theta
thieves	theves	themes
they're	theyre	there
the	thi	thi
thank	thiank	think
this	thid	thid
their	thier	thier
tights	thights	thighs
things	thigsn	this
thick	thik	this
thinks	thiks	this
thinks	thinkgs	things
thin	thinn	think
third	thirs	this
thirtieth	thirtyth	thirty
these	thise	thise
them	thme	the
then	thn	the
then	thne	the
those	thoese	these
chthonic	thonic	tonic
those	thos	this
touch	thouch	though
thoughts	thoughs	though
thought	thougt	though
thought	thougth	though
through	thourgh	though
thoroughly	thourghly	(none)
throw	thow	show
toward	thoward	howard
throwing	thowing	showing
thrown	thown	town
throws	thows	shows
type	thpe	the
threaded	thraded	traded
threading	thrading	trading
thralling	thrallin	thrilling
three	thre	the
thread	threah	threat
threaded	threated	treated
thread	thred	three
thrown	throen	throne
thrown	thron	throne
throttling	throtting	trotting
thought	throught	throught
threw	throwed	throwed
throwing	throwin	thrown
through	thrue	three
throughout	thruout	throuout
the	ths	ths
these	thse	the
these	thses	theses
thank	thsnk	think
thanking	thsnking	thinking
thank	thsnkyou	thankyou
the	tht	tht
thus	thuis	this
thorough	thurough	through
thorough	thurrow	throw
further	thurver	thurber
thick	tich	rich
thickness	tichness	richness
tying	tieing	timing
timed	tiemd	tied
timer	tiemr	tier
timers	tiemrs	tiers
tithe	tieth	teeth
trigger	tigger	tiger
triggers	tiggers	tigers
tightly	tighly	highly
think	tihkn	then
tilt	tillt	till
timedelta	timdelta	(none)
timedelta	timedlta	(none)
timed	timeoutted	(none)
time	timeschedule	(none)
type	tipe	time
triple	tiple	title
tripled	tipled	titled
triples	tiples	titles
tripling	tipling	tiling
talking	tlaking	taking
thank	tnank	tank
toxin	tocksen	token
toeing	toein	toxin
toggle	togle	toile
toggled	togled	tolled
toggles	togles	towles
toggling	togling	tooling
toggled	toglled	tolled
toggling	toglling	tolling
token	tolen	stolen
tolerance	toleranz	tolerant
tomato	tomatoe	tomatoes
todo	tood	took
toggle	toogle	google
toggled	toogled	tooled
toggling	toogling	tooling
tomb	toom	took
todo	tooo	took
tools	toos	took
tuesday	toosday	today
teutonic	tootonic	tectonic
topicalizer	topicaizer	(none)
topology	topologie	topologies
torque	tork	work
tolerance	torlence	terence
thorough	torough	through
torpedoes	torpeados	torpedo
torpedoes	torpedos	torpedo
toward	torward	forward
tuesday	tosday	today
totally	totaly	total
rotation	totation	notation
to	tothe	tithe
trouble	touble	double
troubled	toubled	doubled
troubles	toubles	doubles
troubling	toubling	doubling
tightly	toughtly	roughly
tongue	tounge	lounge
tuple	touple	couple
tuples	touples	couples
torch	tourch	touch
towing	towin	town
toxin	toxen	token
toying	toyin	toxin
tracing	tracin	train
trading	tradin	train
tradition	tradion	radio
traditions	tradions	trains
traditionally	traditionaly	traditional
triad	traid	train
triads	traids	trains
triager	traiger	trainer
triagers	traigers	trailers
triaging	traiging	training
trailing	traiing	training
training	trainigs	trainings
training	trainngs	trainings
tracked	traked	traded
tracker	traker	trader
trackers	trakers	traders
tracking	traking	taking
trail	tral	trial
trailed	traled	traded
trailing	traling	trading
trails	trals	trials
trauma	trama	drama
traumas	tramas	dramas
transcodings	trancodings	transcoding
traditional	trandional	(none)
trainers	traners	traders
transition	tranition	tradition
transitions	tranitions	traditions
transmit	tranmist	transit
transmit	tranmit	transit
translation	transaition	transition
translations	transaitions	transactions
translate	transalt	transact
transaction	transation	translation
transactional	transational	transitional
transactions	transations	translations
transaction	transcation	translation
transactional	transcational	transnational
transactions	transcations	translations
transcendental	transcendentational	(none)
transcodings	transcocdings	transcoding
transcoded	transconded	transcended
transcoder	transconder	transponder
transcoders	transconders	transponders
transcoding	transconding	transcending
transcodings	transcondings	transcending
transcodings	transcordings	transcoding
transcribing	transcripting	transcription
transaction	transction	transition
transactional	transctional	transitional
transferred	transferd	transfer
transferable	transferrable	transferrable
transform	transformate	transformative
transforms	transformates	(none)
transforming	transformating	transformation
transformed	transformatted	(none)
transform	transfromate	(none)
transient	transiet	transit
transients	transiets	transits
transceiver	transiver	transfer
transceivers	transivers	transfers
translator	translater	translated
translators	translaters	translates
translating	translatin	translation
transmits	transmist	transmit
transmission	transmition	transition
transmissions	transmitions	transitions
transmission	transmittion	transition
transmissions	transmittions	transitions
transcodings	transocdings	transcoding
transposable	transpable	transaxle
transparent	transpant	transplant
transparencies	transparities	(none)
transparency	transparity	(none)
transparently	transparrenly	transparency
traverser	transverer	transverse
traversers	transverers	transferees
transverse	transvers	transfers
transaction	trascation	translation
transactional	trascational	transnational
transactions	trascations	translations
transition	trasition	tradition
transitional	trasitional	traditional
transitionally	trasitionally	traditionally
transitions	trasitions	traditions
translate	traslalate	(none)
translated	traslalated	(none)
translating	traslalating	(none)
translation	traslalation	(none)
translations	traslalations	(none)
traversal	trasversal	transversal
traverse	trasverse	transverse
traversed	traved	travel
traversed	travered	traveled
traversing	travering	traveling
traversed	travesed	traveled
traversing	travesing	traveling
tree	tre	tre
treated	treadet	treader
treat	treak	break
treat	treate	create
treats	treates	treated
true	trew	crew
triangulator	triagulator	(none)
triangulators	triagulators	(none)
triangulating	triangulatin	triangulation
trigger	triffer	differ
triggering	triffering	differing
triggers	triffers	differs
trigger	triger	tiger
trigger	trigerr	tigers
triggers	trigerrs	tigers
triggers	trigers	tigers
triggered	trigged	trigger
triggered	triggerd	trigger
triggers	triggeres	triggered
triggering	trigging	rigging
trick	trik	trip
tricked	triked	tried
tricks	triks	tries
trilling	trillin	trillion
trimmed	trimed	tried
trimming	triming	timing
trying	tring	bring
strings	trings	things
triptychs	triptickes	(none)
triptych	triptish	british
triptychs	triptishes	(none)
triskaidekaphobia	triscadecafobia	(none)
triskaidekaphobia	triscadecaphobia	(none)
triskaidekaphobia	triscaidecafobia	(none)
triskaidekaphobia	triscaidekafobia	(none)
triskaidekaphobia	triskadecafobia	(none)
triskaidekaphobia	triskadekafobia	(none)
trivial	trival	trial
trivia	trivias	trivial
troglodytical	trogladitical	(none)
troglodytism	trogladitism	(none)
troglodytical	trogliditical	(none)
troglodytism	trogliditism	(none)
troglodytical	trogloditical	(none)
troglodytism	trogloditism	(none)
trolling	troling	tooling
trolling	trollin	rollin
trolleys	trollys	trolls
trousseau	trooso	troops
trousseaux	troosos	troops
trousseau	troosso	troops
trousseaux	troossos	(none)
trotskyist	trotskyite	trotskyite
trotskyists	trotskyites	trotskyite
throttling	trottling	trotting
trotskyist	trotzkyite	trotskyite
trotskyists	trotzkyites	trotskyite
through	trought	brought
troupe	troup	group
troupes	troups	groups
trigger	trriger	tiger
triggers	trrigers	tigers
through	tru	true
trouble	trubble	rubble
struct	truct	trust
structs	tructs	trucks
truly	truelly	cruelly
trudged	trugged	rugged
turn	trun	run
truncating	truncatin	truncation
truncates	truncats	truncate
turns	truns	runs
tries	tryes	trees
trying	tryin	train
tries	trys	try
test	ttesting	testing
the	tthe	tthe
toucan	tucan	tuscan
truncates	tuncates	tunicates
tunneling	tunelling	tunnelling
tongue	tung	sung
tongues	tunges	tunes
tongues	tungs	tunes
tuning	tunin	turin
tuned	tunned	turned
tuning	tunning	running
tuple	tupe	type
tuple	tupel	tupelo
tuples	tupels	tupelo
tuples	tupes	types
tuple	tupple	topple
terrain	turain	train
terrains	turains	trains
turquoise	turcoise	tortoise
true	ture	ture
turquoise	turkoise	turkish
trunk	turnk	turn
tucson	tuscon	tuscon
trust	tust	just
tweak	tweek	week
tweaks	tweeks	weeks
town	twon	two
tuesday	twosday	today
type	tye	the
they	tyhe	the
tries	tyies	types
tying	tyin	twin
typing	tyoing	tying
typecheck	typechek	(none)
typechecking	typecheking	(none)
tuple	typle	type
tuples	typles	types
typo	typoe	type
typos	typoes	types
typographic	typographc	typography
typed	typped	topped
typing	typping	topping
tyranny	tyrany	tyrant
tyranny	tyrrany	tyrant
usability	uability	ability
unable	uable	able
ubuntu	ubutunu	(none)
updated	udated	dated
updated	udateed	dated
updater	udater	dater
updating	udating	dating
undo	udno	udo
undo	udo	udo
use	ue	he
unregister	uegister	register
queries	ueries	series
query	uery	very
yes	ues	use
useful	uesfull	usefull
quest	uest	west
quests	uests	tests
buffer	uffer	offer
buffered	uffered	offered
buffering	uffering	offering
buffers	uffers	offers
upgrade	ugrade	grade
upgrader	ugrader	grader
upgraders	ugraders	graders
upgrades	ugrades	grades
unhandled	uhandled	handled
suite	uite	site
suites	uites	sites
unknown	uknown	known
unknowns	ukowns	towns
unless	uless	less
unlimited	ulimited	limited
alter	ulter	ulster
ultimately	ultimely	untimely
unmark	umark	mark
unmarked	umarked	marked
unable	unabling	enabling
inaccessible	unaccessable	unacceptable
inadvertently	unadvertedly	(none)
unnamed	unamed	named
unassign	unassing	passing
unassigning	unassinging	(none)
unassigns	unassings	gassings
unborn	unborned	unburned
unbound	unboun	unborn
unbounded	unbouned	unbound
unbundled	unbunded	unbounded
unnecessarily	uncessarily	necessarily
unnecessary	uncessary	necessary
uncache	unchache	unchaste
unclear	uncler	uncle
unrecognized	uncognized	recognized
uncomments	uncoments	uncomment
uncomments	uncommments	uncomment
uncompression	uncommpresion	(none)
uncompression	uncommpression	(none)
uncompresses	uncompreses	uncompress
uncompressor	uncompresor	uncompress
uncompressors	uncompresors	uncompress
unconditionally	uncondisionaly	unconditional
unconditionally	uncondisionnaly	(none)
unconditionally	unconditialy	(none)
unconditionally	unconditianaly	unconditional
unconditionally	unconditinaly	unconditional
unconditionally	unconditionaly	unconditional
unconditionally	unconditionnaly	unconditional
unconfigured	unconfiged	unconfined
discomfort	unconfortability	(none)
unconvertible	unconvertable	inconvertible
unconverged	uncoverged	uncovered
unconverted	uncoverted	uncovered
unencrypted	uncrypted	encrypted
undefined	underfiend	undermined
undefined	underfined	undermined
underflow	underfow	undertow
underflowed	underfowed	underfed
underlaid	underlayed	underplayed
underflowed	underlflowed	(none)
underflowed	underlfowed	(none)
underflow	underlow	undertow
underflowed	underlowed	underlined
understandable	undertable	undertake
understood	undertanded	underhanded
underwear	underware	underwire
underwear	undetware	underwire
undefine	undfine	undine
undefines	undfines	undefined
indistinguishable	undistinghable	(none)
undo	undoed	undoes
unorder	undorder	endorser
unearned	uneared	neared
unnecessarily	uneccesarily	(none)
unnecessary	uneccesary	(none)
unnecessarily	uneccessarily	necessarily
unnecessary	uneccessary	necessary
unnecessarily	unecesarily	necessarily
unnecessary	unecesary	necessary
unnecessarily	unecessarily	necessarily
unnecessary	unecessary	necessary
unneeded	uneeded	needed
nonequivalent	unequivalent	inequivalent
under	uner	uner
unnecessarily	unessecarily	(none)
unnecessarily	unessecarrily	(none)
unnecessary	unessecarry	(none)
unnecessary	unessecary	(none)
unexpectedly	unexpectly	unexpected
unexpected	unexpetct	(none)
unexpectedly	unexpetctly	(none)
unexpected	unexpetect	(none)
unexpectedly	unexpetectly	(none)
unflip	unfilp	until
unflipping	unfilpping	unzipping
unflips	unfilps	unfolds
unfortunate	unfourtunet	(none)
unfortunately	unfourtunetly	(none)
ungeneralizable	ungeneralizeable	(none)
unhighlight	unhilight	(none)
unhighlighted	unhilighted	unlighted
unhighlights	unhilights	(none)
unix	unich	munich
eunuch	unick	nick
eunuchs	unicks	nicks
unified	unifed	united
unifies	unifes	unites
unifying	unifing	uniting
uniformly	uniformy	uniform
unilaterally	unilateraly	unilateral
uninform	uninfrom	uniform
uninforms	uninfromes	uninformed
uninforming	uninfroming	uniforming
uninforms	uninfroms	uniforms
uninitialise	uninitalise	uninitialised
uninitialises	uninitalises	uninitialised
uninitialize	uninitalize	uninitialized
uninitializes	uninitalizes	uninitialized
uninitialise	uninitialse	uninitialised
uninitialises	uninitialses	uninitialised
uninitialize	uninitialze	uninitialized
uninitializes	uninitialzes	uninitialized
uninstallations	uninstlalations	uninstallation
unions	unios	union
uniform	unirom	union
uninitialise	unitialise	initialise
uninitialised	unitialised	initialised
uninitialises	unitialises	initialises
uninitialising	unitialising	initialising
uninitialize	unitialize	initialize
uninitialized	unitialized	initialized
uninitializes	unitializes	initializes
uninitializing	unitializing	initializing
uninitialise	unitilise	utilise
uninitialised	unitilised	unutilised
uninitialises	unitilises	utilises
uninitialising	unitilising	utilising
uninitialize	unitilize	utilize
uninitialized	unitilized	unutilized
uninitializes	unitilizes	utilizes
uninitializing	unitilizing	utilizing
utilities	unitilties	(none)
utility	unitilty	(none)
untitled	unitled	united
unknowing	unknowin	unknown
unknown	unkonw	union
unlikely	unlikey	unlike
unlike	unline	online
unmaintained	unmainted	unpainted
unmapping	unmaping	unmaking
unmaximize	unmaximice	(none)
unmergeable	unmergable	(none)
unnecessarily	unneccecarily	(none)
unnecessary	unneccecary	(none)
unnecessarily	unnecessarly	unnecessary
unnecessarily	unneedingly	unnervingly
unnecessarily	unnessasarily	(none)
unnecessary	unnessasary	(none)
unnecessarily	unnessecarily	(none)
unnecessarily	unnessecarrily	(none)
unnecessary	unnessecarry	(none)
unnecessary	unnessecary	(none)
unicode	unocde	uncle
nonoperational	unoperational	operational
unoptimize	unoptimice	unoptimized
unnoticeable	unoticeable	noticeable
unperturbed	unpertubated	(none)
displease	unplease	please
imprecise	unprecise	precise
improbable	unprobable	unprovable
improbably	unprobably	probably
unquotes	unqoutes	unquote
unquoting	unqouting	(none)
unquoting	unquotin	unquote
unquotes	unquottes	unquote
unquoting	unquotting	(none)
unregistered	unregisted	unregister
unregistering	unregisteing	unresisting
unregisters	unregisteres	unregistered
unregistered	unregistert	unregister
unregisters	unregistes	unregister
unregistering	unregisting	unresisting
unregisters	unregistrs	unregister
unregisters	unregiters	unregister
unregistering	unregsitering	(none)
unregisters	unregsiters	unregister
unregistering	unregstering	(none)
unregisters	unregsters	unregister
unregistering	unreigstering	(none)
unregisters	unreigsters	unregister
unrelated	unreleated	unreleased
unreproducible	unreprociblbe	(none)
unregisters	unresgisters	unregister
unrotated	unroated	unrated
unusable	unsable	unable
unsafe	unsage	usage
unsaved	unsaged	uncaged
unstaging	unsaging	engaging
subscribe	unscubscribe	unsubscribe
subscribed	unscubscribed	unsubscribed
unused	unsed	used
useless	unseful	useful
unselects	unselctes	unselected
unselecting	unselcting	unseating
unselects	unselcts	insects
unselects	unselecgtes	unselected
unselecting	unselecgting	(none)
unselects	unselecgts	unselect
unset	unseted	unseated
unsetting	unseting	unseating
unset	unsetset	(none)
unset	unsetted	unsettled
unshifting	unshfiting	(none)
unshifts	unshfits	unshift
unspecific	unspecifiec	unspecified
unspecified	unspefeid	(none)
unspecified	unspeficed	(none)
unspecified	unspeficeid	(none)
unspecified	unspeficialleid	(none)
unspecified	unspeficiallied	(none)
unspecified	unspeficiallifed	(none)
unspecified	unspeficieid	(none)
unspecified	unspeficifed	(none)
unspecified	unspeficifeid	(none)
unspecified	unspeficififed	(none)
unspecified	unspeficiied	(none)
unspecified	unspeficiifed	(none)
unspecified	unspeficilleid	(none)
unspecified	unspeficillied	(none)
unspecified	unspeficillifed	(none)
unspecified	unspeficiteid	(none)
unspecified	unspeficitied	(none)
unspecified	unspeficitifed	(none)
unspecified	unspefiifeid	(none)
unspecified	unspefiififed	(none)
unspecified	unspefixeid	(none)
unspecified	unspefixifed	(none)
installs	unstalles	installed
unusable	unsuable	unstable
unsubscriptions	unsubcriptions	unsubscription
unsubscriptions	unsubscirptions	unsubscription
unsubscriptions	unsubscritpions	unsubscription
unsubscriptions	unsubscritpitons	(none)
unsubscriptions	unsubscritptions	unsubscription
unsuccessful	unsuccee	(none)
unsuccessful	unsucceed	succeed
unsuccessful	unsucceedde	(none)
unsuccessful	unsucceeded	succeeded
unsuccessful	unsucceeds	succeeds
unsuccessful	unsucceeed	(none)
unsuccessful	unsuccees	(none)
unsuccessful	unsuccess	success
unsuccessful	unsucesfull	(none)
unsuccessfully	unsucesfuly	(none)
unsuccessfully	unsucessfuly	unsuccessful
unsuccessful	unsucesssfull	(none)
unsuccessfully	unsucesssfuly	(none)
unsuccessful	unsucessufll	(none)
unsupported	unsupport	support
unsuppress	unsupress	(none)
unsuppresses	unsupresses	unsuppressed
unsynchronise	unsychronise	unsynchronised
unsynchronize	unsychronize	unsynchronized
unqueue	untqueue	enqueue
untransform	untrasform	(none)
unintuitive	untuitive	intuitive
unintuitively	untuitively	intuitively
useless	unuseful	useful
unversioned	unversionned	(none)
unversioned	unversoned	unseasoned
unix	unx	una
unpack	upack	pack
unpacked	upacked	packed
unpacking	upacking	packing
unpacks	upacks	packs
updater	updatr	update
updaters	updatrs	updates
updates	updats	update
upgrade	updrage	update
upgraded	updraged	updated
upgrades	updrages	updates
upper	uper	per
upperclass	uperclass	superclass
upgrade	upgarte	update
upgraded	upgarted	updated
upgrades	upgartes	updates
upgrade	upgradde	upgraded
upgrade	upgradei	upgraded
upload	uplad	upland
upload	upladad	uploaded
uploads	uplads	uplands
upload	uplaod	upland
upload	uplaodad	uploaded
uploads	uplaodes	uploaded
uploads	uplaods	uplands
upload	uploade	uploaded
uploads	uploades	uploaded
upload	uploaed	uploaded
upstreamer	uppstreamer	upstreamed
upstreamer	upsreamer	upstreamed
upstreamer	upsrteamer	upstreamed
upstreamer	upsteamer	steamer
upstreamer	upsteramer	upstreamed
upstreamer	upstreammer	upstreamed
upstreamer	upstreemer	upstreamed
updatable	uptadeable	upgradeable
upstreamer	uptreamer	streamer
sure	ure	are
urllib	urrlib	uralic
unscaled	uscaled	scaled
usable	useable	useable
use	useanother	(none)
useful	usefulfor	(none)
useful	usefull	usefull
usefully	usefuly	useful
user	useg	used
user	usere	users
user	userr	users
useful	usesfull	usefull
unsigned	usigned	signed
using	usinging	singing
user	usre	use
users	usres	uses
usual	ussuall	usually
unsupported	usupported	supported
utilities	utilies	utilizes
utilise	utilitise	utilities
utilises	utilitises	utilities
utilize	utilitize	utilities
utilizes	utilitizes	utilities
until	utill	still
vaccinating	vaccinatin	vaccination
vacuum	vaccume	vaccine
vector	vactor	actor
vectors	vactors	actors
vacuum	vacume	value
vacuums	vacumes	values
vacuums	vacummes	vacuoles
variation	vaiation	aviation
valid	vaid	said
validation	valdation	valuation
validations	valdations	valuations
valeting	valetin	valentin
variable	valiable	valuable
validation	valiation	variation
validations	valiations	variations
validator	validater	validated
validaterelease	validaterelase	(none)
validators	validaters	validates
validations	validatins	validating
validator	validatior	validation
validations	validatons	validators
validating	validing	avoiding
validation	validion	validity
valet	vallay	valley
valeted	vallayed	allayed
valeting	vallaying	allaying
valets	vallays	valleys
valleys	vallies	allies
valid	valud	value
validation	valudation	valuation
validations	valudations	valuations
volume	valume	value
volumes	valumes	values
values	valus	value
values	valuse	value
variables	variabls	variable
variants	varians	variant
variable	varibel	maribel
variables	varibels	varies
variable	varilue	various
variables	varilues	various
warn	varn	van
warned	varned	earned
warning	varning	earning
warnings	varnings	earnings
cart	vart	part
carts	varts	arts
was	vas	vas
vassal	vasall	basal
valuing	vauling	hauling
valve	vavle	vale
vaudevillian	vawdvillean	(none)
vehement	veamant	vermont
vehemently	veamantly	adamantly
video	vedio	vedic
verify	vefiry	very
vegetarian	vegetarion	vegetation
vegetarian	vegitarion	vegetation
vehicle	vehical	vesical
vendor	vender	gender
ventilating	ventilatin	ventilation
vignette	venyet	venue
vignettes	venyets	venues
variegated	veragated	derogated
verbiage	verbage	herbage
verbose	verbous	various
verbosely	verbously	seriously
verbose	verbse	verse
virtue	verchew	perched
virtues	verchews	perches
variegated	veregated	relegated
verifier	verfier	vernier
verifies	verfires	vertices
verify	verfy	very
variation	veriasion	version
variations	veriasions	versions
verification	verication	variation
verifications	verications	variations
verify	verifie	verified
variegated	verigated	irrigated
versioners	verisoners	prisoners
versionadded	versionaddded	(none)
versions	versios	version
versatile	versital	vertical
vertebraes	vertabraes	vertebrae
vertebraes	vertabrays	(none)
vertices	vertextes	vertexes
vertices	vertexts	vertexes
vertically	verticaly	vertical
verticalalign	verticlealign	(none)
vertex	vertiece	vertices
verification	vertification	certification
verifications	vertifications	certifications
verifying	veryfieng	(none)
vertices	vetexes	vertexes
veterinarians	vetinarians	seminarians
vetoed	vetod	veto
vectored	vetored	vetoed
view	vew	new
viewer	vewer	fewer
views	vews	news
vexing	vexin	vein
vibrator	vibrater	vibrate
vibrators	vibraters	vibrates
viewtransformation	viewtransfromation	(none)
vigueur	vigeur	vigour
villain	villan	villa
villi	villin	violin
vignette	vinyet	vincent
vignettes	vinyets	vines
violating	violatin	violation
virtualise	virtaulise	virtualize
virtualises	virtaulises	virtualizes
virtualising	virtaulising	virtualizing
virtually	virtualy	virtual
virtual	virual	visual
virtualisation	virualisation	visualisation
virtualise	virualise	visualise
virtualised	virualised	visualised
virtualises	virualises	visualises
virtualising	virualising	visualising
virtualization	virualization	visualization
virtualize	virualize	visualize
virtualized	virualized	visualized
virtualizes	virualizes	visualizes
virtualizing	virualizing	visualizing
virtualise	virutalise	visualise
visibility	visability	disability
visible	visable	visable
vitiate	visheate	(none)
vitiation	visheation	visitation
vitiator	visheator	(none)
vitiators	visheators	(none)
vicious	vishus	virus
viciously	vishusly	(none)
visibly	visibiliy	visibility
visible	visibleable	(none)
vicious	visious	visions
visitor	visiter	visited
visit	vist	list
visited	visted	listed
visitor	vistor	victor
visits	vists	lists
visual	visuable	visable
visually	visualy	visual
virtual	vitual	visual
virtualisation	vitualisation	visualisation
virtualise	vitualise	visualise
virtualised	vitualised	visualised
virtualises	vitualises	visualises
virtualising	vitualising	visualising
virtualization	vitualization	visualization
virtualize	vitualize	visualize
virtualized	vitualized	visualized
virtualizes	vitualizes	visualizes
virtualizing	vitualizing	visualizing
visuals	vituals	rituals
clone	vlone	alone
value	vlue	blue
volatile	volital	vital
volatile	volitale	voltage
voxels	voxes	votes
variety	vreity	verity
virtualise	vritualise	visualise
vulnerable	vulbearabule	(none)
vulnerabilities	vulbearbuilities	(none)
vulnerability	vulbearbuility	(none)
vulnerability	vulberabilility	(none)
vulnerability	vulberabilitie	vulnerabilities
vulnerability	vulberabuilility	(none)
vulnerabilities	vulberabuilites	(none)
vulnerability	vulberabuiliti	(none)
vulnerability	vulberabuilitie	(none)
vulnerabilities	vulberabuilitis	(none)
vulnerability	vulberabuilitiy	(none)
vulnerabilities	vulberabuillities	(none)
vulnerability	vulberabuillity	(none)
vulnerabilities	vulberabuilties	(none)
vulnerability	vulberabuilty	(none)
vulnerability	vulberabulility	(none)
vulnerabilities	vulberbuilities	(none)
vulnerability	vulberbuility	(none)
vulnerabilities	vulnerabilies	vulnerability
vulnerability	vulnerabilitie	vulnerabilities
vulnerability	vulnerabilitiesy	vulnerabilities
vulnerability	vulnerabilityies	vulnerabilities
vulnerability	vulnerabuilility	(none)
vulnerability	vulnerabuilitie	vulnerabilities
vulnerable	vunrable	unable
very	vyer	ver
very	vyre	tyre
waiting	wainting	painting
wakeups	wakeus	wakes
waking	wakin	akin
walking	walkin	walkin
wall	wallthickness	(none)
want	wantto	wanted
wrapped	wapped	capped
wrapper	wapper	rapper
wrappers	wappers	rappers
wrapping	wapping	mapping
warranty	warantee	warrantee
warning	waring	waring
warning	warinig	waring
warnings	warnins	warning
warnings	warninsg	warning
wrapping	warppring	warring
wraps	warpprs	harpers
wraps	warpps	warps
warrant	warrent	warren
warn	warrn	warren
wasn't	was'nt	want
wasn't	was't	wast
wasn't	wasn	was
wasn't	wasnt'	want
wasn't	wasnt	want
watch	wath	with
whats	waths	watts
waiting	wating	wating
wavelines	wavelnes	wavelet
width	wdith	with
want	weant	went
weaponry	weaponaries	(none)
wearing	wearin	wearin
warn	wearn	learn
warned	wearned	earned
warning	wearning	learning
warnings	wearnings	earnings
warns	wearns	learns
web	webaserver	(none)
weave	weev	week
weaves	weeves	reeves
wedge	wege	were
where	wehre	were
weighted	weigthed	weighed
wield	weild	wild
wielded	weilded	welded
will	weill	weill
weight	weith	with
well	wellplate	(none)
well	wellplates	(none)
whelp	welp	well
wednesday	wendsay	lindsay
weren't	were'nt	(none)
weren't	werent	were
very	wery	were
weather	wether	wether
we	wew	new
weasel	wezzal	weal
weasels	wezzals	(none)
want	whan	when
want	whant	what
when	whe	whe
weather	wheather	whether
weight	wheight	height
weights	wheights	heights
wheel	whell	well
went	whent	when
where	wher	her
wherever	whever	whoever
which's	whichs	which
whether	whiher	whiter
will	whill	while
whipped	whiped	wiped
this	whis	his
wish	whish	whish
with	whithe	white
within	whitin	whiting
without	whitout	whiteout
when	whn	who
who	whoknows	(none)
wholly	wholey	whole
wholly	wholy	whole
whose	whos	whos
where	whre	were
wait	wiat	what
vice	wice	wife
which	wich	with
widget	widged	winged
widthpoint	widhtpoint	(none)
widthpoints	widhtpoints	(none)
view	wieh	with
width	wieth	with
weighed	wighed	wished
weighting	wighting	fighting
with	wih	wih
will	wil	wil
wildcard	wilcard	willard
will	wilh	with
womanly	wimmenly	(none)
women	wimmens	simmons
window	windo	wind
with	wirh	wirh
whistle	wiscle	circle
whistled	wiscled	wished
whistles	wiscles	circles
whistling	wiscling	willing
whistle	wissle	issue
whistled	wissled	issued
whistles	wissles	issues
whistling	wissling	missing
width	witdh	with
write	wite	wite
withdrawal	withdrawl	withdrawn
withheld	witholded	(none)
without	withough	although
with	withthe	withe
wouldn't	wiuldn't	wouldnt
will	wll	all
will	wlll	well
want	wnat	what
wouldn't	woildn't	wouldnt
woman's	womans	woman
women's	womens	women
wonderful	wonderfull	wonderfull
won't	wont't	wont
workbenches	workbanchs	workbench
workbenches	workbenchs	workbench
workbooks	workboos	workbook
worked	workd	world
works	workes	worked
workspace	workpsace	workplace
workspaces	workpsaces	workplaces
worrying	worring	working
worse	wors	work
worse	worser	worser
worth	worthing	northing
worth	woth	with
wouldn't	woudn't	wouldnt
wouldn't	would'nt	wouldnt
wouldn't	would't	wouldst
wouldn't	woulden't	wouldnt
wouldn't	wouldent	wouldnt
wouldn't	wouldnt'	wouldnt
wouldn't	wouldnt	wouldnt
wouldn't	wouln't	wouldst
wouldn't	woulnd't	wouldst
wrapper	wraper	draper
wrestle	wressel	vessel
wrestles	wressels	vessels
writebuffer	writebufer	(none)
writecheque	writechetque	(none)
wrote	writed	writer
writes	writet	writer
writhing	writhin	within
write	writte	written
writer	writter	written
wrong	wron	won
wrong	wront	front
worse	wrose	wrote
write	wrte	wrote
writhe	wryth	wrath
ways	wyas	was
xenophobia	xenophoby	xenophobe
xgettext	xgetttext	gettext
xinitialize	xinitiazlize	initialize
xmodel	xmdoel	model
your	xour	four
x	xwindows	windows
yacht	yatch	yatch
yachting	yatching	watching
yachts	yatchs	yatch
year	yearm	years
yield	yeld	held
yielding	yelding	welding
years	yersa	versa
thank	yhank	hank
the	yhe	yhe
yeoman	yoman	woman
yeomen	yomen	women
yacht	yot	not
euphoric	youforic	(none)
euphorically	youforically	(none)
eulogy	youlogy	zoology
your	youn	youn
yourself	youseff	yousef
euthanasia	youthinasia	(none)
year	yrea	area
yes	yse	use
euphoric	yuforic	(none)
euphorically	yuforically	(none)
your	yur	our
czar	zar	war
czars	zars	cars
zephyr	zefer	refer
zephyrs	zefers	refers
zeroing	zeroin	heroin
zipmap	zimmap	bitmap
zipmaps	zimmaps	bitmaps
zipmap	zimpap	zilpah
zipmaps	zimpaps	(none)
zinc	zink	link
zipped	ziped	wiped
zipper	ziper	piper
zippers	zipers	vipers
zipping	ziping	piping
zipping	zippin	pippin
size	zise	rise
slot	zlot	lot
zucchinis	zoocheenei	(none)
zucchini	zoocheeni	(none)
zucchinis	zoocheinei	(none)
zucchini	zoocheini	(none)
zucchini	zookeenee	zookeeper
zucchinis	zookeenees	zookeepers
zucchinis	zookeenei	zookeeper
zucchini	zookeeni	(none)
zucchini	zookeinee	(none)
zucchinis	zookeinees	(none)
zucchinis	zookeinei	(none)
zucchini	zookeini	(none)
zucchinis	zucheenei	(none)
zucchini	zucheeni	(none)
zucchini	zukeenee	(none)
zucchinis	zukeenees	(none)
zucchinis	zukeenei	(none)
zucchini	zukeeni	(none)
container	сontainor	(none)
containers	сontainors	(none)
